Archive member included to satisfy reference by file (symbol)

E:/VSCODE_TOOL/arm-gnu-toolchain-14.2.rel1-mingw-w64-i686-arm-none-eabi/bin/../lib/gcc/arm-none-eabi/14.2.1/thumb/v7e-m+fp/hard\libc_nano.a(libc_a-exit.o)
                              E:/VSCODE_TOOL/arm-gnu-toolchain-14.2.rel1-mingw-w64-i686-arm-none-eabi/bin/../lib/gcc/arm-none-eabi/14.2.1/thumb/v7e-m+fp/hard/crt0.o (exit)
E:/VSCODE_TOOL/arm-gnu-toolchain-14.2.rel1-mingw-w64-i686-arm-none-eabi/bin/../lib/gcc/arm-none-eabi/14.2.1/thumb/v7e-m+fp/hard\libc_nano.a(libc_a-findfp.o)
                              E:/VSCODE_TOOL/arm-gnu-toolchain-14.2.rel1-mingw-w64-i686-arm-none-eabi/bin/../lib/gcc/arm-none-eabi/14.2.1/thumb/v7e-m+fp/hard\libc_nano.a(libc_a-exit.o) (__stdio_exit_handler)
E:/VSCODE_TOOL/arm-gnu-toolchain-14.2.rel1-mingw-w64-i686-arm-none-eabi/bin/../lib/gcc/arm-none-eabi/14.2.1/thumb/v7e-m+fp/hard\libc_nano.a(libc_a-fwalk.o)
                              E:/VSCODE_TOOL/arm-gnu-toolchain-14.2.rel1-mingw-w64-i686-arm-none-eabi/bin/../lib/gcc/arm-none-eabi/14.2.1/thumb/v7e-m+fp/hard\libc_nano.a(libc_a-findfp.o) (_fwalk_sglue)
E:/VSCODE_TOOL/arm-gnu-toolchain-14.2.rel1-mingw-w64-i686-arm-none-eabi/bin/../lib/gcc/arm-none-eabi/14.2.1/thumb/v7e-m+fp/hard\libc_nano.a(libc_a-stdio.o)
                              E:/VSCODE_TOOL/arm-gnu-toolchain-14.2.rel1-mingw-w64-i686-arm-none-eabi/bin/../lib/gcc/arm-none-eabi/14.2.1/thumb/v7e-m+fp/hard\libc_nano.a(libc_a-findfp.o) (__sread)
E:/VSCODE_TOOL/arm-gnu-toolchain-14.2.rel1-mingw-w64-i686-arm-none-eabi/bin/../lib/gcc/arm-none-eabi/14.2.1/thumb/v7e-m+fp/hard\libc_nano.a(libc_a-memset.o)
                              E:/VSCODE_TOOL/arm-gnu-toolchain-14.2.rel1-mingw-w64-i686-arm-none-eabi/bin/../lib/gcc/arm-none-eabi/14.2.1/thumb/v7e-m+fp/hard/crt0.o (memset)
E:/VSCODE_TOOL/arm-gnu-toolchain-14.2.rel1-mingw-w64-i686-arm-none-eabi/bin/../lib/gcc/arm-none-eabi/14.2.1/thumb/v7e-m+fp/hard\libc_nano.a(libc_a-closer.o)
                              E:/VSCODE_TOOL/arm-gnu-toolchain-14.2.rel1-mingw-w64-i686-arm-none-eabi/bin/../lib/gcc/arm-none-eabi/14.2.1/thumb/v7e-m+fp/hard\libc_nano.a(libc_a-stdio.o) (_close_r)
E:/VSCODE_TOOL/arm-gnu-toolchain-14.2.rel1-mingw-w64-i686-arm-none-eabi/bin/../lib/gcc/arm-none-eabi/14.2.1/thumb/v7e-m+fp/hard\libc_nano.a(libc_a-reent.o)
                              E:/VSCODE_TOOL/arm-gnu-toolchain-14.2.rel1-mingw-w64-i686-arm-none-eabi/bin/../lib/gcc/arm-none-eabi/14.2.1/thumb/v7e-m+fp/hard\libc_nano.a(libc_a-closer.o) (errno)
E:/VSCODE_TOOL/arm-gnu-toolchain-14.2.rel1-mingw-w64-i686-arm-none-eabi/bin/../lib/gcc/arm-none-eabi/14.2.1/thumb/v7e-m+fp/hard\libc_nano.a(libc_a-impure.o)
                              E:/VSCODE_TOOL/arm-gnu-toolchain-14.2.rel1-mingw-w64-i686-arm-none-eabi/bin/../lib/gcc/arm-none-eabi/14.2.1/thumb/v7e-m+fp/hard\libc_nano.a(libc_a-reent.o) (_impure_ptr)
E:/VSCODE_TOOL/arm-gnu-toolchain-14.2.rel1-mingw-w64-i686-arm-none-eabi/bin/../lib/gcc/arm-none-eabi/14.2.1/thumb/v7e-m+fp/hard\libc_nano.a(libc_a-lseekr.o)
                              E:/VSCODE_TOOL/arm-gnu-toolchain-14.2.rel1-mingw-w64-i686-arm-none-eabi/bin/../lib/gcc/arm-none-eabi/14.2.1/thumb/v7e-m+fp/hard\libc_nano.a(libc_a-stdio.o) (_lseek_r)
E:/VSCODE_TOOL/arm-gnu-toolchain-14.2.rel1-mingw-w64-i686-arm-none-eabi/bin/../lib/gcc/arm-none-eabi/14.2.1/thumb/v7e-m+fp/hard\libc_nano.a(libc_a-readr.o)
                              E:/VSCODE_TOOL/arm-gnu-toolchain-14.2.rel1-mingw-w64-i686-arm-none-eabi/bin/../lib/gcc/arm-none-eabi/14.2.1/thumb/v7e-m+fp/hard\libc_nano.a(libc_a-stdio.o) (_read_r)
E:/VSCODE_TOOL/arm-gnu-toolchain-14.2.rel1-mingw-w64-i686-arm-none-eabi/bin/../lib/gcc/arm-none-eabi/14.2.1/thumb/v7e-m+fp/hard\libc_nano.a(libc_a-writer.o)
                              E:/VSCODE_TOOL/arm-gnu-toolchain-14.2.rel1-mingw-w64-i686-arm-none-eabi/bin/../lib/gcc/arm-none-eabi/14.2.1/thumb/v7e-m+fp/hard\libc_nano.a(libc_a-stdio.o) (_write_r)
E:/VSCODE_TOOL/arm-gnu-toolchain-14.2.rel1-mingw-w64-i686-arm-none-eabi/bin/../lib/gcc/arm-none-eabi/14.2.1/thumb/v7e-m+fp/hard\libc_nano.a(libc_a-errno.o)
                              build/sysmem.o (__errno)
E:/VSCODE_TOOL/arm-gnu-toolchain-14.2.rel1-mingw-w64-i686-arm-none-eabi/bin/../lib/gcc/arm-none-eabi/14.2.1/thumb/v7e-m+fp/hard\libc_nano.a(libc_a-init.o)
                              E:/VSCODE_TOOL/arm-gnu-toolchain-14.2.rel1-mingw-w64-i686-arm-none-eabi/bin/../lib/gcc/arm-none-eabi/14.2.1/thumb/v7e-m+fp/hard/crt0.o (__libc_init_array)
E:/VSCODE_TOOL/arm-gnu-toolchain-14.2.rel1-mingw-w64-i686-arm-none-eabi/bin/../lib/gcc/arm-none-eabi/14.2.1/thumb/v7e-m+fp/hard\libc_nano.a(libc_a-lock.o)
                              E:/VSCODE_TOOL/arm-gnu-toolchain-14.2.rel1-mingw-w64-i686-arm-none-eabi/bin/../lib/gcc/arm-none-eabi/14.2.1/thumb/v7e-m+fp/hard\libc_nano.a(libc_a-findfp.o) (__retarget_lock_init_recursive)
[...]
Memory Configuration

Name             Origin             Length             Attributes
RAM              0x20000000         0x00008000         xrw
FLASH            0x08000000         0x0001c000         xr
*default*        0x00000000         0xffffffff

Linker script and memory map

LOAD E:/VSCODE_TOOL/arm-gnu-toolchain-14.2.rel1-mingw-w64-i686-arm-none-eabi/bin/../lib/gcc/arm-none-eabi/14.2.1/thumb/v7e-m+fp/hard/crti.o
LOAD E:/VSCODE_TOOL/arm-gnu-toolchain-14.2.rel1-mingw-w64-i686-arm-none-eabi/bin/../lib/gcc/arm-none-eabi/14.2.1/thumb/v7e-m+fp/hard/crtbegin.o
LOAD E:/VSCODE_TOOL/arm-gnu-toolchain-14.2.rel1-mingw-w64-i686-arm-none-eabi/bin/../lib/gcc/arm-none-eabi/14.2.1/thumb/v7e-m+fp/hard/crt0.o
LOAD build/main.o
LOAD build/gpio.o
LOAD build/app_freertos.o
LOAD build/adc.o
LOAD build/dma.o
LOAD build/spi.o
LOAD build/tim.o
LOAD build/usart.o
LOAD build/stm32g4xx_it.o
LOAD build/stm32g4xx_hal_msp.o
LOAD build/stm32g4xx_hal_timebase_tim.o
LOAD build/stm32g4xx_hal_adc.o
LOAD build/stm32g4xx_hal_adc_ex.o
LOAD build/stm32g4xx_ll_adc.o
LOAD build/stm32g4xx_hal.o
LOAD build/stm32g4xx_hal_rcc.o
LOAD build/stm32g4xx_hal_rcc_ex.o
LOAD build/stm32g4xx_hal_flash.o
LOAD build/stm32g4xx_hal_flash_ex.o
LOAD build/stm32g4xx_hal_flash_ramfunc.o
LOAD build/stm32g4xx_hal_gpio.o
LOAD build/stm32g4xx_hal_exti.o
LOAD build/stm32g4xx_hal_dma.o
LOAD build/stm32g4xx_hal_dma_ex.o
LOAD build/stm32g4xx_hal_pwr.o
LOAD build/stm32g4xx_hal_pwr_ex.o
LOAD build/stm32g4xx_hal_cortex.o
LOAD build/stm32g4xx_hal_spi.o
LOAD build/stm32g4xx_hal_spi_ex.o
LOAD build/stm32g4xx_hal_tim.o
LOAD build/stm32g4xx_hal_tim_ex.o
LOAD build/stm32g4xx_hal_uart.o
LOAD build/stm32g4xx_hal_uart_ex.o
LOAD build/system_stm32g4xx.o
LOAD build/croutine.o
LOAD build/event_groups.o
LOAD build/list.o
LOAD build/queue.o
LOAD build/stream_buffer.o
LOAD build/tasks.o
LOAD build/timers.o
LOAD build/cmsis_os.o
LOAD build/heap_4.o
LOAD build/port.o
LOAD build/sysmem.o
LOAD build/syscalls.o
LOAD build/startup_stm32g431xx.o
LOAD E:/VSCODE_TOOL/arm-gnu-toolchain-14.2.rel1-mingw-w64-i686-arm-none-eabi/bin/../lib/gcc/arm-none-eabi/14.2.1/thumb/v7e-m+fp/hard\libc_nano.a
LOAD E:/VSCODE_TOOL/arm-gnu-toolchain-14.2.rel1-mingw-w64-i686-arm-none-eabi/bin/../lib/gcc/arm-none-eabi/14.2.1/thumb/v7e-m+fp/hard\libm.a
LOAD E:/VSCODE_TOOL/arm-gnu-toolchain-14.2.rel1-mingw-w64-i686-arm-none-eabi/bin/../lib/gcc/arm-none-eabi/14.2.1/thumb/v7e-m+fp/hard\libnosys.a
START GROUP
LOAD E:/VSCODE_TOOL/arm-gnu-toolchain-14.2.rel1-mingw-w64-i686-arm-none-eabi/bin/../lib/gcc/arm-none-eabi/14.2.1/thumb/v7e-m+fp/hard\libgcc.a
LOAD E:/VSCODE_TOOL/arm-gnu-toolchain-14.2.rel1-mingw-w64-i686-arm-none-eabi/bin/../lib/gcc/arm-none-eabi/14.2.1/thumb/v7e-m+fp/hard\libc_nano.a
END GROUP
START GROUP
LOAD E:/VSCODE_TOOL/arm-gnu-toolchain-14.2.rel1-mingw-w64-i686-arm-none-eabi/bin/../lib/gcc/arm-none-eabi/14.2.1/thumb/v7e-m+fp/hard\libgcc.a
LOAD E:/VSCODE_TOOL/arm-gnu-toolchain-14.2.rel1-mingw-w64-i686-arm-none-eabi/bin/../lib/gcc/arm-none-eabi/14.2.1/thumb/v7e-m+fp/hard\libc_nano.a
END GROUP
LOAD E:/VSCODE_TOOL/arm-gnu-toolchain-14.2.rel1-mingw-w64-i686-arm-none-eabi/bin/../lib/gcc/arm-none-eabi/14.2.1/thumb/v7e-m+fp/hard/crtend.o
LOAD E:/VSCODE_TOOL/arm-gnu-toolchain-14.2.rel1-mingw-w64-i686-arm-none-eabi/bin/../lib/gcc/arm-none-eabi/14.2.1/thumb/v7e-m+fp/hard/crtn.o
                0x20008000                        _estack = (ORIGIN (RAM) + LENGTH (RAM))
                0x00000200                        _Min_Heap_Size = 0x200
                0x00000400                        _Min_Stack_Size = 0x400

.isr_vector     0x08000000      0x1d8
                0x08000000                        . = ALIGN (0x4)
 *(.isr_vector)
 .isr_vector    0x08000000      0x1d8 build/startup_stm32g431xx.o
                0x08000000                g_pfnVectors
                0x080001d8                        . = ALIGN (0x4)

.text           0x080001e0     0x5378
                0x080001e0                        . = ALIGN (0x4)
 *(.text)
 .text          0x080001e0       0x30 E:/VSCODE_TOOL/arm-gnu-toolchain-14.2.rel1-mingw-w64-i686-arm-none-eabi/bin/../lib/gcc/arm-none-eabi/14.2.1/thumb/v7e-m+fp/hard\libgcc.a(_aeabi_uldivmod.o)
                0x080001e0                __aeabi_uldivmod
 .text          0x08000210        0x4 E:/VSCODE_TOOL/arm-gnu-toolchain-14.2.rel1-mingw-w64-i686-arm-none-eabi/bin/../lib/gcc/arm-none-eabi/14.2.1/thumb/v7e-m+fp/hard\libgcc.a(_dvmd_tls.o)
                0x08000210                __aeabi_idiv0
                0x08000210                __aeabi_ldiv0
 *(.text*)
 .text.deregister_tm_clones
                0x08000214       0x1c E:/VSCODE_TOOL/arm-gnu-toolchain-14.2.rel1-mingw-w64-i686-arm-none-eabi/bin/../lib/gcc/arm-none-eabi/14.2.1/thumb/v7e-m+fp/hard/crtbegin.o
 .text.register_tm_clones
                0x08000230       0x24 E:/VSCODE_TOOL/arm-gnu-toolchain-14.2.rel1-mingw-w64-i686-arm-none-eabi/bin/../lib/gcc/arm-none-eabi/14.2.1/thumb/v7e-m+fp/hard/crtbegin.o
 .text.__do_global_dtors_aux
                0x08000254       0x28 E:/VSCODE_TOOL/arm-gnu-toolchain-14.2.rel1-mingw-w64-i686-arm-none-eabi/bin/../lib/gcc/arm-none-eabi/14.2.1/thumb/v7e-m+fp/hard/crtbegin.o
 .text.frame_dummy
                0x0800027c       0x24 E:/VSCODE_TOOL/arm-gnu-toolchain-14.2.rel1-mingw-w64-i686-arm-none-eabi/bin/../lib/gcc/arm-none-eabi/14.2.1/thumb/v7e-m+fp/hard/crtbegin.o
 .text.HAL_TIM_PeriodElapsedCallback
                0x080002a0       0x18 build/main.o
                0x080002a0                HAL_TIM_PeriodElapsedCallback
 .text.Error_Handler
                0x080002b8        0x4 build/main.o
                0x080002b8                Error_Handler
 .text.SystemClock_Config
                0x080002bc       0x6e build/main.o
                0x080002bc                SystemClock_Config
 .text.main     0x0800032a       0x3c build/main.o
                0x0800032a                main
 *fill*         0x08000366        0x2 
 .text.MX_GPIO_Init
                0x08000368       0xe4 build/gpio.o
                0x08000368                MX_GPIO_Init
 .text.StartDefaultTask
                0x0800044c        0xa build/app_freertos.o
                0x0800044c                StartDefaultTask
 .text.LcdShow_02
                0x08000456        0xa build/app_freertos.o
                0x08000456                LcdShow_02
 .text.Send_Rec_msg_03
                0x08000460        0xa build/app_freertos.o
                0x08000460                Send_Rec_msg_03
 *fill*         0x0800046a        0x2 
 .text.MX_FREERTOS_Init
                0x0800046c       0x98 build/app_freertos.o
                0x0800046c                MX_FREERTOS_Init
 .text.MX_ADC1_Init
                0x08000504       0xdc build/adc.o
                0x08000504                MX_ADC1_Init
 .text.HAL_ADC_MspInit
                0x080005e0       0xf0 build/adc.o
                0x080005e0                HAL_ADC_MspInit
 .text.MX_DMA_Init
                0x080006d0       0x74 build/dma.o
                0x080006d0                MX_DMA_Init
 .text.MX_SPI1_Init
                0x08000744       0x54 build/spi.o
                0x08000744                MX_SPI1_Init
 .text.MX_SPI2_Init
                0x08000798       0x50 build/spi.o
                0x08000798                MX_SPI2_Init
 .text.HAL_SPI_MspInit
                0x080007e8       0xb8 build/spi.o
                0x080007e8                HAL_SPI_MspInit
 .text.MX_TIM7_Init
                0x080008a0       0x50 build/tim.o
                0x080008a0                MX_TIM7_Init
 .text.HAL_TIM_PWM_MspInit
                0x080008f0       0x4c build/tim.o
                0x080008f0                HAL_TIM_PWM_MspInit
 .text.HAL_TIM_Base_MspInit
                0x0800093c       0x40 build/tim.o
                0x0800093c                HAL_TIM_Base_MspInit
 .text.HAL_TIM_MspPostInit
                0x0800097c       0xd8 build/tim.o
                0x0800097c                HAL_TIM_MspPostInit
 .text.MX_TIM2_Init
                0x08000a54       0x80 build/tim.o
                0x08000a54                MX_TIM2_Init
 .text.MX_TIM3_Init
                0x08000ad4       0xb8 build/tim.o
                0x08000ad4                MX_TIM3_Init
 .text.MX_USART1_UART_Init
                0x08000b8c       0x68 build/usart.o
                0x08000b8c                MX_USART1_UART_Init
 .text.MX_USART2_UART_Init
                0x08000bf4       0x68 build/usart.o
                0x08000bf4                MX_USART2_UART_Init
 .text.HAL_UART_MspInit
                0x08000c5c      0x1e4 build/usart.o
                0x08000c5c                HAL_UART_MspInit
 .text.NMI_Handler
                0x08000e40        0x2 build/stm32g4xx_it.o
                0x08000e40                NMI_Handler
 .text.HardFault_Handler
                0x08000e42        0x2 build/stm32g4xx_it.o
                0x08000e42                HardFault_Handler
 .text.MemManage_Handler
                0x08000e44        0x2 build/stm32g4xx_it.o
                0x08000e44                MemManage_Handler
 .text.BusFault_Handler
                0x08000e46        0x2 build/stm32g4xx_it.o
                0x08000e46                BusFault_Handler
 .text.UsageFault_Handler
                0x08000e48        0x2 build/stm32g4xx_it.o
                0x08000e48                UsageFault_Handler
 .text.DebugMon_Handler
                0x08000e4a        0x2 build/stm32g4xx_it.o
                0x08000e4a                DebugMon_Handler
 .text.DMA1_Channel1_IRQHandler
                0x08000e4c       0x10 build/stm32g4xx_it.o
                0x08000e4c                DMA1_Channel1_IRQHandler
 .text.DMA1_Channel4_IRQHandler
                0x08000e5c       0x10 build/stm32g4xx_it.o
                0x08000e5c                DMA1_Channel4_IRQHandler
 .text.DMA1_Channel5_IRQHandler
                0x08000e6c       0x10 build/stm32g4xx_it.o
                0x08000e6c                DMA1_Channel5_IRQHandler
 .text.DMA1_Channel6_IRQHandler
                0x08000e7c       0x10 build/stm32g4xx_it.o
                0x08000e7c                DMA1_Channel6_IRQHandler
 .text.USART2_IRQHandler
                0x08000e8c       0x10 build/stm32g4xx_it.o
                0x08000e8c                USART2_IRQHandler
 .text.TIM6_DAC_IRQHandler
                0x08000e9c       0x10 build/stm32g4xx_it.o
                0x08000e9c                TIM6_DAC_IRQHandler
 .text.TIM7_IRQHandler
                0x08000eac       0x10 build/stm32g4xx_it.o
                0x08000eac                TIM7_IRQHandler
 .text.HAL_MspInit
                0x08000ebc       0x44 build/stm32g4xx_hal_msp.o
                0x08000ebc                HAL_MspInit
 .text.HAL_InitTick
                0x08000f00       0x90 build/stm32g4xx_hal_timebase_tim.o
                0x08000f00                HAL_InitTick
 .text.LL_ADC_REG_SetSequencerRanks
                0x08000f90       0x30 build/stm32g4xx_hal_adc.o
 .text.LL_ADC_SetChannelSamplingTime
                0x08000fc0       0x2c build/stm32g4xx_hal_adc.o
 .text.HAL_ADC_Init
                0x08000fec      0x224 build/stm32g4xx_hal_adc.o
                0x08000fec                HAL_ADC_Init
 .text.HAL_ADC_ConfigChannel
                0x08001210      0x460 build/stm32g4xx_hal_adc.o
                0x08001210                HAL_ADC_ConfigChannel
 .text.HAL_ADCEx_MultiModeConfigChannel
                0x08001670      0x118 build/stm32g4xx_hal_adc_ex.o
                0x08001670                HAL_ADCEx_MultiModeConfigChannel
 .text.HAL_Init
                0x08001788       0x1e build/stm32g4xx_hal.o
                0x08001788                HAL_Init
 *fill*         0x080017a6        0x2 
 .text.HAL_IncTick
                0x080017a8       0x18 build/stm32g4xx_hal.o
                0x080017a8                HAL_IncTick
 .text.HAL_GetTick
                0x080017c0        0xc build/stm32g4xx_hal.o
                0x080017c0                HAL_GetTick
 .text.RCC_GetSysClockFreqFromPLLSource
                0x080017cc       0x58 build/stm32g4xx_hal_rcc.o
 .text.HAL_RCC_OscConfig
                0x08001824      0x4e4 build/stm32g4xx_hal_rcc.o
                0x08001824                HAL_RCC_OscConfig
 .text.HAL_RCC_GetSysClockFreq
                0x08001d08       0x88 build/stm32g4xx_hal_rcc.o
                0x08001d08                HAL_RCC_GetSysClockFreq
 .text.HAL_RCC_ClockConfig
                0x08001d90      0x1f8 build/stm32g4xx_hal_rcc.o
                0x08001d90                HAL_RCC_ClockConfig
 .text.HAL_RCC_GetHCLKFreq
                0x08001f88        0xc build/stm32g4xx_hal_rcc.o
                0x08001f88                HAL_RCC_GetHCLKFreq
 .text.HAL_RCC_GetPCLK1Freq
                0x08001f94       0x24 build/stm32g4xx_hal_rcc.o
                0x08001f94                HAL_RCC_GetPCLK1Freq
 .text.HAL_RCC_GetPCLK2Freq
                0x08001fb8       0x24 build/stm32g4xx_hal_rcc.o
                0x08001fb8                HAL_RCC_GetPCLK2Freq
 .text.HAL_RCC_GetClockConfig
                0x08001fdc       0x3c build/stm32g4xx_hal_rcc.o
                0x08001fdc                HAL_RCC_GetClockConfig
 .text.HAL_RCCEx_PeriphCLKConfig
                0x08002018      0x2e4 build/stm32g4xx_hal_rcc_ex.o
                0x08002018                HAL_RCCEx_PeriphCLKConfig
 .text.HAL_GPIO_Init
                0x080022fc      0x1d4 build/stm32g4xx_hal_gpio.o
                0x080022fc                HAL_GPIO_Init
 .text.HAL_GPIO_WritePin
                0x080024d0        0xa build/stm32g4xx_hal_gpio.o
                0x080024d0                HAL_GPIO_WritePin
 *fill*         0x080024da        0x2 
 .text.DMA_CalcDMAMUXChannelBaseAndMask
                0x080024dc       0x48 build/stm32g4xx_hal_dma.o
 .text.DMA_CalcDMAMUXRequestGenBaseAndMask
                0x08002524       0x28 build/stm32g4xx_hal_dma.o
 .text.HAL_DMA_Init
                0x0800254c       0xd4 build/stm32g4xx_hal_dma.o
                0x0800254c                HAL_DMA_Init
 .text.HAL_DMA_Abort
                0x08002620       0x6a build/stm32g4xx_hal_dma.o
                0x08002620                HAL_DMA_Abort
 .text.HAL_DMA_Abort_IT
                0x0800268a       0x7c build/stm32g4xx_hal_dma.o
                0x0800268a                HAL_DMA_Abort_IT
 .text.HAL_DMA_IRQHandler
                0x08002706       0xc4 build/stm32g4xx_hal_dma.o
                0x08002706                HAL_DMA_IRQHandler
 *fill*         0x080027ca        0x2 
 .text.HAL_PWREx_ControlVoltageScaling
                0x080027cc      0x10c build/stm32g4xx_hal_pwr_ex.o
                0x080027cc                HAL_PWREx_ControlVoltageScaling
 .text.HAL_PWREx_DisableUCPDDeadBattery
                0x080028d8       0x10 build/stm32g4xx_hal_pwr_ex.o
                0x080028d8                HAL_PWREx_DisableUCPDDeadBattery
 .text.__NVIC_EnableIRQ
                0x080028e8       0x1c build/stm32g4xx_hal_cortex.o
 .text.__NVIC_SetPriority
                0x08002904       0x28 build/stm32g4xx_hal_cortex.o
 .text.NVIC_EncodePriority
                0x0800292c       0x3e build/stm32g4xx_hal_cortex.o
 *fill*         0x0800296a        0x2 
 .text.HAL_NVIC_SetPriorityGrouping
                0x0800296c       0x24 build/stm32g4xx_hal_cortex.o
                0x0800296c                HAL_NVIC_SetPriorityGrouping
 .text.HAL_NVIC_SetPriority
                0x08002990       0x20 build/stm32g4xx_hal_cortex.o
                0x08002990                HAL_NVIC_SetPriority
 .text.HAL_NVIC_EnableIRQ
                0x080029b0        0x8 build/stm32g4xx_hal_cortex.o
                0x080029b0                HAL_NVIC_EnableIRQ
 .text.HAL_SPI_Init
                0x080029b8       0xe8 build/stm32g4xx_hal_spi.o
                0x080029b8                HAL_SPI_Init
 .text.TIM_OC1_SetConfig
                0x08002aa0       0x9c build/stm32g4xx_hal_tim.o
 .text.TIM_OC3_SetConfig
                0x08002b3c       0x8c build/stm32g4xx_hal_tim.o
 .text.TIM_OC4_SetConfig
                0x08002bc8       0x8c build/stm32g4xx_hal_tim.o
 .text.TIM_OC5_SetConfig
                0x08002c54       0x68 build/stm32g4xx_hal_tim.o
 .text.TIM_OC6_SetConfig
                0x08002cbc       0x6c build/stm32g4xx_hal_tim.o
 .text.HAL_TIM_Base_Start_IT
                0x08002d28       0x84 build/stm32g4xx_hal_tim.o
                0x08002d28                HAL_TIM_Base_Start_IT
 .text.HAL_TIM_OC_DelayElapsedCallback
                0x08002dac        0x2 build/stm32g4xx_hal_tim.o
                0x08002dac                HAL_TIM_OC_DelayElapsedCallback
 .text.HAL_TIM_IC_CaptureCallback
                0x08002dae        0x2 build/stm32g4xx_hal_tim.o
                0x08002dae                HAL_TIM_IC_CaptureCallback
 .text.HAL_TIM_PWM_PulseFinishedCallback
                0x08002db0        0x2 build/stm32g4xx_hal_tim.o
                0x08002db0                HAL_TIM_PWM_PulseFinishedCallback
 .text.HAL_TIM_TriggerCallback
                0x08002db2        0x2 build/stm32g4xx_hal_tim.o
                0x08002db2                HAL_TIM_TriggerCallback
 .text.HAL_TIM_IRQHandler
                0x08002db4      0x1ea build/stm32g4xx_hal_tim.o
                0x08002db4                HAL_TIM_IRQHandler
 *fill*         0x08002f9e        0x2 
 .text.TIM_Base_SetConfig
                0x08002fa0       0xc8 build/stm32g4xx_hal_tim.o
                0x08002fa0                TIM_Base_SetConfig
 .text.HAL_TIM_Base_Init
                0x08003068       0x60 build/stm32g4xx_hal_tim.o
                0x08003068                HAL_TIM_Base_Init
 .text.HAL_TIM_PWM_Init
                0x080030c8       0x60 build/stm32g4xx_hal_tim.o
                0x080030c8                HAL_TIM_PWM_Init
 .text.TIM_OC2_SetConfig
                0x08003128       0x8c build/stm32g4xx_hal_tim.o
                0x08003128                TIM_OC2_SetConfig
 .text.HAL_TIM_PWM_ConfigChannel
                0x080031b4      0x13a build/stm32g4xx_hal_tim.o
                0x080031b4                HAL_TIM_PWM_ConfigChannel
 *fill*         0x080032ee        0x2 
 .text.HAL_TIMEx_MasterConfigSynchronization
                0x080032f0       0x94 build/stm32g4xx_hal_tim_ex.o
                0x080032f0                HAL_TIMEx_MasterConfigSynchronization
 .text.HAL_TIMEx_CommutCallback
                0x08003384        0x2 build/stm32g4xx_hal_tim_ex.o
                0x08003384                HAL_TIMEx_CommutCallback
 .text.HAL_TIMEx_BreakCallback
                0x08003386        0x2 build/stm32g4xx_hal_tim_ex.o
                0x08003386                HAL_TIMEx_BreakCallback
 .text.HAL_TIMEx_Break2Callback
                0x08003388        0x2 build/stm32g4xx_hal_tim_ex.o
                0x08003388                HAL_TIMEx_Break2Callback
 .text.HAL_TIMEx_EncoderIndexCallback
                0x0800338a        0x2 build/stm32g4xx_hal_tim_ex.o
                0x0800338a                HAL_TIMEx_EncoderIndexCallback
 .text.HAL_TIMEx_DirectionChangeCallback
                0x0800338c        0x2 build/stm32g4xx_hal_tim_ex.o
                0x0800338c                HAL_TIMEx_DirectionChangeCallback
 .text.HAL_TIMEx_IndexErrorCallback
                0x0800338e        0x2 build/stm32g4xx_hal_tim_ex.o
                0x0800338e                HAL_TIMEx_IndexErrorCallback
 .text.HAL_TIMEx_TransitionErrorCallback
                0x08003390        0x2 build/stm32g4xx_hal_tim_ex.o
                0x08003390                HAL_TIMEx_TransitionErrorCallback
 .text.UART_EndRxTransfer
                0x08003392       0x56 build/stm32g4xx_hal_uart.o
 .text.HAL_UART_TxCpltCallback
                0x080033e8        0x2 build/stm32g4xx_hal_uart.o
                0x080033e8                HAL_UART_TxCpltCallback
 .text.UART_EndTransmit_IT
                0x080033ea       0x24 build/stm32g4xx_hal_uart.o
 .text.HAL_UART_ErrorCallback
                0x0800340e        0x2 build/stm32g4xx_hal_uart.o
                0x0800340e                HAL_UART_ErrorCallback
 .text.UART_DMAAbortOnError
                0x08003410       0x14 build/stm32g4xx_hal_uart.o
 .text.HAL_UARTEx_RxEventCallback
                0x08003424        0x2 build/stm32g4xx_hal_uart.o
                0x08003424                HAL_UARTEx_RxEventCallback
 *fill*         0x08003426        0x2 
 .text.HAL_UART_IRQHandler
                0x08003428      0x360 build/stm32g4xx_hal_uart.o
                0x08003428                HAL_UART_IRQHandler
 .text.UART_SetConfig
                0x08003788      0x338 build/stm32g4xx_hal_uart.o
                0x08003788                UART_SetConfig
 .text.UART_AdvFeatureConfig
                0x08003ac0       0xca build/stm32g4xx_hal_uart.o
                0x08003ac0                UART_AdvFeatureConfig
 .text.UART_WaitOnFlagUntilTimeout
                0x08003b8a       0x9e build/stm32g4xx_hal_uart.o
                0x08003b8a                UART_WaitOnFlagUntilTimeout
 .text.UART_CheckIdleState
                0x08003c28       0xca build/stm32g4xx_hal_uart.o
                0x08003c28                UART_CheckIdleState
 .text.HAL_UART_Init
                0x08003cf2       0x66 build/stm32g4xx_hal_uart.o
                0x08003cf2                HAL_UART_Init
 .text.UARTEx_SetNbDataToProcess
                0x08003d58       0x4c build/stm32g4xx_hal_uart_ex.o
 .text.HAL_UARTEx_WakeupCallback
                0x08003da4        0x2 build/stm32g4xx_hal_uart_ex.o
                0x08003da4                HAL_UARTEx_WakeupCallback
 .text.HAL_UARTEx_RxFifoFullCallback
                0x08003da6        0x2 build/stm32g4xx_hal_uart_ex.o
                0x08003da6                HAL_UARTEx_RxFifoFullCallback
 .text.HAL_UARTEx_TxFifoEmptyCallback
                0x08003da8        0x2 build/stm32g4xx_hal_uart_ex.o
                0x08003da8                HAL_UARTEx_TxFifoEmptyCallback
 .text.HAL_UARTEx_DisableFifoMode
                0x08003daa       0x3e build/stm32g4xx_hal_uart_ex.o
                0x08003daa                HAL_UARTEx_DisableFifoMode
 .text.HAL_UARTEx_SetTxFifoThreshold
                0x08003de8       0x4a build/stm32g4xx_hal_uart_ex.o
                0x08003de8                HAL_UARTEx_SetTxFifoThreshold
 .text.HAL_UARTEx_SetRxFifoThreshold
                0x08003e32       0x4a build/stm32g4xx_hal_uart_ex.o
                0x08003e32                HAL_UARTEx_SetRxFifoThreshold
 .text.SystemInit
                0x08003e7c       0x14 build/system_stm32g4xx.o
                0x08003e7c                SystemInit
 .text.vListInitialise
                0x08003e90       0x16 build/list.o
                0x08003e90                vListInitialise
 .text.vListInitialiseItem
                0x08003ea6        0x6 build/list.o
                0x08003ea6                vListInitialiseItem
 .text.vListInsertEnd
                0x08003eac       0x16 build/list.o
                0x08003eac                vListInsertEnd
 .text.vListInsert
                0x08003ec2       0x32 build/list.o
                0x08003ec2                vListInsert
 .text.uxListRemove
                0x08003ef4       0x26 build/list.o
                0x08003ef4                uxListRemove
 .text.prvIsQueueFull
                0x08003f1a       0x1e build/queue.o
 .text.prvCopyDataToQueue
                0x08003f38       0x76 build/queue.o
 .text.prvUnlockQueue
                0x08003fae       0x6e build/queue.o
 .text.xQueueGenericReset
                0x0800401c       0x84 build/queue.o
                0x0800401c                xQueueGenericReset
 .text.prvInitialiseNewQueue
                0x080040a0       0x1c build/queue.o
 .text.xQueueGenericCreate
                0x080040bc       0x42 build/queue.o
                0x080040bc                xQueueGenericCreate
 .text.xQueueGenericSend
                0x080040fe      0x188 build/queue.o
                0x080040fe                xQueueGenericSend
 *fill*         0x08004286        0x2 
 .text.prvResetNextTaskUnblockTime
                0x08004288       0x2c build/tasks.o
 .text.prvDeleteTCB
                0x080042b4       0x12 build/tasks.o
 .text.prvInitialiseNewTask
                0x080042c6       0x9c build/tasks.o
 *fill*         0x08004362        0x2 
 .text.prvInitialiseTaskLists
                0x08004364       0x68 build/tasks.o
 .text.prvAddNewTaskToReadyList
                0x080043cc       0xa8 build/tasks.o
 .text.prvCheckTasksWaitingTermination
                0x08004474       0x4c build/tasks.o
 .text.prvIdleTask
                0x080044c0       0x28 build/tasks.o
 .text.prvAddCurrentTaskToDelayedList
                0x080044e8       0x98 build/tasks.o
 .text.xTaskCreate
                0x08004580       0x60 build/tasks.o
                0x08004580                xTaskCreate
 .text.vTaskStartScheduler
                0x080045e0       0x7c build/tasks.o
                0x080045e0                vTaskStartScheduler
 .text.vTaskSuspendAll
                0x0800465c       0x10 build/tasks.o
                0x0800465c                vTaskSuspendAll
 .text.xTaskIncrementTick
                0x0800466c      0x118 build/tasks.o
                0x0800466c                xTaskIncrementTick
 .text.xTaskResumeAll
                0x08004784       0xf8 build/tasks.o
                0x08004784                xTaskResumeAll
 .text.vTaskDelay
                0x0800487c       0x4c build/tasks.o
                0x0800487c                vTaskDelay
 .text.vTaskSwitchContext
                0x080048c8       0x98 build/tasks.o
                0x080048c8                vTaskSwitchContext
 .text.vTaskPlaceOnEventList
                0x08004960       0x30 build/tasks.o
                0x08004960                vTaskPlaceOnEventList
 .text.xTaskRemoveFromEventList
                0x08004990       0x8c build/tasks.o
                0x08004990                xTaskRemoveFromEventList
 .text.vTaskInternalSetTimeOutState
                0x08004a1c       0x18 build/tasks.o
                0x08004a1c                vTaskInternalSetTimeOutState
 .text.xTaskCheckForTimeOut
                0x08004a34       0x88 build/tasks.o
                0x08004a34                xTaskCheckForTimeOut
 .text.vTaskMissedYield
                0x08004abc        0xc build/tasks.o
                0x08004abc                vTaskMissedYield
 .text.xTaskGetSchedulerState
                0x08004ac8       0x20 build/tasks.o
                0x08004ac8                xTaskGetSchedulerState
 .text.xTaskPriorityDisinherit
                0x08004ae8       0xb0 build/tasks.o
                0x08004ae8                xTaskPriorityDisinherit
 .text.makeFreeRtosPriority
                0x08004b98        0xc build/cmsis_os.o
 .text.osKernelStart
                0x08004ba4        0xa build/cmsis_os.o
                0x08004ba4                osKernelStart
 .text.osThreadCreate
                0x08004bae       0x34 build/cmsis_os.o
                0x08004bae                osThreadCreate
 .text.osDelay  0x08004be2        0xe build/cmsis_os.o
                0x08004be2                osDelay
 .text.osSemaphoreCreate
                0x08004bf0       0x28 build/cmsis_os.o
                0x08004bf0                osSemaphoreCreate
 .text.prvHeapInit
                0x08004c18       0x64 build/heap_4.o
 .text.prvInsertBlockIntoFreeList
                0x08004c7c       0x64 build/heap_4.o
 .text.pvPortMalloc
                0x08004ce0      0x104 build/heap_4.o
                0x08004ce0                pvPortMalloc
 .text.vPortFree
                0x08004de4       0x7c build/heap_4.o
                0x08004de4                vPortFree
 .text.prvTaskExitError
                0x08004e60       0x40 build/port.o
 .text.prvPortStartFirstTask
                0x08004ea0       0x28 build/port.o
 .text.vPortEnableVFP
                0x08004ec8       0x14 build/port.o
 .text.pxPortInitialiseStack
                0x08004edc       0x2c build/port.o
                0x08004edc                pxPortInitialiseStack
 *fill*         0x08004f08        0x8 
 .text.SVC_Handler
                0x08004f10       0x24 build/port.o
                0x08004f10                SVC_Handler
 .text.vPortEnterCritical
                0x08004f34       0x44 build/port.o
                0x08004f34                vPortEnterCritical
 .text.vPortExitCritical
                0x08004f78       0x2c build/port.o
                0x08004f78                vPortExitCritical
 *fill*         0x08004fa4        0xc 
 .text.PendSV_Handler
                0x08004fb0       0x64 build/port.o
                0x08004fb0                PendSV_Handler
 .text.SysTick_Handler
                0x08005014       0x2c build/port.o
                0x08005014                SysTick_Handler
 .text.vPortSetupTimerInterrupt
                0x08005040       0x28 build/port.o
                0x08005040                vPortSetupTimerInterrupt
 .text.xPortStartScheduler
                0x08005068      0x118 build/port.o
                0x08005068                xPortStartScheduler
 .text.Reset_Handler
                0x08005180       0x50 build/startup_stm32g431xx.o
                0x08005180                Reset_Handler
 .text.Default_Handler
                0x080051d0        0x2 build/startup_stm32g431xx.o
                0x080051d0                RTC_Alarm_IRQHandler
                0x080051d0                EXTI2_IRQHandler
                0x080051d0                TIM8_TRG_COM_IRQHandler
                0x080051d0                TIM8_CC_IRQHandler
                0x080051d0                TIM1_CC_IRQHandler
                0x080051d0                USB_HP_IRQHandler
                0x080051d0                CORDIC_IRQHandler
                0x080051d0                EXTI3_IRQHandler
                0x080051d0                I2C3_ER_IRQHandler
                0x080051d0                EXTI0_IRQHandler
                0x080051d0                I2C2_EV_IRQHandler
                0x080051d0                FPU_IRQHandler
                0x080051d0                FDCAN1_IT1_IRQHandler
                0x080051d0                TIM1_UP_TIM16_IRQHandler
                0x080051d0                ADC1_2_IRQHandler
                0x080051d0                SPI1_IRQHandler
                0x080051d0                TIM8_UP_IRQHandler
                0x080051d0                DMA2_Channel2_IRQHandler
                0x080051d0                USART3_IRQHandler
                0x080051d0                TIM4_IRQHandler
                0x080051d0                DMA2_Channel1_IRQHandler
                0x080051d0                I2C1_EV_IRQHandler
                0x080051d0                UART4_IRQHandler
                0x080051d0                DMA2_Channel4_IRQHandler
                0x080051d0                TIM3_IRQHandler
                0x080051d0                RCC_IRQHandler
                0x080051d0                Default_Handler
                0x080051d0                RTC_TAMP_LSECSS_IRQHandler
                0x080051d0                FMAC_IRQHandler
                0x080051d0                EXTI15_10_IRQHandler
                0x080051d0                UCPD1_IRQHandler
                0x080051d0                I2C3_EV_IRQHandler
                0x080051d0                EXTI9_5_IRQHandler
                0x080051d0                RTC_WKUP_IRQHandler
                0x080051d0                PVD_PVM_IRQHandler
                0x080051d0                SPI2_IRQHandler
                0x080051d0                DMA2_Channel5_IRQHandler
                0x080051d0                CRS_IRQHandler
                0x080051d0                USB_LP_IRQHandler
                0x080051d0                EXTI4_IRQHandler
                0x080051d0                RNG_IRQHandler
                0x080051d0                TIM1_TRG_COM_TIM17_IRQHandler
                0x080051d0                DMA1_Channel3_IRQHandler
                0x080051d0                WWDG_IRQHandler
                0x080051d0                LPUART1_IRQHandler
                0x080051d0                DMA2_Channel6_IRQHandler
                0x080051d0                FDCAN1_IT0_IRQHandler
                0x080051d0                TIM2_IRQHandler
                0x080051d0                COMP1_2_3_IRQHandler
                0x080051d0                EXTI1_IRQHandler
                0x080051d0                I2C2_ER_IRQHandler
                0x080051d0                DMA1_Channel2_IRQHandler
                0x080051d0                TIM8_BRK_IRQHandler
                0x080051d0                FLASH_IRQHandler
                0x080051d0                USART1_IRQHandler
                0x080051d0                SPI3_IRQHandler
                0x080051d0                I2C1_ER_IRQHandler
                0x080051d0                LPTIM1_IRQHandler
                0x080051d0                DMAMUX_OVR_IRQHandler
                0x080051d0                USBWakeUp_IRQHandler
                0x080051d0                SAI1_IRQHandler
                0x080051d0                DMA2_Channel3_IRQHandler
                0x080051d0                COMP4_IRQHandler
                0x080051d0                TIM1_BRK_TIM15_IRQHandler
 .text.memset   0x080051d2       0x10 E:/VSCODE_TOOL/arm-gnu-toolchain-14.2.rel1-mingw-w64-i686-arm-none-eabi/bin/../lib/gcc/arm-none-eabi/14.2.1/thumb/v7e-m+fp/hard\libc_nano.a(libc_a-memset.o)
                0x080051d2                memset
 *fill*         0x080051e2        0x2 
 .text.__libc_init_array
                0x080051e4       0x48 E:/VSCODE_TOOL/arm-gnu-toolchain-14.2.rel1-mingw-w64-i686-arm-none-eabi/bin/../lib/gcc/arm-none-eabi/14.2.1/thumb/v7e-m+fp/hard\libc_nano.a(libc_a-init.o)
                0x080051e4                __libc_init_array
 .text.memcpy   0x0800522c       0x1c E:/VSCODE_TOOL/arm-gnu-toolchain-14.2.rel1-mingw-w64-i686-arm-none-eabi/bin/../lib/gcc/arm-none-eabi/14.2.1/thumb/v7e-m+fp/hard\libc_nano.a(libc_a-memcpy-stub.o)
                0x0800522c                memcpy
 .text.__udivmoddi4
                0x08005248      0x2f8 E:/VSCODE_TOOL/arm-gnu-toolchain-14.2.rel1-mingw-w64-i686-arm-none-eabi/bin/../lib/gcc/arm-none-eabi/14.2.1/thumb/v7e-m+fp/hard\libgcc.a(_udivmoddi4.o)
                0x08005248                __udivmoddi4
 *(.glue_7)
 .glue_7        0x08005540        0x0 linker stubs
 *(.glue_7t)
 .glue_7t       0x08005540        0x0 linker stubs
 *(.eh_frame)
 .eh_frame      0x08005540        0x0 E:/VSCODE_TOOL/arm-gnu-toolchain-14.2.rel1-mingw-w64-i686-arm-none-eabi/bin/../lib/gcc/arm-none-eabi/14.2.1/thumb/v7e-m+fp/hard/crtbegin.o
 *(.init)
 .init          0x08005540        0x4 E:/VSCODE_TOOL/arm-gnu-toolchain-14.2.rel1-mingw-w64-i686-arm-none-eabi/bin/../lib/gcc/arm-none-eabi/14.2.1/thumb/v7e-m+fp/hard/crti.o
                0x08005540                _init
 .init          0x08005544        0x8 E:/VSCODE_TOOL/arm-gnu-toolchain-14.2.rel1-mingw-w64-i686-arm-none-eabi/bin/../lib/gcc/arm-none-eabi/14.2.1/thumb/v7e-m+fp/hard/crtn.o
 *(.fini)
 .fini          0x0800554c        0x4 E:/VSCODE_TOOL/arm-gnu-toolchain-14.2.rel1-mingw-w64-i686-arm-none-eabi/bin/../lib/gcc/arm-none-eabi/14.2.1/thumb/v7e-m+fp/hard/crti.o
                0x0800554c                _fini
 .fini          0x08005550        0x8 E:/VSCODE_TOOL/arm-gnu-toolchain-14.2.rel1-mingw-w64-i686-arm-none-eabi/bin/../lib/gcc/arm-none-eabi/14.2.1/thumb/v7e-m+fp/hard/crtn.o
                0x08005558                        . = ALIGN (0x4)
                0x08005558                        _etext = .

.vfp11_veneer   0x08005558        0x0
 .vfp11_veneer  0x08005558        0x0 linker stubs

.v4_bx          0x08005558        0x0
 .v4_bx         0x08005558        0x0 linker stubs

.iplt           0x08005558        0x0
 .iplt          0x08005558        0x0 E:/VSCODE_TOOL/arm-gnu-toolchain-14.2.rel1-mingw-w64-i686-arm-none-eabi/bin/../lib/gcc/arm-none-eabi/14.2.1/thumb/v7e-m+fp/hard/crtbegin.o

.rodata         0x08005558       0xa8
                0x08005558                        . = ALIGN (0x4)
 *(.rodata)
 .rodata        0x08005558       0x3c build/app_freertos.o
 *(.rodata*)
 .rodata.str1.4
                0x08005594       0x29 build/app_freertos.o
                                 0x24 (size before relaxing)
 *fill*         0x080055bd        0x3 
 .rodata.UARTPrescTable
                0x080055c0       0x18 build/stm32g4xx_hal_uart.o
                0x080055c0                UARTPrescTable
 .rodata.denominator.0
                0x080055d8        0x8 build/stm32g4xx_hal_uart_ex.o
 .rodata.numerator.1
                0x080055e0        0x8 build/stm32g4xx_hal_uart_ex.o
 .rodata.APBPrescTable
                0x080055e8        0x8 build/system_stm32g4xx.o
                0x080055e8                APBPrescTable
 .rodata.AHBPrescTable
                0x080055f0       0x10 build/system_stm32g4xx.o
                0x080055f0                AHBPrescTable
 .rodata.vTaskStartScheduler.str1.4
                0x08005600        0x5 build/tasks.o
                0x08005608                        . = ALIGN (0x4)

.ARM.extab
 *(.ARM.extab* .gnu.linkonce.armextab.*)

.ARM            0x08005600        0x8
                0x08005600                        __exidx_start = .
 *(.ARM.exidx*)
 .ARM.exidx.text.__udivmoddi4
                0x08005600        0x8 E:/VSCODE_TOOL/arm-gnu-toolchain-14.2.rel1-mingw-w64-i686-arm-none-eabi/bin/../lib/gcc/arm-none-eabi/14.2.1/thumb/v7e-m+fp/hard\libgcc.a(_udivmoddi4.o)
                0x08005608                        __exidx_end = .

.rel.dyn        0x08005608        0x0
 .rel.iplt      0x08005608        0x0 E:/VSCODE_TOOL/arm-gnu-toolchain-14.2.rel1-mingw-w64-i686-arm-none-eabi/bin/../lib/gcc/arm-none-eabi/14.2.1/thumb/v7e-m+fp/hard/crtbegin.o

.preinit_array  0x08005608        0x0
                0x08005608                        PROVIDE (__preinit_array_start = .)
 *(.preinit_array*)
                0x08005608                        PROVIDE (__preinit_array_end = .)

.init_array     0x08005608        0x4
                0x08005608                        PROVIDE (__init_array_start = .)
 *(SORT_BY_NAME(.init_array.*))
 *(.init_array*)
 .init_array    0x08005608        0x4 E:/VSCODE_TOOL/arm-gnu-toolchain-14.2.rel1-mingw-w64-i686-arm-none-eabi/bin/../lib/gcc/arm-none-eabi/14.2.1/thumb/v7e-m+fp/hard/crtbegin.o
                0x0800560c                        PROVIDE (__init_array_end = .)

.fini_array     0x0800560c        0x4
                [!provide]                        PROVIDE (__fini_array_start = .)
 *(SORT_BY_NAME(.fini_array.*))
 *(.fini_array*)
 .fini_array    0x0800560c        0x4 E:/VSCODE_TOOL/arm-gnu-toolchain-14.2.rel1-mingw-w64-i686-arm-none-eabi/bin/../lib/gcc/arm-none-eabi/14.2.1/thumb/v7e-m+fp/hard/crtbegin.o
                [!provide]                        PROVIDE (__fini_array_end = .)
                0x08005610                        _sidata = LOADADDR (.data)

.data           0x20000000       0x10 load address 0x08005610
                0x20000000                        . = ALIGN (0x4)
                0x20000000                        _sdata = .
 *(.data)
 *(.data*)
 .data.uwTickFreq
                0x20000000        0x4 build/stm32g4xx_hal.o
                0x20000000                uwTickFreq
 .data.uwTickPrio
                0x20000004        0x4 build/stm32g4xx_hal.o
                0x20000004                uwTickPrio
 .data.SystemCoreClock
                0x20000008        0x4 build/system_stm32g4xx.o
                0x20000008                SystemCoreClock
 .data.uxCriticalNesting
                0x2000000c        0x4 build/port.o
                0x20000010                        . = ALIGN (0x4)
                0x20000010                        _edata = .

.tm_clone_table
                0x20000010        0x0 load address 0x08005620
 .tm_clone_table
                0x20000010        0x0 E:/VSCODE_TOOL/arm-gnu-toolchain-14.2.rel1-mingw-w64-i686-arm-none-eabi/bin/../lib/gcc/arm-none-eabi/14.2.1/thumb/v7e-m+fp/hard/crtbegin.o
 .tm_clone_table
                0x20000010        0x0 E:/VSCODE_TOOL/arm-gnu-toolchain-14.2.rel1-mingw-w64-i686-arm-none-eabi/bin/../lib/gcc/arm-none-eabi/14.2.1/thumb/v7e-m+fp/hard/crtend.o

.igot.plt       0x20000010        0x0 load address 0x08005620
 .igot.plt      0x20000010        0x0 E:/VSCODE_TOOL/arm-gnu-toolchain-14.2.rel1-mingw-w64-i686-arm-none-eabi/bin/../lib/gcc/arm-none-eabi/14.2.1/thumb/v7e-m+fp/hard/crtbegin.o
                0x20000010                        . = ALIGN (0x4)

.bss            0x20000010     0x12f0 load address 0x08005620
                0x20000010                        _sbss = .
                0x20000010                        __bss_start__ = _sbss
 *(.bss)
 *(.bss*)
 .bss.completed.1
                0x20000010        0x1 E:/VSCODE_TOOL/arm-gnu-toolchain-14.2.rel1-mingw-w64-i686-arm-none-eabi/bin/../lib/gcc/arm-none-eabi/14.2.1/thumb/v7e-m+fp/hard/crtbegin.o
 *fill*         0x20000011        0x3 
 .bss.object.0  0x20000014       0x18 E:/VSCODE_TOOL/arm-gnu-toolchain-14.2.rel1-mingw-w64-i686-arm-none-eabi/bin/../lib/gcc/arm-none-eabi/14.2.1/thumb/v7e-m+fp/hard/crtbegin.o
 .bss.myBinarySem01Handle
                0x2000002c        0x4 build/app_freertos.o
                0x2000002c                myBinarySem01Handle
 .bss.Send_Rec_msgHandle
                0x20000030        0x4 build/app_freertos.o
                0x20000030                Send_Rec_msgHandle
 .bss.LcdShowHandle
                0x20000034        0x4 build/app_freertos.o
                0x20000034                LcdShowHandle
 .bss.defaultTaskHandle
                0x20000038        0x4 build/app_freertos.o
                0x20000038                defaultTaskHandle
 .bss.hdma_adc1
                0x2000003c       0x60 build/adc.o
                0x2000003c                hdma_adc1
 .bss.hadc1     0x2000009c       0x6c build/adc.o
                0x2000009c                hadc1
 .bss.hspi2     0x20000108       0x64 build/spi.o
                0x20000108                hspi2
 .bss.hspi1     0x2000016c       0x64 build/spi.o
                0x2000016c                hspi1
 .bss.htim7     0x200001d0       0x4c build/tim.o
                0x200001d0                htim7
 .bss.htim3     0x2000021c       0x4c build/tim.o
                0x2000021c                htim3
 .bss.htim2     0x20000268       0x4c build/tim.o
                0x20000268                htim2
 .bss.hdma_usart2_tx
                0x200002b4       0x60 build/usart.o
                0x200002b4                hdma_usart2_tx
 .bss.hdma_usart2_rx
                0x20000314       0x60 build/usart.o
                0x20000314                hdma_usart2_rx
 .bss.hdma_usart1_rx
                0x20000374       0x60 build/usart.o
                0x20000374                hdma_usart1_rx
 .bss.hdma_usart1_tx
                0x200003d4       0x60 build/usart.o
                0x200003d4                hdma_usart1_tx
 .bss.huart2    0x20000434       0x94 build/usart.o
                0x20000434                huart2
 .bss.huart1    0x200004c8       0x94 build/usart.o
                0x200004c8                huart1
 .bss.htim6     0x2000055c       0x4c build/stm32g4xx_hal_timebase_tim.o
                0x2000055c                htim6
 .bss.uwTick    0x200005a8        0x4 build/stm32g4xx_hal.o
                0x200005a8                uwTick
 .bss.uxSchedulerSuspended
                0x200005ac        0x4 build/tasks.o
 .bss.xIdleTaskHandle
                0x200005b0        0x4 build/tasks.o
 .bss.xNextTaskUnblockTime
                0x200005b4        0x4 build/tasks.o
 .bss.uxTaskNumber
                0x200005b8        0x4 build/tasks.o
 .bss.xNumOfOverflows
                0x200005bc        0x4 build/tasks.o
 .bss.xYieldPending
                0x200005c0        0x4 build/tasks.o
 .bss.xPendedTicks
                0x200005c4        0x4 build/tasks.o
 .bss.xSchedulerRunning
                0x200005c8        0x4 build/tasks.o
 .bss.uxTopReadyPriority
                0x200005cc        0x4 build/tasks.o
 .bss.xTickCount
                0x200005d0        0x4 build/tasks.o
 .bss.uxCurrentNumberOfTasks
                0x200005d4        0x4 build/tasks.o
 .bss.xSuspendedTaskList
                0x200005d8       0x14 build/tasks.o
 .bss.uxDeletedTasksWaitingCleanUp
                0x200005ec        0x4 build/tasks.o
 .bss.xTasksWaitingTermination
                0x200005f0       0x14 build/tasks.o
 .bss.xPendingReadyList
                0x20000604       0x14 build/tasks.o
 .bss.pxOverflowDelayedTaskList
                0x20000618        0x4 build/tasks.o
 .bss.pxDelayedTaskList
                0x2000061c        0x4 build/tasks.o
 .bss.xDelayedTaskList2
                0x20000620       0x14 build/tasks.o
 .bss.xDelayedTaskList1
                0x20000634       0x14 build/tasks.o
 .bss.pxReadyTasksLists
                0x20000648       0x8c build/tasks.o
 .bss.pxCurrentTCB
                0x200006d4        0x4 build/tasks.o
                0x200006d4                pxCurrentTCB
 .bss.xBlockAllocatedBit
                0x200006d8        0x4 build/heap_4.o
 .bss.xNumberOfSuccessfulFrees
                0x200006dc        0x4 build/heap_4.o
 .bss.xNumberOfSuccessfulAllocations
                0x200006e0        0x4 build/heap_4.o
 .bss.xMinimumEverFreeBytesRemaining
                0x200006e4        0x4 build/heap_4.o
 .bss.xFreeBytesRemaining
                0x200006e8        0x4 build/heap_4.o
 .bss.pxEnd     0x200006ec        0x4 build/heap_4.o
 .bss.xStart    0x200006f0        0x8 build/heap_4.o
 .bss.ucHeap    0x200006f8      0xc00 build/heap_4.o
 .bss.ulMaxPRIGROUPValue
                0x200012f8        0x4 build/port.o
 .bss.ucMaxSysCallPriority
                0x200012fc        0x1 build/port.o
 *(COMMON)
                0x20001300                        . = ALIGN (0x4)
 *fill*         0x200012fd        0x3 
                0x20001300                        _ebss = .
                0x20001300                        __bss_end__ = _ebss

._user_heap_stack
                0x20001300      0x600 load address 0x08005620
                0x20001300                        . = ALIGN (0x8)
                [!provide]                        PROVIDE (end = .)
                0x20001300                        PROVIDE (_end = .)
                0x20001500                        . = (. + _Min_Heap_Size)
 *fill*         0x20001300      0x200 
                0x20001900                        . = (. + _Min_Stack_Size)
 *fill*         0x20001500      0x400 
                0x20001900                        . = ALIGN (0x8)

/DISCARD/
 libc.a(*)
 libm.a(*)
 libgcc.a(*)

.ARM.attributes
                0x00000000       0x30
 *(.ARM.attributes)
 .ARM.attributes
                0x00000000       0x22 E:/VSCODE_TOOL/arm-gnu-toolchain-14.2.rel1-mingw-w64-i686-arm-none-eabi/bin/../lib/gcc/arm-none-eabi/14.2.1/thumb/v7e-m+fp/hard/crti.o
 .ARM.attributes
                0x00000022       0x34 E:/VSCODE_TOOL/arm-gnu-toolchain-14.2.rel1-mingw-w64-i686-arm-none-eabi/bin/../lib/gcc/arm-none-eabi/14.2.1/thumb/v7e-m+fp/hard/crtbegin.o
 .ARM.attributes
                0x00000056       0x34 build/main.o
 .ARM.attributes
                0x0000008a       0x34 build/gpio.o
 .ARM.attributes
                0x000000be       0x34 build/app_freertos.o
 .ARM.attributes
                0x000000f2       0x34 build/adc.o
 .ARM.attributes
                0x00000126       0x34 build/dma.o
 .ARM.attributes
                0x0000015a       0x34 build/spi.o
 .ARM.attributes
                0x0000018e       0x34 build/tim.o
 .ARM.attributes
                0x000001c2       0x34 build/usart.o
 .ARM.attributes
                0x000001f6       0x34 build/stm32g4xx_it.o
 .ARM.attributes
                0x0000022a       0x34 build/stm32g4xx_hal_msp.o
 .ARM.attributes
                0x0000025e       0x34 build/stm32g4xx_hal_timebase_tim.o
 .ARM.attributes
                0x00000292       0x34 build/stm32g4xx_hal_adc.o
 .ARM.attributes
                0x000002c6       0x34 build/stm32g4xx_hal_adc_ex.o
 .ARM.attributes
                0x000002fa       0x34 build/stm32g4xx_hal.o
 .ARM.attributes
                0x0000032e       0x34 build/stm32g4xx_hal_rcc.o
 .ARM.attributes
                0x00000362       0x34 build/stm32g4xx_hal_rcc_ex.o
 .ARM.attributes
                0x00000396       0x34 build/stm32g4xx_hal_gpio.o
 .ARM.attributes
                0x000003ca       0x34 build/stm32g4xx_hal_dma.o
 .ARM.attributes
                0x000003fe       0x34 build/stm32g4xx_hal_pwr_ex.o
 .ARM.attributes
                0x00000432       0x34 build/stm32g4xx_hal_cortex.o
 .ARM.attributes
                0x00000466       0x34 build/stm32g4xx_hal_spi.o
 .ARM.attributes
                0x0000049a       0x34 build/stm32g4xx_hal_tim.o
 .ARM.attributes
                0x000004ce       0x34 build/stm32g4xx_hal_tim_ex.o
 .ARM.attributes
                0x00000502       0x34 build/stm32g4xx_hal_uart.o
 .ARM.attributes
                0x00000536       0x34 build/stm32g4xx_hal_uart_ex.o
 .ARM.attributes
                0x0000056a       0x34 build/system_stm32g4xx.o
 .ARM.attributes
                0x0000059e       0x34 build/list.o
 .ARM.attributes
                0x000005d2       0x34 build/queue.o
 .ARM.attributes
                0x00000606       0x34 build/tasks.o
 .ARM.attributes
                0x0000063a       0x34 build/cmsis_os.o
 .ARM.attributes
                0x0000066e       0x34 build/heap_4.o
 .ARM.attributes
                0x000006a2       0x34 build/port.o
 .ARM.attributes
                0x000006d6       0x21 build/startup_stm32g431xx.o
 .ARM.attributes
                0x000006f7       0x34 E:/VSCODE_TOOL/arm-gnu-toolchain-14.2.rel1-mingw-w64-i686-arm-none-eabi/bin/../lib/gcc/arm-none-eabi/14.2.1/thumb/v7e-m+fp/hard\libc_nano.a(libc_a-memset.o)
 .ARM.attributes
                0x0000072b       0x34 E:/VSCODE_TOOL/arm-gnu-toolchain-14.2.rel1-mingw-w64-i686-arm-none-eabi/bin/../lib/gcc/arm-none-eabi/14.2.1/thumb/v7e-m+fp/hard\libc_nano.a(libc_a-init.o)
 .ARM.attributes
                0x0000075f       0x34 E:/VSCODE_TOOL/arm-gnu-toolchain-14.2.rel1-mingw-w64-i686-arm-none-eabi/bin/../lib/gcc/arm-none-eabi/14.2.1/thumb/v7e-m+fp/hard\libc_nano.a(libc_a-memcpy-stub.o)
 .ARM.attributes
                0x00000793       0x22 E:/VSCODE_TOOL/arm-gnu-toolchain-14.2.rel1-mingw-w64-i686-arm-none-eabi/bin/../lib/gcc/arm-none-eabi/14.2.1/thumb/v7e-m+fp/hard\libgcc.a(_aeabi_uldivmod.o)
 .ARM.attributes
                0x000007b5       0x34 E:/VSCODE_TOOL/arm-gnu-toolchain-14.2.rel1-mingw-w64-i686-arm-none-eabi/bin/../lib/gcc/arm-none-eabi/14.2.1/thumb/v7e-m+fp/hard\libgcc.a(_udivmoddi4.o)
 .ARM.attributes
                0x000007e9       0x22 E:/VSCODE_TOOL/arm-gnu-toolchain-14.2.rel1-mingw-w64-i686-arm-none-eabi/bin/../lib/gcc/arm-none-eabi/14.2.1/thumb/v7e-m+fp/hard\libgcc.a(_dvmd_tls.o)
 .ARM.attributes
                0x0000080b       0x34 E:/VSCODE_TOOL/arm-gnu-toolchain-14.2.rel1-mingw-w64-i686-arm-none-eabi/bin/../lib/gcc/arm-none-eabi/14.2.1/thumb/v7e-m+fp/hard/crtend.o
 .ARM.attributes
                0x0000083f       0x22 E:/VSCODE_TOOL/arm-gnu-toolchain-14.2.rel1-mingw-w64-i686-arm-none-eabi/bin/../lib/gcc/arm-none-eabi/14.2.1/thumb/v7e-m+fp/hard/crtn.o
OUTPUT(build/Bodyfeeling_Stick.elf elf32-littlearm)
LOAD linker stubs
LOAD E:/VSCODE_TOOL/arm-gnu-toolchain-14.2.rel1-mingw-w64-i686-arm-none-eabi/bin/../lib/gcc/arm-none-eabi/14.2.1/thumb/v7e-m+fp/hard\libc.a
LOAD E:/VSCODE_TOOL/arm-gnu-toolchain-14.2.rel1-mingw-w64-i686-arm-none-eabi/bin/../lib/gcc/arm-none-eabi/14.2.1/thumb/v7e-m+fp/hard\libm.a
LOAD E:/VSCODE_TOOL/arm-gnu-toolchain-14.2.rel1-mingw-w64-i686-arm-none-eabi/bin/../lib/gcc/arm-none-eabi/14.2.1/thumb/v7e-m+fp/hard\libgcc.a

.debug_info     0x00000000    0x2e4e8
 .debug_info    0x00000000      0xd82 build/main.o
 .debug_info    0x00000d82      0x648 build/gpio.o
 .debug_info    0x000013ca      0x4b9 build/app_freertos.o
 .debug_info    0x00001883     0x134e build/adc.o
 .debug_info    0x00002bd1      0x66c build/dma.o
 .debug_info    0x0000323d      0xdd4 build/spi.o
 .debug_info    0x00004011     0x15b3 build/tim.o
 .debug_info    0x000055c4     0x1565 build/usart.o
 .debug_info    0x00006b29      0xefb build/stm32g4xx_it.o
 .debug_info    0x00007a24      0x5cd build/stm32g4xx_hal_msp.o
 .debug_info    0x00007ff1      0xfd1 build/stm32g4xx_hal_timebase_tim.o
 .debug_info    0x00008fc2     0x3892 build/stm32g4xx_hal_adc.o
 .debug_info    0x0000c854     0x3154 build/stm32g4xx_hal_adc_ex.o
 .debug_info    0x0000f9a8      0xd0f build/stm32g4xx_hal.o
 .debug_info    0x000106b7      0xffb build/stm32g4xx_hal_rcc.o
 .debug_info    0x000116b2     0x1047 build/stm32g4xx_hal_rcc_ex.o
 .debug_info    0x000126f9      0x92d build/stm32g4xx_hal_gpio.o
 .debug_info    0x00013026      0xb00 build/stm32g4xx_hal_dma.o
 .debug_info    0x00013b26      0xb1d build/stm32g4xx_hal_pwr_ex.o
 .debug_info    0x00014643     0x118d build/stm32g4xx_hal_cortex.o
 .debug_info    0x000157d0     0x249b build/stm32g4xx_hal_spi.o
 .debug_info    0x00017c6b     0x449e build/stm32g4xx_hal_tim.o
 .debug_info    0x0001c109     0x2895 build/stm32g4xx_hal_tim_ex.o
 .debug_info    0x0001e99e     0x6709 build/stm32g4xx_hal_uart.o
 .debug_info    0x000250a7     0x1429 build/stm32g4xx_hal_uart_ex.o
 .debug_info    0x000264d0      0x649 build/system_stm32g4xx.o
 .debug_info    0x00026b19      0x30f build/list.o
 .debug_info    0x00026e28     0x2104 build/queue.o
 .debug_info    0x00028f2c     0x27d7 build/tasks.o
 .debug_info    0x0002b703     0x21e7 build/cmsis_os.o
 .debug_info    0x0002d8ea      0x60c build/heap_4.o
 .debug_info    0x0002def6      0x5c2 build/port.o
 .debug_info    0x0002e4b8       0x30 build/startup_stm32g431xx.o

.debug_abbrev   0x00000000     0x5079
 .debug_abbrev  0x00000000      0x267 build/main.o
 .debug_abbrev  0x00000267      0x160 build/gpio.o
 .debug_abbrev  0x000003c7      0x178 build/app_freertos.o
 .debug_abbrev  0x0000053f      0x20f build/adc.o
 .debug_abbrev  0x0000074e      0x11d build/dma.o
 .debug_abbrev  0x0000086b      0x208 build/spi.o
 .debug_abbrev  0x00000a73      0x2b1 build/tim.o
 .debug_abbrev  0x00000d24      0x26a build/usart.o
 .debug_abbrev  0x00000f8e      0x193 build/stm32g4xx_it.o
 .debug_abbrev  0x00001121      0x130 build/stm32g4xx_hal_msp.o
 .debug_abbrev  0x00001251      0x23c build/stm32g4xx_hal_timebase_tim.o
 .debug_abbrev  0x0000148d      0x345 build/stm32g4xx_hal_adc.o
 .debug_abbrev  0x000017d2      0x3db build/stm32g4xx_hal_adc_ex.o
 .debug_abbrev  0x00001bad      0x298 build/stm32g4xx_hal.o
 .debug_abbrev  0x00001e45      0x2de build/stm32g4xx_hal_rcc.o
 .debug_abbrev  0x00002123      0x290 build/stm32g4xx_hal_rcc_ex.o
 .debug_abbrev  0x000023b3      0x222 build/stm32g4xx_hal_gpio.o
 .debug_abbrev  0x000025d5      0x250 build/stm32g4xx_hal_dma.o
 .debug_abbrev  0x00002825      0x263 build/stm32g4xx_hal_pwr_ex.o
 .debug_abbrev  0x00002a88      0x3ca build/stm32g4xx_hal_cortex.o
 .debug_abbrev  0x00002e52      0x2b9 build/stm32g4xx_hal_spi.o
 .debug_abbrev  0x0000310b      0x2cc build/stm32g4xx_hal_tim.o
 .debug_abbrev  0x000033d7      0x2db build/stm32g4xx_hal_tim_ex.o
 .debug_abbrev  0x000036b2      0x35c build/stm32g4xx_hal_uart.o
 .debug_abbrev  0x00003a0e      0x351 build/stm32g4xx_hal_uart_ex.o
 .debug_abbrev  0x00003d5f      0x11b build/system_stm32g4xx.o
 .debug_abbrev  0x00003e7a      0x124 build/list.o
 .debug_abbrev  0x00003f9e      0x3d1 build/queue.o
 .debug_abbrev  0x0000436f      0x3cc build/tasks.o
 .debug_abbrev  0x0000473b      0x3f8 build/cmsis_os.o
 .debug_abbrev  0x00004b33      0x27a build/heap_4.o
 .debug_abbrev  0x00004dad      0x2af build/port.o
 .debug_abbrev  0x0000505c       0x1d build/startup_stm32g431xx.o

.debug_loc      0x00000000    0x23f34
 .debug_loc     0x00000000       0xd4 build/main.o
 .debug_loc     0x000000d4       0x39 build/gpio.o
 .debug_loc     0x0000010d      0x11a build/app_freertos.o
 .debug_loc     0x00000227      0x104 build/adc.o
 .debug_loc     0x0000032b       0x38 build/dma.o
 .debug_loc     0x00000363      0x186 build/spi.o
 .debug_loc     0x000004e9      0x28c build/tim.o
 .debug_loc     0x00000775      0x11e build/usart.o
 .debug_loc     0x00000893       0xe0 build/stm32g4xx_it.o
 .debug_loc     0x00000973       0x38 build/stm32g4xx_hal_msp.o
 .debug_loc     0x000009ab      0x120 build/stm32g4xx_hal_timebase_tim.o
 .debug_loc     0x00000acb     0x2abb build/stm32g4xx_hal_adc.o
 .debug_loc     0x00003586     0x28d1 build/stm32g4xx_hal_adc_ex.o
 .debug_loc     0x00005e57      0x2cd build/stm32g4xx_hal.o
 .debug_loc     0x00006124      0x9db build/stm32g4xx_hal_rcc.o
 .debug_loc     0x00006aff     0x148f build/stm32g4xx_hal_rcc_ex.o
 .debug_loc     0x00007f8e      0x499 build/stm32g4xx_hal_gpio.o
 .debug_loc     0x00008427      0xa71 build/stm32g4xx_hal_dma.o
 .debug_loc     0x00008e98      0xa04 build/stm32g4xx_hal_pwr_ex.o
 .debug_loc     0x0000989c      0x8f1 build/stm32g4xx_hal_cortex.o
 .debug_loc     0x0000a18d     0x2cc0 build/stm32g4xx_hal_spi.o
 .debug_loc     0x0000ce4d     0x688f build/stm32g4xx_hal_tim.o
 .debug_loc     0x000136dc     0x35da build/stm32g4xx_hal_tim_ex.o
 .debug_loc     0x00016cb6     0x64a8 build/stm32g4xx_hal_uart.o
 .debug_loc     0x0001d15e      0xf19 build/stm32g4xx_hal_uart_ex.o
 .debug_loc     0x0001e077       0x9d build/system_stm32g4xx.o
 .debug_loc     0x0001e114       0xeb build/list.o
 .debug_loc     0x0001e1ff     0x193f build/queue.o
 .debug_loc     0x0001fb3e     0x2276 build/tasks.o
 .debug_loc     0x00021db4     0x1a9e build/cmsis_os.o
 .debug_loc     0x00023852      0x51c build/heap_4.o
 .debug_loc     0x00023d6e      0x1c6 build/port.o

.debug_aranges  0x00000000     0x1b10
 .debug_aranges
                0x00000000       0x38 build/main.o
 .debug_aranges
                0x00000038       0x20 build/gpio.o
 .debug_aranges
                0x00000058       0x38 build/app_freertos.o
 .debug_aranges
                0x00000090       0x30 build/adc.o
 .debug_aranges
                0x000000c0       0x20 build/dma.o
 .debug_aranges
                0x000000e0       0x38 build/spi.o
 .debug_aranges
                0x00000118       0x58 build/tim.o
 .debug_aranges
                0x00000170       0x38 build/usart.o
 .debug_aranges
                0x000001a8       0x80 build/stm32g4xx_it.o
 .debug_aranges
                0x00000228       0x20 build/stm32g4xx_hal_msp.o
 .debug_aranges
                0x00000248       0x30 build/stm32g4xx_hal_timebase_tim.o
 .debug_aranges
                0x00000278      0x120 build/stm32g4xx_hal_adc.o
 .debug_aranges
                0x00000398      0x100 build/stm32g4xx_hal_adc_ex.o
 .debug_aranges
                0x00000498      0x148 build/stm32g4xx_hal.o
 .debug_aranges
                0x000005e0       0x98 build/stm32g4xx_hal_rcc.o
 .debug_aranges
                0x00000678       0xb0 build/stm32g4xx_hal_rcc_ex.o
 .debug_aranges
                0x00000728       0x58 build/stm32g4xx_hal_gpio.o
 .debug_aranges
                0x00000780       0x90 build/stm32g4xx_hal_dma.o
 .debug_aranges
                0x00000810      0x140 build/stm32g4xx_hal_pwr_ex.o
 .debug_aranges
                0x00000950       0xf0 build/stm32g4xx_hal_cortex.o
 .debug_aranges
                0x00000a40      0x1d8 build/stm32g4xx_hal_spi.o
 .debug_aranges
                0x00000c18      0x3e0 build/stm32g4xx_hal_tim.o
 .debug_aranges
                0x00000ff8      0x240 build/stm32g4xx_hal_tim_ex.o
 .debug_aranges
                0x00001238      0x248 build/stm32g4xx_hal_uart.o
 .debug_aranges
                0x00001480       0xa8 build/stm32g4xx_hal_uart_ex.o
 .debug_aranges
                0x00001528       0x28 build/system_stm32g4xx.o
 .debug_aranges
                0x00001550       0x40 build/list.o
 .debug_aranges
                0x00001590       0xf8 build/queue.o
 .debug_aranges
                0x00001688      0x1b0 build/tasks.o
 .debug_aranges
                0x00001838      0x1d8 build/cmsis_os.o
 .debug_aranges
                0x00001a10       0x58 build/heap_4.o
 .debug_aranges
                0x00001a68       0x80 build/port.o
 .debug_aranges
                0x00001ae8       0x28 build/startup_stm32g431xx.o

.debug_ranges   0x00000000     0x1db0
 .debug_ranges  0x00000000       0x28 build/main.o
 .debug_ranges  0x00000028       0x10 build/gpio.o
 .debug_ranges  0x00000038       0x28 build/app_freertos.o
 .debug_ranges  0x00000060       0x20 build/adc.o
 .debug_ranges  0x00000080       0x10 build/dma.o
 .debug_ranges  0x00000090       0x28 build/spi.o
 .debug_ranges  0x000000b8       0x48 build/tim.o
 .debug_ranges  0x00000100       0x28 build/usart.o
 .debug_ranges  0x00000128       0x70 build/stm32g4xx_it.o
 .debug_ranges  0x00000198       0x10 build/stm32g4xx_hal_msp.o
 .debug_ranges  0x000001a8       0x20 build/stm32g4xx_hal_timebase_tim.o
 .debug_ranges  0x000001c8      0x2d8 build/stm32g4xx_hal_adc.o
 .debug_ranges  0x000004a0      0x1f8 build/stm32g4xx_hal_adc_ex.o
 .debug_ranges  0x00000698      0x138 build/stm32g4xx_hal.o
 .debug_ranges  0x000007d0       0xa0 build/stm32g4xx_hal_rcc.o
 .debug_ranges  0x00000870       0xb8 build/stm32g4xx_hal_rcc_ex.o
 .debug_ranges  0x00000928       0x48 build/stm32g4xx_hal_gpio.o
 .debug_ranges  0x00000970       0x80 build/stm32g4xx_hal_dma.o
 .debug_ranges  0x000009f0      0x130 build/stm32g4xx_hal_pwr_ex.o
 .debug_ranges  0x00000b20       0xe0 build/stm32g4xx_hal_cortex.o
 .debug_ranges  0x00000c00      0x1c8 build/stm32g4xx_hal_spi.o
 .debug_ranges  0x00000dc8      0x3d0 build/stm32g4xx_hal_tim.o
 .debug_ranges  0x00001198      0x230 build/stm32g4xx_hal_tim_ex.o
 .debug_ranges  0x000013c8      0x238 build/stm32g4xx_hal_uart.o
 .debug_ranges  0x00001600       0xb0 build/stm32g4xx_hal_uart_ex.o
 .debug_ranges  0x000016b0       0x18 build/system_stm32g4xx.o
 .debug_ranges  0x000016c8       0x30 build/list.o
 .debug_ranges  0x000016f8      0x1a0 build/queue.o
 .debug_ranges  0x00001898      0x260 build/tasks.o
 .debug_ranges  0x00001af8      0x1c8 build/cmsis_os.o
 .debug_ranges  0x00001cc0       0x48 build/heap_4.o
 .debug_ranges  0x00001d08       0x88 build/port.o
 .debug_ranges  0x00001d90       0x20 build/startup_stm32g431xx.o

.debug_line     0x00000000    0x20567
 .debug_line    0x00000000      0x3eb build/main.o
 .debug_line    0x000003eb      0x253 build/gpio.o
 .debug_line    0x0000063e      0x271 build/app_freertos.o
 .debug_line    0x000008af      0x4cf build/adc.o
 .debug_line    0x00000d7e      0x1b9 build/dma.o
 .debug_line    0x00000f37      0x40c build/spi.o
 .debug_line    0x00001343      0x612 build/tim.o
 .debug_line    0x00001955      0x672 build/usart.o
 .debug_line    0x00001fc7      0x31b build/stm32g4xx_it.o
 .debug_line    0x000022e2      0x1dc build/stm32g4xx_hal_msp.o
 .debug_line    0x000024be      0x2ef build/stm32g4xx_hal_timebase_tim.o
 .debug_line    0x000027ad     0x232b build/stm32g4xx_hal_adc.o
 .debug_line    0x00004ad8     0x1dce build/stm32g4xx_hal_adc_ex.o
 .debug_line    0x000068a6      0x6ff build/stm32g4xx_hal.o
 .debug_line    0x00006fa5      0xecb build/stm32g4xx_hal_rcc.o
 .debug_line    0x00007e70     0x104b build/stm32g4xx_hal_rcc_ex.o
 .debug_line    0x00008ebb      0x6da build/stm32g4xx_hal_gpio.o
 .debug_line    0x00009595      0xc56 build/stm32g4xx_hal_dma.o
 .debug_line    0x0000a1eb      0xa62 build/stm32g4xx_hal_pwr_ex.o
 .debug_line    0x0000ac4d      0x82d build/stm32g4xx_hal_cortex.o
 .debug_line    0x0000b47a     0x2944 build/stm32g4xx_hal_spi.o
 .debug_line    0x0000ddbe     0x4d43 build/stm32g4xx_hal_tim.o
 .debug_line    0x00012b01     0x227b build/stm32g4xx_hal_tim_ex.o
 .debug_line    0x00014d7c     0x4e84 build/stm32g4xx_hal_uart.o
 .debug_line    0x00019c00      0xabf build/stm32g4xx_hal_uart_ex.o
 .debug_line    0x0001a6bf      0x26e build/system_stm32g4xx.o
 .debug_line    0x0001a92d      0x383 build/list.o
 .debug_line    0x0001acb0     0x17f9 build/queue.o
 .debug_line    0x0001c4a9     0x1fd8 build/tasks.o
 .debug_line    0x0001e481     0x12da build/cmsis_os.o
 .debug_line    0x0001f75b      0x748 build/heap_4.o
 .debug_line    0x0001fea3      0x650 build/port.o
 .debug_line    0x000204f3       0x74 build/startup_stm32g431xx.o

.debug_str      0x00000000     0x8cc7
 .debug_str     0x00000000     0x8cc7 build/main.o
                                0xb2c (size before relaxing)
 .debug_str     0x00008cc7      0x395 build/gpio.o
 .debug_str     0x00008cc7      0x505 build/app_freertos.o
 .debug_str     0x00008cc7      0xc03 build/adc.o
 .debug_str     0x00008cc7      0x74f build/dma.o
 .debug_str     0x00008cc7      0x8de build/spi.o
 .debug_str     0x00008cc7     0x102e build/tim.o
 .debug_str     0x00008cc7     0x105a build/usart.o
 .debug_str     0x00008cc7      0xb8e build/stm32g4xx_it.o
 .debug_str     0x00008cc7      0x76b build/stm32g4xx_hal_msp.o
 .debug_str     0x00008cc7      0xec1 build/stm32g4xx_hal_timebase_tim.o
 .debug_str     0x00008cc7     0x12b2 build/stm32g4xx_hal_adc.o
 .debug_str     0x00008cc7     0x12ba build/stm32g4xx_hal_adc_ex.o
 .debug_str     0x00008cc7      0xc35 build/stm32g4xx_hal.o
 .debug_str     0x00008cc7      0x7f8 build/stm32g4xx_hal_rcc.o
 .debug_str     0x00008cc7      0x9df build/stm32g4xx_hal_rcc_ex.o
 .debug_str     0x00008cc7      0x509 build/stm32g4xx_hal_gpio.o
 .debug_str     0x00008cc7      0x76a build/stm32g4xx_hal_dma.o
 .debug_str     0x00008cc7      0x7ab build/stm32g4xx_hal_pwr_ex.o
 .debug_str     0x00008cc7      0xb8b build/stm32g4xx_hal_cortex.o
 .debug_str     0x00008cc7      0xcaf build/stm32g4xx_hal_spi.o
 .debug_str     0x00008cc7     0x186e build/stm32g4xx_hal_tim.o
 .debug_str     0x00008cc7     0x14e1 build/stm32g4xx_hal_tim_ex.o
 .debug_str     0x00008cc7     0x11f3 build/stm32g4xx_hal_uart.o
 .debug_str     0x00008cc7      0xb27 build/stm32g4xx_hal_uart_ex.o
 .debug_str     0x00008cc7      0x390 build/system_stm32g4xx.o
 .debug_str     0x00008cc7      0x2c7 build/list.o
 .debug_str     0x00008cc7      0xa1b build/queue.o
 .debug_str     0x00008cc7      0xe99 build/tasks.o
 .debug_str     0x00008cc7      0xdfc build/cmsis_os.o
 .debug_str     0x00008cc7      0x4e0 build/heap_4.o
 .debug_str     0x00008cc7      0x443 build/port.o
 .debug_str     0x00008cc7       0x47 build/startup_stm32g431xx.o

.comment        0x00000000       0x45
 .comment       0x00000000       0x45 build/main.o
                                 0x46 (size before relaxing)
 .comment       0x00000045       0x46 build/gpio.o
 .comment       0x00000045       0x46 build/app_freertos.o
 .comment       0x00000045       0x46 build/adc.o
 .comment       0x00000045       0x46 build/dma.o
 .comment       0x00000045       0x46 build/spi.o
 .comment       0x00000045       0x46 build/tim.o
 .comment       0x00000045       0x46 build/usart.o
 .comment       0x00000045       0x46 build/stm32g4xx_it.o
 .comment       0x00000045       0x46 build/stm32g4xx_hal_msp.o
 .comment       0x00000045       0x46 build/stm32g4xx_hal_timebase_tim.o
 .comment       0x00000045       0x46 build/stm32g4xx_hal_adc.o
 .comment       0x00000045       0x46 build/stm32g4xx_hal_adc_ex.o
 .comment       0x00000045       0x46 build/stm32g4xx_hal.o
 .comment       0x00000045       0x46 build/stm32g4xx_hal_rcc.o
 .comment       0x00000045       0x46 build/stm32g4xx_hal_rcc_ex.o
 .comment       0x00000045       0x46 build/stm32g4xx_hal_gpio.o
 .comment       0x00000045       0x46 build/stm32g4xx_hal_dma.o
 .comment       0x00000045       0x46 build/stm32g4xx_hal_pwr_ex.o
 .comment       0x00000045       0x46 build/stm32g4xx_hal_cortex.o
 .comment       0x00000045       0x46 build/stm32g4xx_hal_spi.o
 .comment       0x00000045       0x46 build/stm32g4xx_hal_tim.o
 .comment       0x00000045       0x46 build/stm32g4xx_hal_tim_ex.o
 .comment       0x00000045       0x46 build/stm32g4xx_hal_uart.o
 .comment       0x00000045       0x46 build/stm32g4xx_hal_uart_ex.o
 .comment       0x00000045       0x46 build/system_stm32g4xx.o
 .comment       0x00000045       0x46 build/list.o
 .comment       0x00000045       0x46 build/queue.o
 .comment       0x00000045       0x46 build/tasks.o
 .comment       0x00000045       0x46 build/cmsis_os.o
 .comment       0x00000045       0x46 build/heap_4.o
 .comment       0x00000045       0x46 build/port.o

.debug_frame    0x00000000     0x48f8
 .debug_frame   0x00000000       0x70 build/main.o
 .debug_frame   0x00000070       0x34 build/gpio.o
 .debug_frame   0x000000a4       0x78 build/app_freertos.o
 .debug_frame   0x0000011c       0x74 build/adc.o
 .debug_frame   0x00000190       0x2c build/dma.o
 .debug_frame   0x000001bc       0x78 build/spi.o
 .debug_frame   0x00000234       0xf8 build/tim.o
 .debug_frame   0x0000032c       0x7c build/usart.o
 .debug_frame   0x000003a8      0x118 build/stm32g4xx_it.o
 .debug_frame   0x000004c0       0x2c build/stm32g4xx_hal_msp.o
 .debug_frame   0x000004ec       0x54 build/stm32g4xx_hal_timebase_tim.o
 .debug_frame   0x00000540      0x340 build/stm32g4xx_hal_adc.o
 .debug_frame   0x00000880      0x2ec build/stm32g4xx_hal_adc_ex.o
 .debug_frame   0x00000b6c      0x2a4 build/stm32g4xx_hal.o
 .debug_frame   0x00000e10      0x198 build/stm32g4xx_hal_rcc.o
 .debug_frame   0x00000fa8      0x1a0 build/stm32g4xx_hal_rcc_ex.o
 .debug_frame   0x00001148       0xd0 build/stm32g4xx_hal_gpio.o
 .debug_frame   0x00001218      0x170 build/stm32g4xx_hal_dma.o
 .debug_frame   0x00001388      0x268 build/stm32g4xx_hal_pwr_ex.o
 .debug_frame   0x000015f0      0x204 build/stm32g4xx_hal_cortex.o
 .debug_frame   0x000017f4      0x5e4 build/stm32g4xx_hal_spi.o
 .debug_frame   0x00001dd8      0xb58 build/stm32g4xx_hal_tim.o
 .debug_frame   0x00002930      0x618 build/stm32g4xx_hal_tim_ex.o
 .debug_frame   0x00002f48      0x67c build/stm32g4xx_hal_uart.o
 .debug_frame   0x000035c4      0x1d8 build/stm32g4xx_hal_uart_ex.o
 .debug_frame   0x0000379c       0x30 build/system_stm32g4xx.o
 .debug_frame   0x000037cc       0x70 build/list.o
 .debug_frame   0x0000383c      0x314 build/queue.o
 .debug_frame   0x00003b50      0x578 build/tasks.o
 .debug_frame   0x000040c8      0x57c build/cmsis_os.o
 .debug_frame   0x00004644       0xd0 build/heap_4.o
 .debug_frame   0x00004714      0x110 build/port.o
 .debug_frame   0x00004824       0x20 E:/VSCODE_TOOL/arm-gnu-toolchain-14.2.rel1-mingw-w64-i686-arm-none-eabi/bin/../lib/gcc/arm-none-eabi/14.2.1/thumb/v7e-m+fp/hard\libc_nano.a(libc_a-memset.o)
 .debug_frame   0x00004844       0x2c E:/VSCODE_TOOL/arm-gnu-toolchain-14.2.rel1-mingw-w64-i686-arm-none-eabi/bin/../lib/gcc/arm-none-eabi/14.2.1/thumb/v7e-m+fp/hard\libc_nano.a(libc_a-init.o)
 .debug_frame   0x00004870       0x28 E:/VSCODE_TOOL/arm-gnu-toolchain-14.2.rel1-mingw-w64-i686-arm-none-eabi/bin/../lib/gcc/arm-none-eabi/14.2.1/thumb/v7e-m+fp/hard\libc_nano.a(libc_a-memcpy-stub.o)
 .debug_frame   0x00004898       0x2c E:/VSCODE_TOOL/arm-gnu-toolchain-14.2.rel1-mingw-w64-i686-arm-none-eabi/bin/../lib/gcc/arm-none-eabi/14.2.1/thumb/v7e-m+fp/hard\libgcc.a(_aeabi_uldivmod.o)
 .debug_frame   0x000048c4       0x34 E:/VSCODE_TOOL/arm-gnu-toolchain-14.2.rel1-mingw-w64-i686-arm-none-eabi/bin/../lib/gcc/arm-none-eabi/14.2.1/thumb/v7e-m+fp/hard\libgcc.a(_udivmoddi4.o)

.debug_line_str
                0x00000000       0xd5
 .debug_line_str
                0x00000000       0xd5 E:/VSCODE_TOOL/arm-gnu-toolchain-14.2.rel1-mingw-w64-i686-arm-none-eabi/bin/../lib/gcc/arm-none-eabi/14.2.1/thumb/v7e-m+fp/hard\libgcc.a(_aeabi_uldivmod.o)
                                 0xc9 (size before relaxing)
 .debug_line_str
                0x000000d5       0xcd E:/VSCODE_TOOL/arm-gnu-toolchain-14.2.rel1-mingw-w64-i686-arm-none-eabi/bin/../lib/gcc/arm-none-eabi/14.2.1/thumb/v7e-m+fp/hard\libgcc.a(_dvmd_tls.o)

Cross Reference Table

Symbol                                            File
ADC1_2_IRQHandler                                 build/startup_stm32g431xx.o
ADC_ConversionStop                                build/stm32g4xx_hal_adc.o
                                                  build/stm32g4xx_hal_adc_ex.o
ADC_DMAConvCplt                                   build/stm32g4xx_hal_adc.o
                                                  build/stm32g4xx_hal_adc_ex.o
ADC_DMAError                                      build/stm32g4xx_hal_adc.o
                                                  build/stm32g4xx_hal_adc_ex.o
ADC_DMAHalfConvCplt                               build/stm32g4xx_hal_adc.o
                                                  build/stm32g4xx_hal_adc_ex.o
ADC_Disable                                       build/stm32g4xx_hal_adc.o
                                                  build/stm32g4xx_hal_adc_ex.o
ADC_Enable                                        build/stm32g4xx_hal_adc.o
                                                  build/stm32g4xx_hal_adc_ex.o
AHBPrescTable                                     build/system_stm32g4xx.o
                                                  build/stm32g4xx_hal_rcc.o
APBPrescTable                                     build/system_stm32g4xx.o
                                                  build/stm32g4xx_hal_rcc.o
BusFault_Handler                                  build/stm32g4xx_it.o
COMP1_2_3_IRQHandler                              build/startup_stm32g431xx.o
COMP4_IRQHandler                                  build/startup_stm32g431xx.o
CORDIC_IRQHandler                                 build/startup_stm32g431xx.o
CRS_IRQHandler                                    build/startup_stm32g431xx.o
DMA1_Channel1_IRQHandler                          build/stm32g4xx_it.o
DMA1_Channel2_IRQHandler                          build/startup_stm32g431xx.o
DMA1_Channel3_IRQHandler                          build/startup_stm32g431xx.o
DMA1_Channel4_IRQHandler                          build/stm32g4xx_it.o
DMA1_Channel5_IRQHandler                          build/stm32g4xx_it.o
DMA1_Channel6_IRQHandler                          build/stm32g4xx_it.o
DMA2_Channel1_IRQHandler                          build/startup_stm32g431xx.o
DMA2_Channel2_IRQHandler                          build/startup_stm32g431xx.o
DMA2_Channel3_IRQHandler                          build/startup_stm32g431xx.o
DMA2_Channel4_IRQHandler                          build/startup_stm32g431xx.o
DMA2_Channel5_IRQHandler                          build/startup_stm32g431xx.o
DMA2_Channel6_IRQHandler                          build/startup_stm32g431xx.o
DMAMUX_OVR_IRQHandler                             build/startup_stm32g431xx.o
DebugMon_Handler                                  build/stm32g4xx_it.o
Default_Handler                                   build/startup_stm32g431xx.o
EXTI0_IRQHandler                                  build/startup_stm32g431xx.o
EXTI15_10_IRQHandler                              build/startup_stm32g431xx.o
EXTI1_IRQHandler                                  build/startup_stm32g431xx.o
EXTI2_IRQHandler                                  build/startup_stm32g431xx.o
EXTI3_IRQHandler                                  build/startup_stm32g431xx.o
EXTI4_IRQHandler                                  build/startup_stm32g431xx.o
EXTI9_5_IRQHandler                                build/startup_stm32g431xx.o
Error_Handler                                     build/main.o
                                                  build/usart.o
                                                  build/tim.o
                                                  build/spi.o
                                                  build/adc.o
FDCAN1_IT0_IRQHandler                             build/startup_stm32g431xx.o
FDCAN1_IT1_IRQHandler                             build/startup_stm32g431xx.o
FLASH_FlushCaches                                 build/stm32g4xx_hal_flash_ex.o
                                                  build/stm32g4xx_hal_flash.o
FLASH_IRQHandler                                  build/startup_stm32g431xx.o
FLASH_PageErase                                   build/stm32g4xx_hal_flash_ex.o
                                                  build/stm32g4xx_hal_flash.o
FLASH_WaitForLastOperation                        build/stm32g4xx_hal_flash.o
                                                  build/stm32g4xx_hal_flash_ex.o
FMAC_IRQHandler                                   build/startup_stm32g431xx.o
FPU_IRQHandler                                    build/startup_stm32g431xx.o
HAL_ADCEx_Calibration_GetValue                    build/stm32g4xx_hal_adc_ex.o
HAL_ADCEx_Calibration_SetValue                    build/stm32g4xx_hal_adc_ex.o
HAL_ADCEx_Calibration_Start                       build/stm32g4xx_hal_adc_ex.o
HAL_ADCEx_DisableInjectedQueue                    build/stm32g4xx_hal_adc_ex.o
HAL_ADCEx_DisableVoltageRegulator                 build/stm32g4xx_hal_adc_ex.o
HAL_ADCEx_EnableInjectedQueue                     build/stm32g4xx_hal_adc_ex.o
HAL_ADCEx_EndOfSamplingCallback                   build/stm32g4xx_hal_adc_ex.o
                                                  build/stm32g4xx_hal_adc.o
HAL_ADCEx_EnterADCDeepPowerDownMode               build/stm32g4xx_hal_adc_ex.o
HAL_ADCEx_InjectedConfigChannel                   build/stm32g4xx_hal_adc_ex.o
HAL_ADCEx_InjectedConvCpltCallback                build/stm32g4xx_hal_adc_ex.o
                                                  build/stm32g4xx_hal_adc.o
HAL_ADCEx_InjectedGetValue                        build/stm32g4xx_hal_adc_ex.o
HAL_ADCEx_InjectedPollForConversion               build/stm32g4xx_hal_adc_ex.o
HAL_ADCEx_InjectedQueueOverflowCallback           build/stm32g4xx_hal_adc_ex.o
                                                  build/stm32g4xx_hal_adc.o
HAL_ADCEx_InjectedStart                           build/stm32g4xx_hal_adc_ex.o
HAL_ADCEx_InjectedStart_IT                        build/stm32g4xx_hal_adc_ex.o
HAL_ADCEx_InjectedStop                            build/stm32g4xx_hal_adc_ex.o
HAL_ADCEx_InjectedStop_IT                         build/stm32g4xx_hal_adc_ex.o
HAL_ADCEx_LevelOutOfWindow2Callback               build/stm32g4xx_hal_adc_ex.o
                                                  build/stm32g4xx_hal_adc.o
HAL_ADCEx_LevelOutOfWindow3Callback               build/stm32g4xx_hal_adc_ex.o
                                                  build/stm32g4xx_hal_adc.o
HAL_ADCEx_MultiModeConfigChannel                  build/stm32g4xx_hal_adc_ex.o
                                                  build/adc.o
HAL_ADCEx_MultiModeGetValue                       build/stm32g4xx_hal_adc_ex.o
HAL_ADCEx_MultiModeStart_DMA                      build/stm32g4xx_hal_adc_ex.o
HAL_ADCEx_MultiModeStop_DMA                       build/stm32g4xx_hal_adc_ex.o
HAL_ADCEx_RegularMultiModeStop_DMA                build/stm32g4xx_hal_adc_ex.o
HAL_ADCEx_RegularStop                             build/stm32g4xx_hal_adc_ex.o
HAL_ADCEx_RegularStop_DMA                         build/stm32g4xx_hal_adc_ex.o
HAL_ADCEx_RegularStop_IT                          build/stm32g4xx_hal_adc_ex.o
HAL_ADC_AnalogWDGConfig                           build/stm32g4xx_hal_adc.o
HAL_ADC_ConfigChannel                             build/stm32g4xx_hal_adc.o
                                                  build/adc.o
HAL_ADC_ConvCpltCallback                          build/stm32g4xx_hal_adc.o
HAL_ADC_ConvHalfCpltCallback                      build/stm32g4xx_hal_adc.o
HAL_ADC_DeInit                                    build/stm32g4xx_hal_adc.o
HAL_ADC_ErrorCallback                             build/stm32g4xx_hal_adc.o
HAL_ADC_GetError                                  build/stm32g4xx_hal_adc.o
HAL_ADC_GetState                                  build/stm32g4xx_hal_adc.o
HAL_ADC_GetValue                                  build/stm32g4xx_hal_adc.o
HAL_ADC_IRQHandler                                build/stm32g4xx_hal_adc.o
HAL_ADC_Init                                      build/stm32g4xx_hal_adc.o
                                                  build/adc.o
HAL_ADC_LevelOutOfWindowCallback                  build/stm32g4xx_hal_adc.o
HAL_ADC_MspDeInit                                 build/adc.o
HAL_ADC_MspInit                                   build/adc.o
HAL_ADC_PollForConversion                         build/stm32g4xx_hal_adc.o
HAL_ADC_PollForEvent                              build/stm32g4xx_hal_adc.o
HAL_ADC_Start                                     build/stm32g4xx_hal_adc.o
HAL_ADC_StartSampling                             build/stm32g4xx_hal_adc.o
HAL_ADC_Start_DMA                                 build/stm32g4xx_hal_adc.o
HAL_ADC_Start_IT                                  build/stm32g4xx_hal_adc.o
HAL_ADC_Stop                                      build/stm32g4xx_hal_adc.o
HAL_ADC_StopSampling                              build/stm32g4xx_hal_adc.o
HAL_ADC_Stop_DMA                                  build/stm32g4xx_hal_adc.o
HAL_ADC_Stop_IT                                   build/stm32g4xx_hal_adc.o
HAL_DBGMCU_DisableDBGSleepMode                    build/stm32g4xx_hal.o
HAL_DBGMCU_DisableDBGStandbyMode                  build/stm32g4xx_hal.o
HAL_DBGMCU_DisableDBGStopMode                     build/stm32g4xx_hal.o
HAL_DBGMCU_EnableDBGSleepMode                     build/stm32g4xx_hal.o
HAL_DBGMCU_EnableDBGStandbyMode                   build/stm32g4xx_hal.o
HAL_DBGMCU_EnableDBGStopMode                      build/stm32g4xx_hal.o
HAL_DMAEx_ConfigMuxRequestGenerator               build/stm32g4xx_hal_dma_ex.o
HAL_DMAEx_ConfigMuxSync                           build/stm32g4xx_hal_dma_ex.o
HAL_DMAEx_DisableMuxRequestGenerator              build/stm32g4xx_hal_dma_ex.o
HAL_DMAEx_EnableMuxRequestGenerator               build/stm32g4xx_hal_dma_ex.o
HAL_DMAEx_MUX_IRQHandler                          build/stm32g4xx_hal_dma_ex.o
HAL_DMA_Abort                                     build/stm32g4xx_hal_dma.o
                                                  build/stm32g4xx_hal_uart.o
                                                  build/stm32g4xx_hal_spi.o
                                                  build/stm32g4xx_hal_adc_ex.o
                                                  build/stm32g4xx_hal_adc.o
HAL_DMA_Abort_IT                                  build/stm32g4xx_hal_dma.o
                                                  build/stm32g4xx_hal_uart.o
                                                  build/stm32g4xx_hal_tim_ex.o
                                                  build/stm32g4xx_hal_tim.o
                                                  build/stm32g4xx_hal_spi.o
HAL_DMA_DeInit                                    build/stm32g4xx_hal_dma.o
                                                  build/usart.o
                                                  build/adc.o
HAL_DMA_GetError                                  build/stm32g4xx_hal_dma.o
                                                  build/stm32g4xx_hal_uart.o
HAL_DMA_GetState                                  build/stm32g4xx_hal_dma.o
HAL_DMA_IRQHandler                                build/stm32g4xx_hal_dma.o
                                                  build/stm32g4xx_it.o
HAL_DMA_Init                                      build/stm32g4xx_hal_dma.o
                                                  build/usart.o
                                                  build/adc.o
HAL_DMA_PollForTransfer                           build/stm32g4xx_hal_dma.o
HAL_DMA_RegisterCallback                          build/stm32g4xx_hal_dma.o
HAL_DMA_Start                                     build/stm32g4xx_hal_dma.o
HAL_DMA_Start_IT                                  build/stm32g4xx_hal_dma.o
                                                  build/stm32g4xx_hal_uart.o
                                                  build/stm32g4xx_hal_tim_ex.o
                                                  build/stm32g4xx_hal_tim.o
                                                  build/stm32g4xx_hal_spi.o
                                                  build/stm32g4xx_hal_adc_ex.o
                                                  build/stm32g4xx_hal_adc.o
HAL_DMA_UnRegisterCallback                        build/stm32g4xx_hal_dma.o
HAL_DeInit                                        build/stm32g4xx_hal.o
HAL_Delay                                         build/stm32g4xx_hal.o
HAL_EXTI_ClearConfigLine                          build/stm32g4xx_hal_exti.o
HAL_EXTI_ClearPending                             build/stm32g4xx_hal_exti.o
HAL_EXTI_GenerateSWI                              build/stm32g4xx_hal_exti.o
HAL_EXTI_GetConfigLine                            build/stm32g4xx_hal_exti.o
HAL_EXTI_GetHandle                                build/stm32g4xx_hal_exti.o
HAL_EXTI_GetPending                               build/stm32g4xx_hal_exti.o
HAL_EXTI_IRQHandler                               build/stm32g4xx_hal_exti.o
HAL_EXTI_RegisterCallback                         build/stm32g4xx_hal_exti.o
HAL_EXTI_SetConfigLine                            build/stm32g4xx_hal_exti.o
HAL_FLASHEx_DisableDebugger                       build/stm32g4xx_hal_flash_ex.o
HAL_FLASHEx_DisableRunPowerDown                   build/stm32g4xx_hal_flash_ramfunc.o
HAL_FLASHEx_EnableDebugger                        build/stm32g4xx_hal_flash_ex.o
HAL_FLASHEx_EnableRunPowerDown                    build/stm32g4xx_hal_flash_ramfunc.o
HAL_FLASHEx_EnableSecMemProtection                build/stm32g4xx_hal_flash_ex.o
HAL_FLASHEx_Erase                                 build/stm32g4xx_hal_flash_ex.o
HAL_FLASHEx_Erase_IT                              build/stm32g4xx_hal_flash_ex.o
HAL_FLASHEx_OBGetConfig                           build/stm32g4xx_hal_flash_ex.o
HAL_FLASHEx_OBProgram                             build/stm32g4xx_hal_flash_ex.o
HAL_FLASH_EndOfOperationCallback                  build/stm32g4xx_hal_flash.o
HAL_FLASH_GetError                                build/stm32g4xx_hal_flash.o
HAL_FLASH_IRQHandler                              build/stm32g4xx_hal_flash.o
HAL_FLASH_Lock                                    build/stm32g4xx_hal_flash.o
HAL_FLASH_OB_Launch                               build/stm32g4xx_hal_flash.o
HAL_FLASH_OB_Lock                                 build/stm32g4xx_hal_flash.o
HAL_FLASH_OB_Unlock                               build/stm32g4xx_hal_flash.o
HAL_FLASH_OperationErrorCallback                  build/stm32g4xx_hal_flash.o
HAL_FLASH_Program                                 build/stm32g4xx_hal_flash.o
HAL_FLASH_Program_IT                              build/stm32g4xx_hal_flash.o
HAL_FLASH_Unlock                                  build/stm32g4xx_hal_flash.o
HAL_GPIO_DeInit                                   build/stm32g4xx_hal_gpio.o
                                                  build/usart.o
                                                  build/spi.o
                                                  build/adc.o
HAL_GPIO_EXTI_Callback                            build/stm32g4xx_hal_gpio.o
HAL_GPIO_EXTI_IRQHandler                          build/stm32g4xx_hal_gpio.o
HAL_GPIO_Init                                     build/stm32g4xx_hal_gpio.o
                                                  build/stm32g4xx_hal_rcc_ex.o
                                                  build/stm32g4xx_hal_rcc.o
                                                  build/usart.o
                                                  build/tim.o
                                                  build/spi.o
                                                  build/adc.o
                                                  build/gpio.o
HAL_GPIO_LockPin                                  build/stm32g4xx_hal_gpio.o
HAL_GPIO_ReadPin                                  build/stm32g4xx_hal_gpio.o
HAL_GPIO_TogglePin                                build/stm32g4xx_hal_gpio.o
HAL_GPIO_WritePin                                 build/stm32g4xx_hal_gpio.o
                                                  build/gpio.o
HAL_GetDEVID                                      build/stm32g4xx_hal.o
HAL_GetHalVersion                                 build/stm32g4xx_hal.o
HAL_GetREVID                                      build/stm32g4xx_hal.o
HAL_GetTick                                       build/stm32g4xx_hal.o
                                                  build/stm32g4xx_hal_uart_ex.o
                                                  build/stm32g4xx_hal_uart.o
                                                  build/stm32g4xx_hal_tim_ex.o
                                                  build/stm32g4xx_hal_spi.o
                                                  build/stm32g4xx_hal_dma.o
                                                  build/stm32g4xx_hal_flash.o
                                                  build/stm32g4xx_hal_rcc_ex.o
                                                  build/stm32g4xx_hal_rcc.o
                                                  build/stm32g4xx_hal_adc_ex.o
                                                  build/stm32g4xx_hal_adc.o
HAL_GetTickFreq                                   build/stm32g4xx_hal.o
HAL_GetTickPrio                                   build/stm32g4xx_hal.o
HAL_GetUIDw0                                      build/stm32g4xx_hal.o
HAL_GetUIDw1                                      build/stm32g4xx_hal.o
HAL_GetUIDw2                                      build/stm32g4xx_hal.o
HAL_HalfDuplex_EnableReceiver                     build/stm32g4xx_hal_uart.o
HAL_HalfDuplex_EnableTransmitter                  build/stm32g4xx_hal_uart.o
HAL_HalfDuplex_Init                               build/stm32g4xx_hal_uart.o
HAL_IncTick                                       build/stm32g4xx_hal.o
                                                  build/main.o
HAL_Init                                          build/stm32g4xx_hal.o
                                                  build/main.o
HAL_InitTick                                      build/stm32g4xx_hal_timebase_tim.o
                                                  build/stm32g4xx_hal_rcc.o
HAL_LIN_Init                                      build/stm32g4xx_hal_uart.o
HAL_LIN_SendBreak                                 build/stm32g4xx_hal_uart.o
HAL_MPU_ConfigRegion                              build/stm32g4xx_hal_cortex.o
HAL_MPU_Disable                                   build/stm32g4xx_hal_cortex.o
HAL_MPU_DisableRegion                             build/stm32g4xx_hal_cortex.o
HAL_MPU_Enable                                    build/stm32g4xx_hal_cortex.o
HAL_MPU_EnableRegion                              build/stm32g4xx_hal_cortex.o
HAL_MspDeInit                                     build/stm32g4xx_hal.o
HAL_MspInit                                       build/stm32g4xx_hal_msp.o
HAL_MultiProcessorEx_AddressLength_Set            build/stm32g4xx_hal_uart_ex.o
HAL_MultiProcessor_DisableMuteMode                build/stm32g4xx_hal_uart.o
HAL_MultiProcessor_EnableMuteMode                 build/stm32g4xx_hal_uart.o
HAL_MultiProcessor_EnterMuteMode                  build/stm32g4xx_hal_uart.o
HAL_MultiProcessor_Init                           build/stm32g4xx_hal_uart.o
HAL_NVIC_ClearPendingIRQ                          build/stm32g4xx_hal_cortex.o
HAL_NVIC_DisableIRQ                               build/stm32g4xx_hal_cortex.o
                                                  build/usart.o
                                                  build/tim.o
HAL_NVIC_EnableIRQ                                build/stm32g4xx_hal_cortex.o
                                                  build/stm32g4xx_hal_timebase_tim.o
                                                  build/usart.o
                                                  build/tim.o
                                                  build/dma.o
HAL_NVIC_GetActive                                build/stm32g4xx_hal_cortex.o
HAL_NVIC_GetPendingIRQ                            build/stm32g4xx_hal_cortex.o
HAL_NVIC_GetPriority                              build/stm32g4xx_hal_cortex.o
HAL_NVIC_GetPriorityGrouping                      build/stm32g4xx_hal_cortex.o
HAL_NVIC_SetPendingIRQ                            build/stm32g4xx_hal_cortex.o
HAL_NVIC_SetPriority                              build/stm32g4xx_hal_cortex.o
                                                  build/stm32g4xx_hal.o
                                                  build/stm32g4xx_hal_timebase_tim.o
                                                  build/stm32g4xx_hal_msp.o
                                                  build/usart.o
                                                  build/tim.o
                                                  build/dma.o
HAL_NVIC_SetPriorityGrouping                      build/stm32g4xx_hal_cortex.o
                                                  build/stm32g4xx_hal.o
HAL_NVIC_SystemReset                              build/stm32g4xx_hal_cortex.o
HAL_PWREx_ConfigPVM                               build/stm32g4xx_hal_pwr_ex.o
HAL_PWREx_ControlVoltageScaling                   build/stm32g4xx_hal_pwr_ex.o
                                                  build/main.o
HAL_PWREx_DisableBatteryCharging                  build/stm32g4xx_hal_pwr_ex.o
HAL_PWREx_DisableGPIOPullDown                     build/stm32g4xx_hal_pwr_ex.o
HAL_PWREx_DisableGPIOPullUp                       build/stm32g4xx_hal_pwr_ex.o
HAL_PWREx_DisableInternalWakeUpLine               build/stm32g4xx_hal_pwr_ex.o
HAL_PWREx_DisableLowPowerRunMode                  build/stm32g4xx_hal_pwr_ex.o
                                                  build/stm32g4xx_hal_pwr.o
HAL_PWREx_DisablePVM1                             build/stm32g4xx_hal_pwr_ex.o
HAL_PWREx_DisablePVM2                             build/stm32g4xx_hal_pwr_ex.o
HAL_PWREx_DisablePVM3                             build/stm32g4xx_hal_pwr_ex.o
HAL_PWREx_DisablePVM4                             build/stm32g4xx_hal_pwr_ex.o
HAL_PWREx_DisablePullUpPullDownConfig             build/stm32g4xx_hal_pwr_ex.o
HAL_PWREx_DisableSRAM2ContentRetention            build/stm32g4xx_hal_pwr_ex.o
HAL_PWREx_DisableUCPDDeadBattery                  build/stm32g4xx_hal_pwr_ex.o
                                                  build/stm32g4xx_hal_msp.o
HAL_PWREx_DisableUCPDStandbyMode                  build/stm32g4xx_hal_pwr_ex.o
HAL_PWREx_EnableBatteryCharging                   build/stm32g4xx_hal_pwr_ex.o
HAL_PWREx_EnableGPIOPullDown                      build/stm32g4xx_hal_pwr_ex.o
HAL_PWREx_EnableGPIOPullUp                        build/stm32g4xx_hal_pwr_ex.o
HAL_PWREx_EnableInternalWakeUpLine                build/stm32g4xx_hal_pwr_ex.o
HAL_PWREx_EnableLowPowerRunMode                   build/stm32g4xx_hal_pwr_ex.o
                                                  build/stm32g4xx_hal_pwr.o
HAL_PWREx_EnablePVM1                              build/stm32g4xx_hal_pwr_ex.o
HAL_PWREx_EnablePVM2                              build/stm32g4xx_hal_pwr_ex.o
HAL_PWREx_EnablePVM3                              build/stm32g4xx_hal_pwr_ex.o
HAL_PWREx_EnablePVM4                              build/stm32g4xx_hal_pwr_ex.o
HAL_PWREx_EnablePullUpPullDownConfig              build/stm32g4xx_hal_pwr_ex.o
HAL_PWREx_EnableSRAM2ContentRetention             build/stm32g4xx_hal_pwr_ex.o