Archive member included to satisfy reference by file (symbol)

E:/VSCODE_TOOL/Arm_gnu/13.3 rel1/bin/../lib/gcc/arm-none-eabi/13.3.1/thumb/v7e-m+fp/hard\libc_nano.a(libc_a-exit.o)
                              E:/VSCODE_TOOL/Arm_gnu/13.3 rel1/bin/../lib/gcc/arm-none-eabi/13.3.1/thumb/v7e-m+fp/hard/crt0.o (exit)
E:/VSCODE_TOOL/Arm_gnu/13.3 rel1/bin/../lib/gcc/arm-none-eabi/13.3.1/thumb/v7e-m+fp/hard\libc_nano.a(libc_a-findfp.o)
                              E:/VSCODE_TOOL/Arm_gnu/13.3 rel1/bin/../lib/gcc/arm-none-eabi/13.3.1/thumb/v7e-m+fp/hard\libc_nano.a(libc_a-exit.o) (__stdio_exit_handler)
E:/VSCODE_TOOL/Arm_gnu/13.3 rel1/bin/../lib/gcc/arm-none-eabi/13.3.1/thumb/v7e-m+fp/hard\libc_nano.a(libc_a-fwalk.o)
                              E:/VSCODE_TOOL/Arm_gnu/13.3 rel1/bin/../lib/gcc/arm-none-eabi/13.3.1/thumb/v7e-m+fp/hard\libc_nano.a(libc_a-findfp.o) (_fwalk_sglue)
E:/VSCODE_TOOL/Arm_gnu/13.3 rel1/bin/../lib/gcc/arm-none-eabi/13.3.1/thumb/v7e-m+fp/hard\libc_nano.a(libc_a-stdio.o)
                              E:/VSCODE_TOOL/Arm_gnu/13.3 rel1/bin/../lib/gcc/arm-none-eabi/13.3.1/thumb/v7e-m+fp/hard\libc_nano.a(libc_a-findfp.o) (__sread)
E:/VSCODE_TOOL/Arm_gnu/13.3 rel1/bin/../lib/gcc/arm-none-eabi/13.3.1/thumb/v7e-m+fp/hard\libc_nano.a(libc_a-memset.o)
                              E:/VSCODE_TOOL/Arm_gnu/13.3 rel1/bin/../lib/gcc/arm-none-eabi/13.3.1/thumb/v7e-m+fp/hard/crt0.o (memset)
E:/VSCODE_TOOL/Arm_gnu/13.3 rel1/bin/../lib/gcc/arm-none-eabi/13.3.1/thumb/v7e-m+fp/hard\libc_nano.a(libc_a-closer.o)
                              E:/VSCODE_TOOL/Arm_gnu/13.3 rel1/bin/../lib/gcc/arm-none-eabi/13.3.1/thumb/v7e-m+fp/hard\libc_nano.a(libc_a-stdio.o) (_close_r)
E:/VSCODE_TOOL/Arm_gnu/13.3 rel1/bin/../lib/gcc/arm-none-eabi/13.3.1/thumb/v7e-m+fp/hard\libc_nano.a(libc_a-reent.o)
                              E:/VSCODE_TOOL/Arm_gnu/13.3 rel1/bin/../lib/gcc/arm-none-eabi/13.3.1/thumb/v7e-m+fp/hard\libc_nano.a(libc_a-closer.o) (errno)
E:/VSCODE_TOOL/Arm_gnu/13.3 rel1/bin/../lib/gcc/arm-none-eabi/13.3.1/thumb/v7e-m+fp/hard\libc_nano.a(libc_a-impure.o)
                              E:/VSCODE_TOOL/Arm_gnu/13.3 rel1/bin/../lib/gcc/arm-none-eabi/13.3.1/thumb/v7e-m+fp/hard\libc_nano.a(libc_a-reent.o) (_impure_ptr)
E:/VSCODE_TOOL/Arm_gnu/13.3 rel1/bin/../lib/gcc/arm-none-eabi/13.3.1/thumb/v7e-m+fp/hard\libc_nano.a(libc_a-lseekr.o)
                              E:/VSCODE_TOOL/Arm_gnu/13.3 rel1/bin/../lib/gcc/arm-none-eabi/13.3.1/thumb/v7e-m+fp/hard\libc_nano.a(libc_a-stdio.o) (_lseek_r)
E:/VSCODE_TOOL/Arm_gnu/13.3 rel1/bin/../lib/gcc/arm-none-eabi/13.3.1/thumb/v7e-m+fp/hard\libc_nano.a(libc_a-readr.o)
                              E:/VSCODE_TOOL/Arm_gnu/13.3 rel1/bin/../lib/gcc/arm-none-eabi/13.3.1/thumb/v7e-m+fp/hard\libc_nano.a(libc_a-stdio.o) (_read_r)
E:/VSCODE_TOOL/Arm_gnu/13.3 rel1/bin/../lib/gcc/arm-none-eabi/13.3.1/thumb/v7e-m+fp/hard\libc_nano.a(libc_a-writer.o)
                              E:/VSCODE_TOOL/Arm_gnu/13.3 rel1/bin/../lib/gcc/arm-none-eabi/13.3.1/thumb/v7e-m+fp/hard\libc_nano.a(libc_a-stdio.o) (_write_r)
E:/VSCODE_TOOL/Arm_gnu/13.3 rel1/bin/../lib/gcc/arm-none-eabi/13.3.1/thumb/v7e-m+fp/hard\libc_nano.a(libc_a-errno.o)
                              build/sysmem.o (__errno)
E:/VSCODE_TOOL/Arm_gnu/13.3 rel1/bin/../lib/gcc/arm-none-eabi/13.3.1/thumb/v7e-m+fp/hard\libc_nano.a(libc_a-init.o)
                              E:/VSCODE_TOOL/Arm_gnu/13.3 rel1/bin/../lib/gcc/arm-none-eabi/13.3.1/thumb/v7e-m+fp/hard/crt0.o (__libc_init_array)
E:/VSCODE_TOOL/Arm_gnu/13.3 rel1/bin/../lib/gcc/arm-none-eabi/13.3.1/thumb/v7e-m+fp/hard\libc_nano.a(libc_a-lock.o)
                              E:/VSCODE_TOOL/Arm_gnu/13.3 rel1/bin/../lib/gcc/arm-none-eabi/13.3.1/thumb/v7e-m+fp/hard\libc_nano.a(libc_a-findfp.o) (__retarget_lock_init_recursive)
E:/VSCODE_TOOL/Arm_gnu/13.3 rel1/bin/../lib/gcc/arm-none-eabi/13.3.1/thumb/v7e-m+fp/hard\libc_nano.a(libc_a-memcpy-stub.o)
                              build/queue.o (memcpy)
E:/VSCODE_TOOL/Arm_gnu/13.3 rel1/bin/../lib/gcc/arm-none-eabi/13.3.1/thumb/v7e-m+fp/hard\libc_nano.a(libc_a-freer.o)
                              E:/VSCODE_TOOL/Arm_gnu/13.3 rel1/bin/../lib/gcc/arm-none-eabi/13.3.1/thumb/v7e-m+fp/hard\libc_nano.a(libc_a-reent.o) (_free_r)
E:/VSCODE_TOOL/Arm_gnu/13.3 rel1/bin/../lib/gcc/arm-none-eabi/13.3.1/thumb/v7e-m+fp/hard\libc_nano.a(libc_a-mallocr.o)
                              E:/VSCODE_TOOL/Arm_gnu/13.3 rel1/bin/../lib/gcc/arm-none-eabi/13.3.1/thumb/v7e-m+fp/hard\libc_nano.a(libc_a-findfp.o) (_malloc_r)
E:/VSCODE_TOOL/Arm_gnu/13.3 rel1/bin/../lib/gcc/arm-none-eabi/13.3.1/thumb/v7e-m+fp/hard\libc_nano.a(libc_a-mlock.o)
                              E:/VSCODE_TOOL/Arm_gnu/13.3 rel1/bin/../lib/gcc/arm-none-eabi/13.3.1/thumb/v7e-m+fp/hard\libc_nano.a(libc_a-freer.o) (__malloc_lock)
E:/VSCODE_TOOL/Arm_gnu/13.3 rel1/bin/../lib/gcc/arm-none-eabi/13.3.1/thumb/v7e-m+fp/hard\libc_nano.a(libc_a-fflush.o)
[...]
Memory Configuration

Name             Origin             Length             Attributes
RAM              0x20000000         0x00008000         xrw
FLASH            0x08000000         0x0001c000         xr
*default*        0x00000000         0xffffffff

Linker script and memory map

LOAD E:/VSCODE_TOOL/Arm_gnu/13.3 rel1/bin/../lib/gcc/arm-none-eabi/13.3.1/thumb/v7e-m+fp/hard/crti.o
LOAD E:/VSCODE_TOOL/Arm_gnu/13.3 rel1/bin/../lib/gcc/arm-none-eabi/13.3.1/thumb/v7e-m+fp/hard/crtbegin.o
LOAD E:/VSCODE_TOOL/Arm_gnu/13.3 rel1/bin/../lib/gcc/arm-none-eabi/13.3.1/thumb/v7e-m+fp/hard/crt0.o
LOAD build/main.o
LOAD build/gpio.o
LOAD build/app_freertos.o
LOAD build/adc.o
LOAD build/dma.o
LOAD build/spi.o
LOAD build/tim.o
LOAD build/usart.o
LOAD build/stm32g4xx_it.o
LOAD build/stm32g4xx_hal_msp.o
LOAD build/stm32g4xx_hal_timebase_tim.o
LOAD build/stm32g4xx_hal_adc.o
LOAD build/stm32g4xx_hal_adc_ex.o
LOAD build/stm32g4xx_ll_adc.o
LOAD build/stm32g4xx_hal.o
LOAD build/stm32g4xx_hal_rcc.o
LOAD build/stm32g4xx_hal_rcc_ex.o
LOAD build/stm32g4xx_hal_flash.o
LOAD build/stm32g4xx_hal_flash_ex.o
LOAD build/stm32g4xx_hal_flash_ramfunc.o
LOAD build/stm32g4xx_hal_gpio.o
LOAD build/stm32g4xx_hal_exti.o
LOAD build/stm32g4xx_hal_dma.o
LOAD build/stm32g4xx_hal_dma_ex.o
LOAD build/stm32g4xx_hal_pwr.o
LOAD build/stm32g4xx_hal_pwr_ex.o
LOAD build/stm32g4xx_hal_cortex.o
LOAD build/stm32g4xx_hal_spi.o
LOAD build/stm32g4xx_hal_spi_ex.o
LOAD build/stm32g4xx_hal_tim.o
LOAD build/stm32g4xx_hal_tim_ex.o
LOAD build/stm32g4xx_hal_uart.o
LOAD build/stm32g4xx_hal_uart_ex.o
LOAD build/system_stm32g4xx.o
LOAD build/croutine.o
LOAD build/event_groups.o
LOAD build/list.o
LOAD build/queue.o
LOAD build/stream_buffer.o
LOAD build/tasks.o
LOAD build/timers.o
LOAD build/cmsis_os.o
LOAD build/heap_4.o
LOAD build/port.o
LOAD build/sysmem.o
LOAD build/syscalls.o
LOAD build/startup_stm32g431xx.o
LOAD E:/VSCODE_TOOL/Arm_gnu/13.3 rel1/bin/../lib/gcc/arm-none-eabi/13.3.1/thumb/v7e-m+fp/hard\libc_nano.a
LOAD E:/VSCODE_TOOL/Arm_gnu/13.3 rel1/bin/../lib/gcc/arm-none-eabi/13.3.1/thumb/v7e-m+fp/hard\libm.a
LOAD E:/VSCODE_TOOL/Arm_gnu/13.3 rel1/bin/../lib/gcc/arm-none-eabi/13.3.1/thumb/v7e-m+fp/hard\libnosys.a
START GROUP
LOAD E:/VSCODE_TOOL/Arm_gnu/13.3 rel1/bin/../lib/gcc/arm-none-eabi/13.3.1/thumb/v7e-m+fp/hard\libgcc.a
LOAD E:/VSCODE_TOOL/Arm_gnu/13.3 rel1/bin/../lib/gcc/arm-none-eabi/13.3.1/thumb/v7e-m+fp/hard\libc_nano.a
END GROUP
START GROUP
LOAD E:/VSCODE_TOOL/Arm_gnu/13.3 rel1/bin/../lib/gcc/arm-none-eabi/13.3.1/thumb/v7e-m+fp/hard\libgcc.a
LOAD E:/VSCODE_TOOL/Arm_gnu/13.3 rel1/bin/../lib/gcc/arm-none-eabi/13.3.1/thumb/v7e-m+fp/hard\libc_nano.a
END GROUP
LOAD E:/VSCODE_TOOL/Arm_gnu/13.3 rel1/bin/../lib/gcc/arm-none-eabi/13.3.1/thumb/v7e-m+fp/hard/crtend.o
LOAD E:/VSCODE_TOOL/Arm_gnu/13.3 rel1/bin/../lib/gcc/arm-none-eabi/13.3.1/thumb/v7e-m+fp/hard/crtn.o
                0x20008000                        _estack = (ORIGIN (RAM) + LENGTH (RAM))
                0x00000200                        _Min_Heap_Size = 0x200
                0x00000400                        _Min_Stack_Size = 0x400

.isr_vector     0x08000000      0x1d8
                0x08000000                        . = ALIGN (0x4)
 *(.isr_vector)
 .isr_vector    0x08000000      0x1d8 build/startup_stm32g431xx.o
                0x08000000                g_pfnVectors
                0x080001d8                        . = ALIGN (0x4)

.text           0x080001e0     0x530c
                0x080001e0                        . = ALIGN (0x4)
 *(.text)
 .text          0x080001e0       0x30 E:/VSCODE_TOOL/Arm_gnu/13.3 rel1/bin/../lib/gcc/arm-none-eabi/13.3.1/thumb/v7e-m+fp/hard\libgcc.a(_aeabi_uldivmod.o)
                0x080001e0                __aeabi_uldivmod
 .text          0x08000210        0x4 E:/VSCODE_TOOL/Arm_gnu/13.3 rel1/bin/../lib/gcc/arm-none-eabi/13.3.1/thumb/v7e-m+fp/hard\libgcc.a(_dvmd_tls.o)
                0x08000210                __aeabi_idiv0
                0x08000210                __aeabi_ldiv0
 *(.text*)
 .text.deregister_tm_clones
                0x08000214       0x1c E:/VSCODE_TOOL/Arm_gnu/13.3 rel1/bin/../lib/gcc/arm-none-eabi/13.3.1/thumb/v7e-m+fp/hard/crtbegin.o
 .text.register_tm_clones
                0x08000230       0x24 E:/VSCODE_TOOL/Arm_gnu/13.3 rel1/bin/../lib/gcc/arm-none-eabi/13.3.1/thumb/v7e-m+fp/hard/crtbegin.o
 .text.__do_global_dtors_aux
                0x08000254       0x28 E:/VSCODE_TOOL/Arm_gnu/13.3 rel1/bin/../lib/gcc/arm-none-eabi/13.3.1/thumb/v7e-m+fp/hard/crtbegin.o
 .text.frame_dummy
                0x0800027c       0x24 E:/VSCODE_TOOL/Arm_gnu/13.3 rel1/bin/../lib/gcc/arm-none-eabi/13.3.1/thumb/v7e-m+fp/hard/crtbegin.o
 .text.HAL_TIM_PeriodElapsedCallback
                0x080002a0       0x18 build/main.o
                0x080002a0                HAL_TIM_PeriodElapsedCallback
 .text.Error_Handler
                0x080002b8        0x4 build/main.o
                0x080002b8                Error_Handler
 .text.SystemClock_Config
                0x080002bc       0x6e build/main.o
                0x080002bc                SystemClock_Config
 .text.main     0x0800032a       0x3c build/main.o
                0x0800032a                main
 *fill*         0x08000366        0x2 
 .text.MX_GPIO_Init
                0x08000368       0xe4 build/gpio.o
                0x08000368                MX_GPIO_Init
 .text.StartDefaultTask
                0x0800044c        0xa build/app_freertos.o
                0x0800044c                StartDefaultTask
 .text.LcdShow_02
                0x08000456        0xa build/app_freertos.o
                0x08000456                LcdShow_02
 .text.Send_Rec_msg_03
                0x08000460        0xa build/app_freertos.o
                0x08000460                Send_Rec_msg_03
 *fill*         0x0800046a        0x2 
 .text.MX_FREERTOS_Init
                0x0800046c       0x98 build/app_freertos.o
                0x0800046c                MX_FREERTOS_Init
 .text.MX_ADC1_Init
                0x08000504       0xdc build/adc.o
                0x08000504                MX_ADC1_Init
 .text.HAL_ADC_MspInit
                0x080005e0       0xec build/adc.o
                0x080005e0                HAL_ADC_MspInit
 .text.MX_DMA_Init
                0x080006cc       0x74 build/dma.o
                0x080006cc                MX_DMA_Init
 .text.MX_SPI1_Init
                0x08000740       0x54 build/spi.o
                0x08000740                MX_SPI1_Init
 .text.MX_SPI2_Init
                0x08000794       0x50 build/spi.o
                0x08000794                MX_SPI2_Init
 .text.HAL_SPI_MspInit
                0x080007e4       0xb8 build/spi.o
                0x080007e4                HAL_SPI_MspInit
 .text.MX_TIM7_Init
                0x0800089c       0x50 build/tim.o
                0x0800089c                MX_TIM7_Init
 .text.HAL_TIM_PWM_MspInit
                0x080008ec       0x4c build/tim.o
                0x080008ec                HAL_TIM_PWM_MspInit
 .text.HAL_TIM_Base_MspInit
                0x08000938       0x40 build/tim.o
                0x08000938                HAL_TIM_Base_MspInit
 .text.HAL_TIM_MspPostInit
                0x08000978       0xd8 build/tim.o
                0x08000978                HAL_TIM_MspPostInit
 .text.MX_TIM2_Init
                0x08000a50       0x80 build/tim.o
                0x08000a50                MX_TIM2_Init
 .text.MX_TIM3_Init
                0x08000ad0       0xb8 build/tim.o
                0x08000ad0                MX_TIM3_Init
 .text.MX_USART1_UART_Init
                0x08000b88       0x68 build/usart.o
                0x08000b88                MX_USART1_UART_Init
 .text.MX_USART2_UART_Init
                0x08000bf0       0x68 build/usart.o
                0x08000bf0                MX_USART2_UART_Init
 .text.HAL_UART_MspInit
                0x08000c58      0x1ac build/usart.o
                0x08000c58                HAL_UART_MspInit
 .text.NMI_Handler
                0x08000e04        0x2 build/stm32g4xx_it.o
                0x08000e04                NMI_Handler
 .text.HardFault_Handler
                0x08000e06        0x2 build/stm32g4xx_it.o
                0x08000e06                HardFault_Handler
 .text.MemManage_Handler
                0x08000e08        0x2 build/stm32g4xx_it.o
                0x08000e08                MemManage_Handler
 .text.BusFault_Handler
                0x08000e0a        0x2 build/stm32g4xx_it.o
                0x08000e0a                BusFault_Handler
 .text.UsageFault_Handler
                0x08000e0c        0x2 build/stm32g4xx_it.o
                0x08000e0c                UsageFault_Handler
 .text.DebugMon_Handler
                0x08000e0e        0x2 build/stm32g4xx_it.o
                0x08000e0e                DebugMon_Handler
 .text.DMA1_Channel1_IRQHandler
                0x08000e10       0x10 build/stm32g4xx_it.o
                0x08000e10                DMA1_Channel1_IRQHandler
 .text.DMA1_Channel4_IRQHandler
                0x08000e20       0x10 build/stm32g4xx_it.o
                0x08000e20                DMA1_Channel4_IRQHandler
 .text.DMA1_Channel5_IRQHandler
                0x08000e30       0x10 build/stm32g4xx_it.o
                0x08000e30                DMA1_Channel5_IRQHandler
 .text.DMA1_Channel6_IRQHandler
                0x08000e40       0x10 build/stm32g4xx_it.o
                0x08000e40                DMA1_Channel6_IRQHandler
 .text.USART2_IRQHandler
                0x08000e50       0x10 build/stm32g4xx_it.o
                0x08000e50                USART2_IRQHandler
 .text.TIM6_DAC_IRQHandler
                0x08000e60       0x10 build/stm32g4xx_it.o
                0x08000e60                TIM6_DAC_IRQHandler
 .text.TIM7_IRQHandler
                0x08000e70       0x10 build/stm32g4xx_it.o
                0x08000e70                TIM7_IRQHandler
 .text.HAL_MspInit
                0x08000e80       0x44 build/stm32g4xx_hal_msp.o
                0x08000e80                HAL_MspInit
 .text.HAL_InitTick
                0x08000ec4       0x90 build/stm32g4xx_hal_timebase_tim.o
                0x08000ec4                HAL_InitTick
 .text.LL_ADC_REG_SetSequencerRanks
                0x08000f54       0x30 build/stm32g4xx_hal_adc.o
 .text.LL_ADC_SetChannelSamplingTime
                0x08000f84       0x2c build/stm32g4xx_hal_adc.o
 .text.HAL_ADC_Init
                0x08000fb0      0x228 build/stm32g4xx_hal_adc.o
                0x08000fb0                HAL_ADC_Init
 .text.HAL_ADC_ConfigChannel
                0x080011d8      0x460 build/stm32g4xx_hal_adc.o
                0x080011d8                HAL_ADC_ConfigChannel
 .text.HAL_ADCEx_MultiModeConfigChannel
                0x08001638      0x114 build/stm32g4xx_hal_adc_ex.o
                0x08001638                HAL_ADCEx_MultiModeConfigChannel
 .text.HAL_Init
                0x0800174c       0x1e build/stm32g4xx_hal.o
                0x0800174c                HAL_Init
 *fill*         0x0800176a        0x2 
 .text.HAL_IncTick
                0x0800176c       0x18 build/stm32g4xx_hal.o
                0x0800176c                HAL_IncTick
 .text.HAL_GetTick
                0x08001784        0xc build/stm32g4xx_hal.o
                0x08001784                HAL_GetTick
 .text.RCC_GetSysClockFreqFromPLLSource
                0x08001790       0x58 build/stm32g4xx_hal_rcc.o
 .text.HAL_RCC_OscConfig
                0x080017e8      0x4e4 build/stm32g4xx_hal_rcc.o
                0x080017e8                HAL_RCC_OscConfig
 .text.HAL_RCC_GetSysClockFreq
                0x08001ccc       0x88 build/stm32g4xx_hal_rcc.o
                0x08001ccc                HAL_RCC_GetSysClockFreq
 .text.HAL_RCC_ClockConfig
                0x08001d54      0x1f8 build/stm32g4xx_hal_rcc.o
                0x08001d54                HAL_RCC_ClockConfig
 .text.HAL_RCC_GetHCLKFreq
                0x08001f4c        0xc build/stm32g4xx_hal_rcc.o
                0x08001f4c                HAL_RCC_GetHCLKFreq
 .text.HAL_RCC_GetPCLK1Freq
                0x08001f58       0x24 build/stm32g4xx_hal_rcc.o
                0x08001f58                HAL_RCC_GetPCLK1Freq
 .text.HAL_RCC_GetPCLK2Freq
                0x08001f7c       0x24 build/stm32g4xx_hal_rcc.o
                0x08001f7c                HAL_RCC_GetPCLK2Freq
 .text.HAL_RCC_GetClockConfig
                0x08001fa0       0x3c build/stm32g4xx_hal_rcc.o
                0x08001fa0                HAL_RCC_GetClockConfig
 .text.HAL_RCCEx_PeriphCLKConfig
                0x08001fdc      0x2e4 build/stm32g4xx_hal_rcc_ex.o
                0x08001fdc                HAL_RCCEx_PeriphCLKConfig
 .text.HAL_GPIO_Init
                0x080022c0      0x1d4 build/stm32g4xx_hal_gpio.o
                0x080022c0                HAL_GPIO_Init
 .text.HAL_GPIO_WritePin
                0x08002494        0xa build/stm32g4xx_hal_gpio.o
                0x08002494                HAL_GPIO_WritePin
 *fill*         0x0800249e        0x2 
 .text.DMA_CalcDMAMUXChannelBaseAndMask
                0x080024a0       0x48 build/stm32g4xx_hal_dma.o
 .text.DMA_CalcDMAMUXRequestGenBaseAndMask
                0x080024e8       0x28 build/stm32g4xx_hal_dma.o
 .text.HAL_DMA_Init
                0x08002510       0xd4 build/stm32g4xx_hal_dma.o
                0x08002510                HAL_DMA_Init
 .text.HAL_DMA_Abort
                0x080025e4       0x6c build/stm32g4xx_hal_dma.o
                0x080025e4                HAL_DMA_Abort
 .text.HAL_DMA_Abort_IT
                0x08002650       0x7e build/stm32g4xx_hal_dma.o
                0x08002650                HAL_DMA_Abort_IT
 .text.HAL_DMA_IRQHandler
                0x080026ce       0xc4 build/stm32g4xx_hal_dma.o
                0x080026ce                HAL_DMA_IRQHandler
 *fill*         0x08002792        0x2 
 .text.HAL_PWREx_ControlVoltageScaling
                0x08002794      0x10c build/stm32g4xx_hal_pwr_ex.o
                0x08002794                HAL_PWREx_ControlVoltageScaling
 .text.HAL_PWREx_DisableUCPDDeadBattery
                0x080028a0       0x10 build/stm32g4xx_hal_pwr_ex.o
                0x080028a0                HAL_PWREx_DisableUCPDDeadBattery
 .text.__NVIC_EnableIRQ
                0x080028b0       0x1c build/stm32g4xx_hal_cortex.o
 .text.__NVIC_SetPriority
                0x080028cc       0x28 build/stm32g4xx_hal_cortex.o
 .text.NVIC_EncodePriority
                0x080028f4       0x3e build/stm32g4xx_hal_cortex.o
 *fill*         0x08002932        0x2 
 .text.HAL_NVIC_SetPriorityGrouping
                0x08002934       0x24 build/stm32g4xx_hal_cortex.o
                0x08002934                HAL_NVIC_SetPriorityGrouping
 .text.HAL_NVIC_SetPriority
                0x08002958       0x20 build/stm32g4xx_hal_cortex.o
                0x08002958                HAL_NVIC_SetPriority
 .text.HAL_NVIC_EnableIRQ
                0x08002978        0x8 build/stm32g4xx_hal_cortex.o
                0x08002978                HAL_NVIC_EnableIRQ
 .text.HAL_SPI_Init
                0x08002980       0xe8 build/stm32g4xx_hal_spi.o
                0x08002980                HAL_SPI_Init
 .text.TIM_OC1_SetConfig
                0x08002a68       0x9c build/stm32g4xx_hal_tim.o
 .text.TIM_OC3_SetConfig
                0x08002b04       0x8c build/stm32g4xx_hal_tim.o
 .text.TIM_OC4_SetConfig
                0x08002b90       0x8c build/stm32g4xx_hal_tim.o
 .text.TIM_OC5_SetConfig
                0x08002c1c       0x68 build/stm32g4xx_hal_tim.o
 .text.TIM_OC6_SetConfig
                0x08002c84       0x6c build/stm32g4xx_hal_tim.o
 .text.HAL_TIM_Base_Start_IT
                0x08002cf0       0x84 build/stm32g4xx_hal_tim.o
                0x08002cf0                HAL_TIM_Base_Start_IT
 .text.HAL_TIM_OC_DelayElapsedCallback
                0x08002d74        0x2 build/stm32g4xx_hal_tim.o
                0x08002d74                HAL_TIM_OC_DelayElapsedCallback
 .text.HAL_TIM_IC_CaptureCallback
                0x08002d76        0x2 build/stm32g4xx_hal_tim.o
                0x08002d76                HAL_TIM_IC_CaptureCallback
 .text.HAL_TIM_PWM_PulseFinishedCallback
                0x08002d78        0x2 build/stm32g4xx_hal_tim.o
                0x08002d78                HAL_TIM_PWM_PulseFinishedCallback
 .text.HAL_TIM_TriggerCallback
                0x08002d7a        0x2 build/stm32g4xx_hal_tim.o
                0x08002d7a                HAL_TIM_TriggerCallback
 .text.HAL_TIM_IRQHandler
                0x08002d7c      0x1ea build/stm32g4xx_hal_tim.o
                0x08002d7c                HAL_TIM_IRQHandler
 *fill*         0x08002f66        0x2 
 .text.TIM_Base_SetConfig
                0x08002f68       0xc8 build/stm32g4xx_hal_tim.o
                0x08002f68                TIM_Base_SetConfig
 .text.HAL_TIM_Base_Init
                0x08003030       0x60 build/stm32g4xx_hal_tim.o
                0x08003030                HAL_TIM_Base_Init
 .text.HAL_TIM_PWM_Init
                0x08003090       0x60 build/stm32g4xx_hal_tim.o
                0x08003090                HAL_TIM_PWM_Init
 .text.TIM_OC2_SetConfig
                0x080030f0       0x8c build/stm32g4xx_hal_tim.o
                0x080030f0                TIM_OC2_SetConfig
 .text.HAL_TIM_PWM_ConfigChannel
                0x0800317c      0x13a build/stm32g4xx_hal_tim.o
                0x0800317c                HAL_TIM_PWM_ConfigChannel
 *fill*         0x080032b6        0x2 
 .text.HAL_TIMEx_MasterConfigSynchronization
                0x080032b8       0x94 build/stm32g4xx_hal_tim_ex.o
                0x080032b8                HAL_TIMEx_MasterConfigSynchronization
 .text.HAL_TIMEx_CommutCallback
                0x0800334c        0x2 build/stm32g4xx_hal_tim_ex.o
                0x0800334c                HAL_TIMEx_CommutCallback
 .text.HAL_TIMEx_BreakCallback
                0x0800334e        0x2 build/stm32g4xx_hal_tim_ex.o
                0x0800334e                HAL_TIMEx_BreakCallback
 .text.HAL_TIMEx_Break2Callback
                0x08003350        0x2 build/stm32g4xx_hal_tim_ex.o
                0x08003350                HAL_TIMEx_Break2Callback
 .text.HAL_TIMEx_EncoderIndexCallback
                0x08003352        0x2 build/stm32g4xx_hal_tim_ex.o
                0x08003352                HAL_TIMEx_EncoderIndexCallback
 .text.HAL_TIMEx_DirectionChangeCallback
                0x08003354        0x2 build/stm32g4xx_hal_tim_ex.o
                0x08003354                HAL_TIMEx_DirectionChangeCallback
 .text.HAL_TIMEx_IndexErrorCallback
                0x08003356        0x2 build/stm32g4xx_hal_tim_ex.o
                0x08003356                HAL_TIMEx_IndexErrorCallback
 .text.HAL_TIMEx_TransitionErrorCallback
                0x08003358        0x2 build/stm32g4xx_hal_tim_ex.o
                0x08003358                HAL_TIMEx_TransitionErrorCallback
 .text.UART_EndRxTransfer
                0x0800335a       0x56 build/stm32g4xx_hal_uart.o
 .text.HAL_UART_TxCpltCallback
                0x080033b0        0x2 build/stm32g4xx_hal_uart.o
                0x080033b0                HAL_UART_TxCpltCallback
 .text.UART_EndTransmit_IT
                0x080033b2       0x24 build/stm32g4xx_hal_uart.o
 .text.HAL_UART_ErrorCallback
                0x080033d6        0x2 build/stm32g4xx_hal_uart.o
                0x080033d6                HAL_UART_ErrorCallback
 .text.UART_DMAAbortOnError
                0x080033d8       0x14 build/stm32g4xx_hal_uart.o
 .text.HAL_UARTEx_RxEventCallback
                0x080033ec        0x2 build/stm32g4xx_hal_uart.o
                0x080033ec                HAL_UARTEx_RxEventCallback
 *fill*         0x080033ee        0x2 
 .text.HAL_UART_IRQHandler
                0x080033f0      0x360 build/stm32g4xx_hal_uart.o
                0x080033f0                HAL_UART_IRQHandler
 .text.UART_SetConfig
                0x08003750      0x344 build/stm32g4xx_hal_uart.o
                0x08003750                UART_SetConfig
 .text.UART_AdvFeatureConfig
                0x08003a94       0xca build/stm32g4xx_hal_uart.o
                0x08003a94                UART_AdvFeatureConfig
 .text.UART_WaitOnFlagUntilTimeout
                0x08003b5e       0x9e build/stm32g4xx_hal_uart.o
                0x08003b5e                UART_WaitOnFlagUntilTimeout
 .text.UART_CheckIdleState
                0x08003bfc       0xca build/stm32g4xx_hal_uart.o
                0x08003bfc                UART_CheckIdleState
 .text.HAL_UART_Init
                0x08003cc6       0x66 build/stm32g4xx_hal_uart.o
                0x08003cc6                HAL_UART_Init
 .text.UARTEx_SetNbDataToProcess
                0x08003d2c       0x4c build/stm32g4xx_hal_uart_ex.o
 .text.HAL_UARTEx_WakeupCallback
                0x08003d78        0x2 build/stm32g4xx_hal_uart_ex.o
                0x08003d78                HAL_UARTEx_WakeupCallback
 .text.HAL_UARTEx_RxFifoFullCallback
                0x08003d7a        0x2 build/stm32g4xx_hal_uart_ex.o
                0x08003d7a                HAL_UARTEx_RxFifoFullCallback
 .text.HAL_UARTEx_TxFifoEmptyCallback
                0x08003d7c        0x2 build/stm32g4xx_hal_uart_ex.o
                0x08003d7c                HAL_UARTEx_TxFifoEmptyCallback
 .text.HAL_UARTEx_DisableFifoMode
                0x08003d7e       0x3e build/stm32g4xx_hal_uart_ex.o
                0x08003d7e                HAL_UARTEx_DisableFifoMode
 .text.HAL_UARTEx_SetTxFifoThreshold
                0x08003dbc       0x4a build/stm32g4xx_hal_uart_ex.o
                0x08003dbc                HAL_UARTEx_SetTxFifoThreshold
 .text.HAL_UARTEx_SetRxFifoThreshold
                0x08003e06       0x4a build/stm32g4xx_hal_uart_ex.o
                0x08003e06                HAL_UARTEx_SetRxFifoThreshold
 .text.SystemInit
                0x08003e50       0x14 build/system_stm32g4xx.o
                0x08003e50                SystemInit
 .text.vListInitialise
                0x08003e64       0x16 build/list.o
                0x08003e64                vListInitialise
 .text.vListInitialiseItem
                0x08003e7a        0x6 build/list.o
                0x08003e7a                vListInitialiseItem
 .text.vListInsertEnd
                0x08003e80       0x16 build/list.o
                0x08003e80                vListInsertEnd
 .text.vListInsert
                0x08003e96       0x32 build/list.o
                0x08003e96                vListInsert
 .text.uxListRemove
                0x08003ec8       0x26 build/list.o
                0x08003ec8                uxListRemove
 .text.prvIsQueueFull
                0x08003eee       0x1e build/queue.o
 .text.prvCopyDataToQueue
                0x08003f0c       0x76 build/queue.o
 .text.prvUnlockQueue
                0x08003f82       0x6e build/queue.o
 .text.xQueueGenericReset
                0x08003ff0       0x84 build/queue.o
                0x08003ff0                xQueueGenericReset
 .text.prvInitialiseNewQueue
                0x08004074       0x1c build/queue.o
 .text.xQueueGenericCreate
                0x08004090       0x42 build/queue.o
                0x08004090                xQueueGenericCreate
 .text.xQueueGenericSend
                0x080040d2      0x188 build/queue.o
                0x080040d2                xQueueGenericSend
 *fill*         0x0800425a        0x2 
 .text.prvResetNextTaskUnblockTime
                0x0800425c       0x2c build/tasks.o
 .text.prvDeleteTCB
                0x08004288       0x12 build/tasks.o
 .text.prvInitialiseNewTask
                0x0800429a       0x9c build/tasks.o
 *fill*         0x08004336        0x2 
 .text.prvInitialiseTaskLists
                0x08004338       0x68 build/tasks.o
 .text.prvAddNewTaskToReadyList
                0x080043a0       0xa8 build/tasks.o
 .text.prvCheckTasksWaitingTermination
                0x08004448       0x4c build/tasks.o
 .text.prvIdleTask
                0x08004494       0x28 build/tasks.o
 .text.prvAddCurrentTaskToDelayedList
                0x080044bc       0x98 build/tasks.o
 .text.xTaskCreate
                0x08004554       0x60 build/tasks.o
                0x08004554                xTaskCreate
 .text.vTaskStartScheduler
                0x080045b4       0x7c build/tasks.o
                0x080045b4                vTaskStartScheduler
 .text.vTaskSuspendAll
                0x08004630       0x10 build/tasks.o
                0x08004630                vTaskSuspendAll
 .text.xTaskIncrementTick
                0x08004640      0x118 build/tasks.o
                0x08004640                xTaskIncrementTick
 .text.xTaskResumeAll
                0x08004758       0xf8 build/tasks.o
                0x08004758                xTaskResumeAll
 .text.vTaskDelay
                0x08004850       0x4c build/tasks.o
                0x08004850                vTaskDelay
 .text.vTaskSwitchContext
                0x0800489c       0x98 build/tasks.o
                0x0800489c                vTaskSwitchContext
 .text.vTaskPlaceOnEventList
                0x08004934       0x30 build/tasks.o
                0x08004934                vTaskPlaceOnEventList
 .text.xTaskRemoveFromEventList
                0x08004964       0x8c build/tasks.o
                0x08004964                xTaskRemoveFromEventList
 .text.vTaskInternalSetTimeOutState
                0x080049f0       0x18 build/tasks.o
                0x080049f0                vTaskInternalSetTimeOutState
 .text.xTaskCheckForTimeOut
                0x08004a08       0x84 build/tasks.o
                0x08004a08                xTaskCheckForTimeOut
 .text.vTaskMissedYield
                0x08004a8c        0xc build/tasks.o
                0x08004a8c                vTaskMissedYield
 .text.xTaskGetSchedulerState
                0x08004a98       0x20 build/tasks.o
                0x08004a98                xTaskGetSchedulerState
 .text.xTaskPriorityDisinherit
                0x08004ab8       0xb0 build/tasks.o
                0x08004ab8                xTaskPriorityDisinherit
 .text.makeFreeRtosPriority
                0x08004b68        0xc build/cmsis_os.o
 .text.osKernelStart
                0x08004b74        0xa build/cmsis_os.o
                0x08004b74                osKernelStart
 .text.osThreadCreate
                0x08004b7e       0x34 build/cmsis_os.o
                0x08004b7e                osThreadCreate
 .text.osDelay  0x08004bb2        0xe build/cmsis_os.o
                0x08004bb2                osDelay
 .text.osSemaphoreCreate
                0x08004bc0       0x28 build/cmsis_os.o
                0x08004bc0                osSemaphoreCreate
 .text.prvHeapInit
                0x08004be8       0x64 build/heap_4.o
 .text.prvInsertBlockIntoFreeList
                0x08004c4c       0x64 build/heap_4.o
 .text.pvPortMalloc
                0x08004cb0      0x104 build/heap_4.o
                0x08004cb0                pvPortMalloc
 .text.vPortFree
                0x08004db4       0x7c build/heap_4.o
                0x08004db4                vPortFree
 .text.prvTaskExitError
                0x08004e30       0x40 build/port.o
 .text.prvPortStartFirstTask
                0x08004e70       0x28 build/port.o
 .text.vPortEnableVFP
                0x08004e98       0x14 build/port.o
 .text.pxPortInitialiseStack
                0x08004eac       0x2c build/port.o
                0x08004eac                pxPortInitialiseStack
 *fill*         0x08004ed8        0x8 
 .text.SVC_Handler
                0x08004ee0       0x24 build/port.o
                0x08004ee0                SVC_Handler
 .text.vPortEnterCritical
                0x08004f04       0x44 build/port.o
                0x08004f04                vPortEnterCritical
 .text.vPortExitCritical
                0x08004f48       0x2c build/port.o
                0x08004f48                vPortExitCritical
 *fill*         0x08004f74        0xc 
 .text.PendSV_Handler
                0x08004f80       0x64 build/port.o
                0x08004f80                PendSV_Handler
 .text.SysTick_Handler
                0x08004fe4       0x2c build/port.o
                0x08004fe4                SysTick_Handler
 .text.vPortSetupTimerInterrupt
                0x08005010       0x28 build/port.o
                0x08005010                vPortSetupTimerInterrupt
 .text.xPortStartScheduler
                0x08005038      0x118 build/port.o
                0x08005038                xPortStartScheduler
 .text.Reset_Handler
                0x08005150       0x50 build/startup_stm32g431xx.o
                0x08005150                Reset_Handler
 .text.Default_Handler
                0x080051a0        0x2 build/startup_stm32g431xx.o
                0x080051a0                RTC_Alarm_IRQHandler
                0x080051a0                EXTI2_IRQHandler
                0x080051a0                TIM8_TRG_COM_IRQHandler
                0x080051a0                TIM8_CC_IRQHandler
                0x080051a0                TIM1_CC_IRQHandler
                0x080051a0                USB_HP_IRQHandler
                0x080051a0                CORDIC_IRQHandler
                0x080051a0                EXTI3_IRQHandler
                0x080051a0                I2C3_ER_IRQHandler
                0x080051a0                EXTI0_IRQHandler
                0x080051a0                I2C2_EV_IRQHandler
                0x080051a0                FPU_IRQHandler
                0x080051a0                FDCAN1_IT1_IRQHandler
                0x080051a0                TIM1_UP_TIM16_IRQHandler
                0x080051a0                ADC1_2_IRQHandler
                0x080051a0                SPI1_IRQHandler
                0x080051a0                TIM8_UP_IRQHandler
                0x080051a0                DMA2_Channel2_IRQHandler
                0x080051a0                USART3_IRQHandler
                0x080051a0                TIM4_IRQHandler
                0x080051a0                DMA2_Channel1_IRQHandler
                0x080051a0                I2C1_EV_IRQHandler
                0x080051a0                UART4_IRQHandler
                0x080051a0                DMA2_Channel4_IRQHandler
                0x080051a0                TIM3_IRQHandler
                0x080051a0                RCC_IRQHandler
                0x080051a0                Default_Handler
                0x080051a0                RTC_TAMP_LSECSS_IRQHandler
                0x080051a0                FMAC_IRQHandler
                0x080051a0                EXTI15_10_IRQHandler
                0x080051a0                UCPD1_IRQHandler
                0x080051a0                I2C3_EV_IRQHandler
                0x080051a0                EXTI9_5_IRQHandler
                0x080051a0                RTC_WKUP_IRQHandler
                0x080051a0                PVD_PVM_IRQHandler
                0x080051a0                SPI2_IRQHandler
                0x080051a0                DMA2_Channel5_IRQHandler
                0x080051a0                CRS_IRQHandler
                0x080051a0                USB_LP_IRQHandler
                0x080051a0                EXTI4_IRQHandler
                0x080051a0                RNG_IRQHandler
                0x080051a0                TIM1_TRG_COM_TIM17_IRQHandler
                0x080051a0                DMA1_Channel3_IRQHandler
                0x080051a0                WWDG_IRQHandler
                0x080051a0                LPUART1_IRQHandler
                0x080051a0                DMA2_Channel6_IRQHandler
                0x080051a0                FDCAN1_IT0_IRQHandler
                0x080051a0                TIM2_IRQHandler
                0x080051a0                COMP1_2_3_IRQHandler
                0x080051a0                EXTI1_IRQHandler
                0x080051a0                I2C2_ER_IRQHandler
                0x080051a0                DMA1_Channel2_IRQHandler
                0x080051a0                TIM8_BRK_IRQHandler
                0x080051a0                FLASH_IRQHandler
                0x080051a0                USART1_IRQHandler
                0x080051a0                SPI3_IRQHandler
                0x080051a0                I2C1_ER_IRQHandler
                0x080051a0                LPTIM1_IRQHandler
                0x080051a0                DMAMUX_OVR_IRQHandler
                0x080051a0                USBWakeUp_IRQHandler
                0x080051a0                SAI1_IRQHandler
                0x080051a0                DMA2_Channel3_IRQHandler
                0x080051a0                COMP4_IRQHandler
                0x080051a0                TIM1_BRK_TIM15_IRQHandler
 .text.memset   0x080051a2       0x10 E:/VSCODE_TOOL/Arm_gnu/13.3 rel1/bin/../lib/gcc/arm-none-eabi/13.3.1/thumb/v7e-m+fp/hard\libc_nano.a(libc_a-memset.o)
                0x080051a2                memset
 *fill*         0x080051b2        0x2 
 .text.__libc_init_array
                0x080051b4       0x48 E:/VSCODE_TOOL/Arm_gnu/13.3 rel1/bin/../lib/gcc/arm-none-eabi/13.3.1/thumb/v7e-m+fp/hard\libc_nano.a(libc_a-init.o)
                0x080051b4                __libc_init_array
 .text.memcpy   0x080051fc       0x1c E:/VSCODE_TOOL/Arm_gnu/13.3 rel1/bin/../lib/gcc/arm-none-eabi/13.3.1/thumb/v7e-m+fp/hard\libc_nano.a(libc_a-memcpy-stub.o)
                0x080051fc                memcpy
 .text.__udivmoddi4
                0x08005218      0x2bc E:/VSCODE_TOOL/Arm_gnu/13.3 rel1/bin/../lib/gcc/arm-none-eabi/13.3.1/thumb/v7e-m+fp/hard\libgcc.a(_udivmoddi4.o)
                0x08005218                __udivmoddi4
 *(.glue_7)
 .glue_7        0x080054d4        0x0 linker stubs
 *(.glue_7t)
 .glue_7t       0x080054d4        0x0 linker stubs
 *(.eh_frame)
 .eh_frame      0x080054d4        0x0 E:/VSCODE_TOOL/Arm_gnu/13.3 rel1/bin/../lib/gcc/arm-none-eabi/13.3.1/thumb/v7e-m+fp/hard/crtbegin.o
 *(.init)
 .init          0x080054d4        0x4 E:/VSCODE_TOOL/Arm_gnu/13.3 rel1/bin/../lib/gcc/arm-none-eabi/13.3.1/thumb/v7e-m+fp/hard/crti.o
                0x080054d4                _init
 .init          0x080054d8        0x8 E:/VSCODE_TOOL/Arm_gnu/13.3 rel1/bin/../lib/gcc/arm-none-eabi/13.3.1/thumb/v7e-m+fp/hard/crtn.o
 *(.fini)
 .fini          0x080054e0        0x4 E:/VSCODE_TOOL/Arm_gnu/13.3 rel1/bin/../lib/gcc/arm-none-eabi/13.3.1/thumb/v7e-m+fp/hard/crti.o
                0x080054e0                _fini
 .fini          0x080054e4        0x8 E:/VSCODE_TOOL/Arm_gnu/13.3 rel1/bin/../lib/gcc/arm-none-eabi/13.3.1/thumb/v7e-m+fp/hard/crtn.o
                0x080054ec                        . = ALIGN (0x4)
                0x080054ec                        _etext = .

.vfp11_veneer   0x080054ec        0x0
 .vfp11_veneer  0x080054ec        0x0 linker stubs

.v4_bx          0x080054ec        0x0
 .v4_bx         0x080054ec        0x0 linker stubs

.iplt           0x080054ec        0x0
 .iplt          0x080054ec        0x0 E:/VSCODE_TOOL/Arm_gnu/13.3 rel1/bin/../lib/gcc/arm-none-eabi/13.3.1/thumb/v7e-m+fp/hard/crtbegin.o

.rodata         0x080054ec       0xa8
                0x080054ec                        . = ALIGN (0x4)
 *(.rodata)
 .rodata        0x080054ec       0x3c build/app_freertos.o
 *(.rodata*)
 .rodata.str1.4
                0x08005528       0x29 build/app_freertos.o
                                 0x24 (size before relaxing)
 *fill*         0x08005551        0x3 
 .rodata.UARTPrescTable
                0x08005554       0x18 build/stm32g4xx_hal_uart.o
                0x08005554                UARTPrescTable
 .rodata.denominator.0
                0x0800556c        0x8 build/stm32g4xx_hal_uart_ex.o
 .rodata.numerator.1
                0x08005574        0x8 build/stm32g4xx_hal_uart_ex.o
 .rodata.APBPrescTable
                0x0800557c        0x8 build/system_stm32g4xx.o
                0x0800557c                APBPrescTable
 .rodata.AHBPrescTable
                0x08005584       0x10 build/system_stm32g4xx.o
                0x08005584                AHBPrescTable
 .rodata.vTaskStartScheduler.str1.4
                0x08005594        0x5 build/tasks.o
                0x0800559c                        . = ALIGN (0x4)

.ARM.extab
 *(.ARM.extab* .gnu.linkonce.armextab.*)

.ARM            0x08005594        0x8
                0x08005594                        __exidx_start = .
 *(.ARM.exidx*)
 .ARM.exidx.text.__udivmoddi4
                0x08005594        0x8 E:/VSCODE_TOOL/Arm_gnu/13.3 rel1/bin/../lib/gcc/arm-none-eabi/13.3.1/thumb/v7e-m+fp/hard\libgcc.a(_udivmoddi4.o)
                0x0800559c                        __exidx_end = .

.rel.dyn        0x0800559c        0x0
 .rel.iplt      0x0800559c        0x0 E:/VSCODE_TOOL/Arm_gnu/13.3 rel1/bin/../lib/gcc/arm-none-eabi/13.3.1/thumb/v7e-m+fp/hard/crtbegin.o

.preinit_array  0x0800559c        0x0
                0x0800559c                        PROVIDE (__preinit_array_start = .)
 *(.preinit_array*)
                0x0800559c                        PROVIDE (__preinit_array_end = .)

.init_array     0x0800559c        0x4
                0x0800559c                        PROVIDE (__init_array_start = .)
 *(SORT_BY_NAME(.init_array.*))
 *(.init_array*)
 .init_array    0x0800559c        0x4 E:/VSCODE_TOOL/Arm_gnu/13.3 rel1/bin/../lib/gcc/arm-none-eabi/13.3.1/thumb/v7e-m+fp/hard/crtbegin.o
                0x080055a0                        PROVIDE (__init_array_end = .)

.fini_array     0x080055a0        0x4
                [!provide]                        PROVIDE (__fini_array_start = .)
 *(SORT_BY_NAME(.fini_array.*))
 *(.fini_array*)
 .fini_array    0x080055a0        0x4 E:/VSCODE_TOOL/Arm_gnu/13.3 rel1/bin/../lib/gcc/arm-none-eabi/13.3.1/thumb/v7e-m+fp/hard/crtbegin.o
                [!provide]                        PROVIDE (__fini_array_end = .)
                0x080055a4                        _sidata = LOADADDR (.data)

.data           0x20000000       0x10 load address 0x080055a4
                0x20000000                        . = ALIGN (0x4)
                0x20000000                        _sdata = .
 *(.data)
 *(.data*)
 .data.uwTickFreq
                0x20000000        0x4 build/stm32g4xx_hal.o
                0x20000000                uwTickFreq
 .data.uwTickPrio
                0x20000004        0x4 build/stm32g4xx_hal.o
                0x20000004                uwTickPrio
 .data.SystemCoreClock
                0x20000008        0x4 build/system_stm32g4xx.o
                0x20000008                SystemCoreClock
 .data.uxCriticalNesting
                0x2000000c        0x4 build/port.o
                0x20000010                        . = ALIGN (0x4)
                0x20000010                        _edata = .

.tm_clone_table
                0x20000010        0x0 load address 0x080055b4
 .tm_clone_table
                0x20000010        0x0 E:/VSCODE_TOOL/Arm_gnu/13.3 rel1/bin/../lib/gcc/arm-none-eabi/13.3.1/thumb/v7e-m+fp/hard/crtbegin.o
 .tm_clone_table
                0x20000010        0x0 E:/VSCODE_TOOL/Arm_gnu/13.3 rel1/bin/../lib/gcc/arm-none-eabi/13.3.1/thumb/v7e-m+fp/hard/crtend.o

.igot.plt       0x20000010        0x0 load address 0x080055b4
 .igot.plt      0x20000010        0x0 E:/VSCODE_TOOL/Arm_gnu/13.3 rel1/bin/../lib/gcc/arm-none-eabi/13.3.1/thumb/v7e-m+fp/hard/crtbegin.o
                0x20000010                        . = ALIGN (0x4)

.bss            0x20000010     0x1290 load address 0x080055b4
                0x20000010                        _sbss = .
                0x20000010                        __bss_start__ = _sbss
 *(.bss)
 *(.bss*)
 .bss.completed.1
                0x20000010        0x1 E:/VSCODE_TOOL/Arm_gnu/13.3 rel1/bin/../lib/gcc/arm-none-eabi/13.3.1/thumb/v7e-m+fp/hard/crtbegin.o
 *fill*         0x20000011        0x3 
 .bss.object.0  0x20000014       0x18 E:/VSCODE_TOOL/Arm_gnu/13.3 rel1/bin/../lib/gcc/arm-none-eabi/13.3.1/thumb/v7e-m+fp/hard/crtbegin.o
 .bss.myBinarySem01Handle
                0x2000002c        0x4 build/app_freertos.o
                0x2000002c                myBinarySem01Handle
 .bss.Send_Rec_msgHandle
                0x20000030        0x4 build/app_freertos.o
                0x20000030                Send_Rec_msgHandle
 .bss.LcdShowHandle
                0x20000034        0x4 build/app_freertos.o
                0x20000034                LcdShowHandle
 .bss.defaultTaskHandle
                0x20000038        0x4 build/app_freertos.o
                0x20000038                defaultTaskHandle
 .bss.hdma_adc1
                0x2000003c       0x60 build/adc.o
                0x2000003c                hdma_adc1
 .bss.hadc1     0x2000009c       0x6c build/adc.o
                0x2000009c                hadc1
 .bss.hspi2     0x20000108       0x64 build/spi.o
                0x20000108                hspi2
 .bss.hspi1     0x2000016c       0x64 build/spi.o
                0x2000016c                hspi1
 .bss.htim7     0x200001d0       0x4c build/tim.o
                0x200001d0                htim7
 .bss.htim3     0x2000021c       0x4c build/tim.o
                0x2000021c                htim3
 .bss.htim2     0x20000268       0x4c build/tim.o
                0x20000268                htim2
 .bss.hdma_usart2_rx
                0x200002b4       0x60 build/usart.o
                0x200002b4                hdma_usart2_rx
 .bss.hdma_usart1_rx
                0x20000314       0x60 build/usart.o
                0x20000314                hdma_usart1_rx
 .bss.hdma_usart1_tx
                0x20000374       0x60 build/usart.o
                0x20000374                hdma_usart1_tx
 .bss.huart2    0x200003d4       0x94 build/usart.o
                0x200003d4                huart2
 .bss.huart1    0x20000468       0x94 build/usart.o
                0x20000468                huart1
 .bss.htim6     0x200004fc       0x4c build/stm32g4xx_hal_timebase_tim.o
                0x200004fc                htim6
 .bss.uwTick    0x20000548        0x4 build/stm32g4xx_hal.o
                0x20000548                uwTick
 .bss.uxSchedulerSuspended
                0x2000054c        0x4 build/tasks.o
 .bss.xIdleTaskHandle
                0x20000550        0x4 build/tasks.o
 .bss.xNextTaskUnblockTime
                0x20000554        0x4 build/tasks.o
 .bss.uxTaskNumber
                0x20000558        0x4 build/tasks.o
 .bss.xNumOfOverflows
                0x2000055c        0x4 build/tasks.o
 .bss.xYieldPending
                0x20000560        0x4 build/tasks.o
 .bss.xPendedTicks
                0x20000564        0x4 build/tasks.o
 .bss.xSchedulerRunning
                0x20000568        0x4 build/tasks.o
 .bss.uxTopReadyPriority
                0x2000056c        0x4 build/tasks.o
 .bss.xTickCount
                0x20000570        0x4 build/tasks.o
 .bss.uxCurrentNumberOfTasks
                0x20000574        0x4 build/tasks.o
 .bss.xSuspendedTaskList
                0x20000578       0x14 build/tasks.o
 .bss.uxDeletedTasksWaitingCleanUp
                0x2000058c        0x4 build/tasks.o
 .bss.xTasksWaitingTermination
                0x20000590       0x14 build/tasks.o
 .bss.xPendingReadyList
                0x200005a4       0x14 build/tasks.o
 .bss.pxOverflowDelayedTaskList
                0x200005b8        0x4 build/tasks.o
 .bss.pxDelayedTaskList
                0x200005bc        0x4 build/tasks.o
 .bss.xDelayedTaskList2
                0x200005c0       0x14 build/tasks.o
 .bss.xDelayedTaskList1
                0x200005d4       0x14 build/tasks.o
 .bss.pxReadyTasksLists
                0x200005e8       0x8c build/tasks.o
 .bss.pxCurrentTCB
                0x20000674        0x4 build/tasks.o
                0x20000674                pxCurrentTCB
 .bss.xBlockAllocatedBit
                0x20000678        0x4 build/heap_4.o
 .bss.xNumberOfSuccessfulFrees
                0x2000067c        0x4 build/heap_4.o
 .bss.xNumberOfSuccessfulAllocations
                0x20000680        0x4 build/heap_4.o
 .bss.xMinimumEverFreeBytesRemaining
                0x20000684        0x4 build/heap_4.o
 .bss.xFreeBytesRemaining
                0x20000688        0x4 build/heap_4.o
 .bss.pxEnd     0x2000068c        0x4 build/heap_4.o
 .bss.xStart    0x20000690        0x8 build/heap_4.o
 .bss.ucHeap    0x20000698      0xc00 build/heap_4.o
 .bss.ulMaxPRIGROUPValue
                0x20001298        0x4 build/port.o
 .bss.ucMaxSysCallPriority
                0x2000129c        0x1 build/port.o
 *(COMMON)
                0x200012a0                        . = ALIGN (0x4)
 *fill*         0x2000129d        0x3 
                0x200012a0                        _ebss = .
                0x200012a0                        __bss_end__ = _ebss

._user_heap_stack
                0x200012a0      0x600 load address 0x080055b4
                0x200012a0                        . = ALIGN (0x8)
                [!provide]                        PROVIDE (end = .)
                0x200012a0                        PROVIDE (_end = .)
                0x200014a0                        . = (. + _Min_Heap_Size)
 *fill*         0x200012a0      0x200 
                0x200018a0                        . = (. + _Min_Stack_Size)
 *fill*         0x200014a0      0x400 
                0x200018a0                        . = ALIGN (0x8)

/DISCARD/
 libc.a(*)
 libm.a(*)
 libgcc.a(*)

.ARM.attributes
                0x00000000       0x30
 *(.ARM.attributes)
 .ARM.attributes
                0x00000000       0x22 E:/VSCODE_TOOL/Arm_gnu/13.3 rel1/bin/../lib/gcc/arm-none-eabi/13.3.1/thumb/v7e-m+fp/hard/crti.o
 .ARM.attributes
                0x00000022       0x34 E:/VSCODE_TOOL/Arm_gnu/13.3 rel1/bin/../lib/gcc/arm-none-eabi/13.3.1/thumb/v7e-m+fp/hard/crtbegin.o
 .ARM.attributes
                0x00000056       0x34 build/main.o
 .ARM.attributes
                0x0000008a       0x34 build/gpio.o
 .ARM.attributes
                0x000000be       0x34 build/app_freertos.o
 .ARM.attributes
                0x000000f2       0x34 build/adc.o
 .ARM.attributes
                0x00000126       0x34 build/dma.o
 .ARM.attributes
                0x0000015a       0x34 build/spi.o
 .ARM.attributes
                0x0000018e       0x34 build/tim.o
 .ARM.attributes
                0x000001c2       0x34 build/usart.o
 .ARM.attributes
                0x000001f6       0x34 build/stm32g4xx_it.o
 .ARM.attributes
                0x0000022a       0x34 build/stm32g4xx_hal_msp.o
 .ARM.attributes
                0x0000025e       0x34 build/stm32g4xx_hal_timebase_tim.o
 .ARM.attributes
                0x00000292       0x34 build/stm32g4xx_hal_adc.o
 .ARM.attributes
                0x000002c6       0x34 build/stm32g4xx_hal_adc_ex.o
 .ARM.attributes
                0x000002fa       0x34 build/stm32g4xx_hal.o
 .ARM.attributes
                0x0000032e       0x34 build/stm32g4xx_hal_rcc.o
 .ARM.attributes
                0x00000362       0x34 build/stm32g4xx_hal_rcc_ex.o
 .ARM.attributes
                0x00000396       0x34 build/stm32g4xx_hal_gpio.o
 .ARM.attributes
                0x000003ca       0x34 build/stm32g4xx_hal_dma.o
 .ARM.attributes
                0x000003fe       0x34 build/stm32g4xx_hal_pwr_ex.o
 .ARM.attributes
                0x00000432       0x34 build/stm32g4xx_hal_cortex.o
 .ARM.attributes
                0x00000466       0x34 build/stm32g4xx_hal_spi.o
 .ARM.attributes
                0x0000049a       0x34 build/stm32g4xx_hal_tim.o
 .ARM.attributes
                0x000004ce       0x34 build/stm32g4xx_hal_tim_ex.o
 .ARM.attributes
                0x00000502       0x34 build/stm32g4xx_hal_uart.o
 .ARM.attributes
                0x00000536       0x34 build/stm32g4xx_hal_uart_ex.o
 .ARM.attributes
                0x0000056a       0x34 build/system_stm32g4xx.o
 .ARM.attributes
                0x0000059e       0x34 build/list.o
 .ARM.attributes
                0x000005d2       0x34 build/queue.o
 .ARM.attributes
                0x00000606       0x34 build/tasks.o
 .ARM.attributes
                0x0000063a       0x34 build/cmsis_os.o
 .ARM.attributes
                0x0000066e       0x34 build/heap_4.o
 .ARM.attributes
                0x000006a2       0x34 build/port.o
 .ARM.attributes
                0x000006d6       0x21 build/startup_stm32g431xx.o
 .ARM.attributes
                0x000006f7       0x34 E:/VSCODE_TOOL/Arm_gnu/13.3 rel1/bin/../lib/gcc/arm-none-eabi/13.3.1/thumb/v7e-m+fp/hard\libc_nano.a(libc_a-memset.o)
 .ARM.attributes
                0x0000072b       0x34 E:/VSCODE_TOOL/Arm_gnu/13.3 rel1/bin/../lib/gcc/arm-none-eabi/13.3.1/thumb/v7e-m+fp/hard\libc_nano.a(libc_a-init.o)
 .ARM.attributes
                0x0000075f       0x34 E:/VSCODE_TOOL/Arm_gnu/13.3 rel1/bin/../lib/gcc/arm-none-eabi/13.3.1/thumb/v7e-m+fp/hard\libc_nano.a(libc_a-memcpy-stub.o)
 .ARM.attributes
                0x00000793       0x22 E:/VSCODE_TOOL/Arm_gnu/13.3 rel1/bin/../lib/gcc/arm-none-eabi/13.3.1/thumb/v7e-m+fp/hard\libgcc.a(_aeabi_uldivmod.o)
 .ARM.attributes
                0x000007b5       0x34 E:/VSCODE_TOOL/Arm_gnu/13.3 rel1/bin/../lib/gcc/arm-none-eabi/13.3.1/thumb/v7e-m+fp/hard\libgcc.a(_udivmoddi4.o)
 .ARM.attributes
                0x000007e9       0x22 E:/VSCODE_TOOL/Arm_gnu/13.3 rel1/bin/../lib/gcc/arm-none-eabi/13.3.1/thumb/v7e-m+fp/hard\libgcc.a(_dvmd_tls.o)
 .ARM.attributes
                0x0000080b       0x34 E:/VSCODE_TOOL/Arm_gnu/13.3 rel1/bin/../lib/gcc/arm-none-eabi/13.3.1/thumb/v7e-m+fp/hard/crtend.o
 .ARM.attributes
                0x0000083f       0x22 E:/VSCODE_TOOL/Arm_gnu/13.3 rel1/bin/../lib/gcc/arm-none-eabi/13.3.1/thumb/v7e-m+fp/hard/crtn.o
OUTPUT(build/Bodyfeeling_Stick.elf elf32-littlearm)
LOAD linker stubs
LOAD E:/VSCODE_TOOL/Arm_gnu/13.3 rel1/bin/../lib/gcc/arm-none-eabi/13.3.1/thumb/v7e-m+fp/hard\libc.a
LOAD E:/VSCODE_TOOL/Arm_gnu/13.3 rel1/bin/../lib/gcc/arm-none-eabi/13.3.1/thumb/v7e-m+fp/hard\libm.a
LOAD E:/VSCODE_TOOL/Arm_gnu/13.3 rel1/bin/../lib/gcc/arm-none-eabi/13.3.1/thumb/v7e-m+fp/hard\libgcc.a

.debug_info     0x00000000    0x2e4b8
 .debug_info    0x00000000      0xd82 build/main.o
 .debug_info    0x00000d82      0x648 build/gpio.o
 .debug_info    0x000013ca      0x4b9 build/app_freertos.o
 .debug_info    0x00001883     0x134e build/adc.o
 .debug_info    0x00002bd1      0x66c build/dma.o
 .debug_info    0x0000323d      0xdd4 build/spi.o
 .debug_info    0x00004011     0x15b3 build/tim.o
 .debug_info    0x000055c4     0x1527 build/usart.o
 .debug_info    0x00006aeb      0xefb build/stm32g4xx_it.o
 .debug_info    0x000079e6      0x5cd build/stm32g4xx_hal_msp.o
 .debug_info    0x00007fb3      0xfd1 build/stm32g4xx_hal_timebase_tim.o
 .debug_info    0x00008f84     0x3892 build/stm32g4xx_hal_adc.o
 .debug_info    0x0000c816     0x3154 build/stm32g4xx_hal_adc_ex.o
 .debug_info    0x0000f96a      0xd0f build/stm32g4xx_hal.o
 .debug_info    0x00010679      0xffb build/stm32g4xx_hal_rcc.o
 .debug_info    0x00011674     0x1047 build/stm32g4xx_hal_rcc_ex.o
 .debug_info    0x000126bb      0x92d build/stm32g4xx_hal_gpio.o
 .debug_info    0x00012fe8      0xb00 build/stm32g4xx_hal_dma.o
 .debug_info    0x00013ae8      0xb1d build/stm32g4xx_hal_pwr_ex.o
 .debug_info    0x00014605     0x118d build/stm32g4xx_hal_cortex.o
 .debug_info    0x00015792     0x249b build/stm32g4xx_hal_spi.o
 .debug_info    0x00017c2d     0x449e build/stm32g4xx_hal_tim.o
 .debug_info    0x0001c0cb     0x28a3 build/stm32g4xx_hal_tim_ex.o
 .debug_info    0x0001e96e     0x6709 build/stm32g4xx_hal_uart.o
 .debug_info    0x00025077     0x1429 build/stm32g4xx_hal_uart_ex.o
 .debug_info    0x000264a0      0x649 build/system_stm32g4xx.o
 .debug_info    0x00026ae9      0x30f build/list.o
 .debug_info    0x00026df8     0x2104 build/queue.o
 .debug_info    0x00028efc     0x27d7 build/tasks.o
 .debug_info    0x0002b6d3     0x21e7 build/cmsis_os.o
 .debug_info    0x0002d8ba      0x60c build/heap_4.o
 .debug_info    0x0002dec6      0x5c2 build/port.o
 .debug_info    0x0002e488       0x30 build/startup_stm32g431xx.o

.debug_abbrev   0x00000000     0x5049
 .debug_abbrev  0x00000000      0x267 build/main.o
 .debug_abbrev  0x00000267      0x160 build/gpio.o
 .debug_abbrev  0x000003c7      0x178 build/app_freertos.o
 .debug_abbrev  0x0000053f      0x20f build/adc.o
 .debug_abbrev  0x0000074e      0x11d build/dma.o
 .debug_abbrev  0x0000086b      0x208 build/spi.o
 .debug_abbrev  0x00000a73      0x2b1 build/tim.o
 .debug_abbrev  0x00000d24      0x23a build/usart.o
 .debug_abbrev  0x00000f5e      0x193 build/stm32g4xx_it.o
 .debug_abbrev  0x000010f1      0x130 build/stm32g4xx_hal_msp.o
 .debug_abbrev  0x00001221      0x23c build/stm32g4xx_hal_timebase_tim.o
 .debug_abbrev  0x0000145d      0x345 build/stm32g4xx_hal_adc.o
 .debug_abbrev  0x000017a2      0x3db build/stm32g4xx_hal_adc_ex.o
 .debug_abbrev  0x00001b7d      0x298 build/stm32g4xx_hal.o
 .debug_abbrev  0x00001e15      0x2de build/stm32g4xx_hal_rcc.o
 .debug_abbrev  0x000020f3      0x290 build/stm32g4xx_hal_rcc_ex.o
 .debug_abbrev  0x00002383      0x222 build/stm32g4xx_hal_gpio.o
 .debug_abbrev  0x000025a5      0x250 build/stm32g4xx_hal_dma.o
 .debug_abbrev  0x000027f5      0x263 build/stm32g4xx_hal_pwr_ex.o
 .debug_abbrev  0x00002a58      0x3ca build/stm32g4xx_hal_cortex.o
 .debug_abbrev  0x00002e22      0x2b9 build/stm32g4xx_hal_spi.o
 .debug_abbrev  0x000030db      0x2cc build/stm32g4xx_hal_tim.o
 .debug_abbrev  0x000033a7      0x2db build/stm32g4xx_hal_tim_ex.o
 .debug_abbrev  0x00003682      0x35c build/stm32g4xx_hal_uart.o
 .debug_abbrev  0x000039de      0x351 build/stm32g4xx_hal_uart_ex.o
 .debug_abbrev  0x00003d2f      0x11b build/system_stm32g4xx.o
 .debug_abbrev  0x00003e4a      0x124 build/list.o
 .debug_abbrev  0x00003f6e      0x3d1 build/queue.o
 .debug_abbrev  0x0000433f      0x3cc build/tasks.o
 .debug_abbrev  0x0000470b      0x3f8 build/cmsis_os.o
 .debug_abbrev  0x00004b03      0x27a build/heap_4.o
 .debug_abbrev  0x00004d7d      0x2af build/port.o
 .debug_abbrev  0x0000502c       0x1d build/startup_stm32g431xx.o

.debug_loc      0x00000000    0x23e4a
 .debug_loc     0x00000000       0xd4 build/main.o
 .debug_loc     0x000000d4       0x38 build/gpio.o
 .debug_loc     0x0000010c      0x11a build/app_freertos.o
 .debug_loc     0x00000226      0x104 build/adc.o
 .debug_loc     0x0000032a       0x38 build/dma.o
 .debug_loc     0x00000362      0x186 build/spi.o
 .debug_loc     0x000004e8      0x28a build/tim.o
 .debug_loc     0x00000772      0x11e build/usart.o
 .debug_loc     0x00000890       0xe0 build/stm32g4xx_it.o
 .debug_loc     0x00000970       0x38 build/stm32g4xx_hal_msp.o
 .debug_loc     0x000009a8      0x120 build/stm32g4xx_hal_timebase_tim.o
 .debug_loc     0x00000ac8     0x2aa9 build/stm32g4xx_hal_adc.o
 .debug_loc     0x00003571     0x28d5 build/stm32g4xx_hal_adc_ex.o
 .debug_loc     0x00005e46      0x2cd build/stm32g4xx_hal.o
 .debug_loc     0x00006113      0x9db build/stm32g4xx_hal_rcc.o
 .debug_loc     0x00006aee     0x148f build/stm32g4xx_hal_rcc_ex.o
 .debug_loc     0x00007f7d      0x499 build/stm32g4xx_hal_gpio.o
 .debug_loc     0x00008416      0xa71 build/stm32g4xx_hal_dma.o
 .debug_loc     0x00008e87      0xa04 build/stm32g4xx_hal_pwr_ex.o
 .debug_loc     0x0000988b      0x8f1 build/stm32g4xx_hal_cortex.o
 .debug_loc     0x0000a17c     0x2d39 build/stm32g4xx_hal_spi.o
 .debug_loc     0x0000ceb5     0x6838 build/stm32g4xx_hal_tim.o
 .debug_loc     0x000136ed     0x35a3 build/stm32g4xx_hal_tim_ex.o
 .debug_loc     0x00016c90     0x645d build/stm32g4xx_hal_uart.o
 .debug_loc     0x0001d0ed      0xf19 build/stm32g4xx_hal_uart_ex.o
 .debug_loc     0x0001e006       0x9d build/system_stm32g4xx.o
 .debug_loc     0x0001e0a3       0xeb build/list.o
 .debug_loc     0x0001e18e     0x18eb build/queue.o
 .debug_loc     0x0001fa79     0x2251 build/tasks.o
 .debug_loc     0x00021cca     0x1a9e build/cmsis_os.o
 .debug_loc     0x00023768      0x51c build/heap_4.o
 .debug_loc     0x00023c84      0x1c6 build/port.o

.debug_aranges  0x00000000     0x1b10
 .debug_aranges
                0x00000000       0x38 build/main.o
 .debug_aranges
                0x00000038       0x20 build/gpio.o
 .debug_aranges
                0x00000058       0x38 build/app_freertos.o
 .debug_aranges
                0x00000090       0x30 build/adc.o
 .debug_aranges
                0x000000c0       0x20 build/dma.o
 .debug_aranges
                0x000000e0       0x38 build/spi.o
 .debug_aranges
                0x00000118       0x58 build/tim.o
 .debug_aranges
                0x00000170       0x38 build/usart.o
 .debug_aranges
                0x000001a8       0x80 build/stm32g4xx_it.o
 .debug_aranges
                0x00000228       0x20 build/stm32g4xx_hal_msp.o
 .debug_aranges
                0x00000248       0x30 build/stm32g4xx_hal_timebase_tim.o
 .debug_aranges
                0x00000278      0x120 build/stm32g4xx_hal_adc.o
 .debug_aranges
                0x00000398      0x100 build/stm32g4xx_hal_adc_ex.o
 .debug_aranges
                0x00000498      0x148 build/stm32g4xx_hal.o
 .debug_aranges
                0x000005e0       0x98 build/stm32g4xx_hal_rcc.o
 .debug_aranges
                0x00000678       0xb0 build/stm32g4xx_hal_rcc_ex.o
 .debug_aranges
                0x00000728       0x58 build/stm32g4xx_hal_gpio.o
 .debug_aranges
                0x00000780       0x90 build/stm32g4xx_hal_dma.o
 .debug_aranges
                0x00000810      0x140 build/stm32g4xx_hal_pwr_ex.o
 .debug_aranges
                0x00000950       0xf0 build/stm32g4xx_hal_cortex.o
 .debug_aranges
                0x00000a40      0x1d8 build/stm32g4xx_hal_spi.o
 .debug_aranges
                0x00000c18      0x3e0 build/stm32g4xx_hal_tim.o
 .debug_aranges
                0x00000ff8      0x240 build/stm32g4xx_hal_tim_ex.o
 .debug_aranges
                0x00001238      0x248 build/stm32g4xx_hal_uart.o
 .debug_aranges
                0x00001480       0xa8 build/stm32g4xx_hal_uart_ex.o
 .debug_aranges
                0x00001528       0x28 build/system_stm32g4xx.o
 .debug_aranges
                0x00001550       0x40 build/list.o
 .debug_aranges
                0x00001590       0xf8 build/queue.o
 .debug_aranges
                0x00001688      0x1b0 build/tasks.o
 .debug_aranges
                0x00001838      0x1d8 build/cmsis_os.o
 .debug_aranges
                0x00001a10       0x58 build/heap_4.o
 .debug_aranges
                0x00001a68       0x80 build/port.o
 .debug_aranges
                0x00001ae8       0x28 build/startup_stm32g431xx.o

.debug_ranges   0x00000000     0x1db0
 .debug_ranges  0x00000000       0x28 build/main.o
 .debug_ranges  0x00000028       0x10 build/gpio.o
 .debug_ranges  0x00000038       0x28 build/app_freertos.o
 .debug_ranges  0x00000060       0x20 build/adc.o
 .debug_ranges  0x00000080       0x10 build/dma.o
 .debug_ranges  0x00000090       0x28 build/spi.o
 .debug_ranges  0x000000b8       0x48 build/tim.o
 .debug_ranges  0x00000100       0x28 build/usart.o
 .debug_ranges  0x00000128       0x70 build/stm32g4xx_it.o
 .debug_ranges  0x00000198       0x10 build/stm32g4xx_hal_msp.o
 .debug_ranges  0x000001a8       0x20 build/stm32g4xx_hal_timebase_tim.o
 .debug_ranges  0x000001c8      0x2d8 build/stm32g4xx_hal_adc.o
 .debug_ranges  0x000004a0      0x1f8 build/stm32g4xx_hal_adc_ex.o
 .debug_ranges  0x00000698      0x138 build/stm32g4xx_hal.o
 .debug_ranges  0x000007d0       0xa0 build/stm32g4xx_hal_rcc.o
 .debug_ranges  0x00000870       0xb8 build/stm32g4xx_hal_rcc_ex.o
 .debug_ranges  0x00000928       0x48 build/stm32g4xx_hal_gpio.o
 .debug_ranges  0x00000970       0x80 build/stm32g4xx_hal_dma.o
 .debug_ranges  0x000009f0      0x130 build/stm32g4xx_hal_pwr_ex.o
 .debug_ranges  0x00000b20       0xe0 build/stm32g4xx_hal_cortex.o
 .debug_ranges  0x00000c00      0x1c8 build/stm32g4xx_hal_spi.o
 .debug_ranges  0x00000dc8      0x3d0 build/stm32g4xx_hal_tim.o
 .debug_ranges  0x00001198      0x230 build/stm32g4xx_hal_tim_ex.o
 .debug_ranges  0x000013c8      0x238 build/stm32g4xx_hal_uart.o
 .debug_ranges  0x00001600       0xb0 build/stm32g4xx_hal_uart_ex.o
 .debug_ranges  0x000016b0       0x18 build/system_stm32g4xx.o
 .debug_ranges  0x000016c8       0x30 build/list.o
 .debug_ranges  0x000016f8      0x1a0 build/queue.o
 .debug_ranges  0x00001898      0x260 build/tasks.o
 .debug_ranges  0x00001af8      0x1c8 build/cmsis_os.o
 .debug_ranges  0x00001cc0       0x48 build/heap_4.o
 .debug_ranges  0x00001d08       0x88 build/port.o
 .debug_ranges  0x00001d90       0x20 build/startup_stm32g431xx.o

.debug_line     0x00000000    0x1fbd4
 .debug_line    0x00000000      0x399 build/main.o
 .debug_line    0x00000399      0x205 build/gpio.o
 .debug_line    0x0000059e      0x223 build/app_freertos.o
 .debug_line    0x000007c1      0x481 build/adc.o
 .debug_line    0x00000c42      0x16b build/dma.o
 .debug_line    0x00000dad      0x3be build/spi.o
 .debug_line    0x0000116b      0x5c4 build/tim.o
 .debug_line    0x0000172f      0x5c4 build/usart.o
 .debug_line    0x00001cf3      0x2cd build/stm32g4xx_it.o
 .debug_line    0x00001fc0      0x18e build/stm32g4xx_hal_msp.o
 .debug_line    0x0000214e      0x2a1 build/stm32g4xx_hal_timebase_tim.o
 .debug_line    0x000023ef     0x230f build/stm32g4xx_hal_adc.o
 .debug_line    0x000046fe     0x1dca build/stm32g4xx_hal_adc_ex.o
 .debug_line    0x000064c8      0x6b1 build/stm32g4xx_hal.o
 .debug_line    0x00006b79      0xe71 build/stm32g4xx_hal_rcc.o
 .debug_line    0x000079ea      0xffe build/stm32g4xx_hal_rcc_ex.o
 .debug_line    0x000089e8      0x68c build/stm32g4xx_hal_gpio.o
 .debug_line    0x00009074      0xc1a build/stm32g4xx_hal_dma.o
 .debug_line    0x00009c8e      0xa14 build/stm32g4xx_hal_pwr_ex.o
 .debug_line    0x0000a6a2      0x7df build/stm32g4xx_hal_cortex.o
 .debug_line    0x0000ae81     0x2933 build/stm32g4xx_hal_spi.o
 .debug_line    0x0000d7b4     0x4d22 build/stm32g4xx_hal_tim.o
 .debug_line    0x000124d6     0x22b8 build/stm32g4xx_hal_tim_ex.o
 .debug_line    0x0001478e     0x4e60 build/stm32g4xx_hal_uart.o
 .debug_line    0x000195ee      0xa8a build/stm32g4xx_hal_uart_ex.o
 .debug_line    0x0001a078      0x220 build/system_stm32g4xx.o
 .debug_line    0x0001a298      0x335 build/list.o
 .debug_line    0x0001a5cd     0x175d build/queue.o
 .debug_line    0x0001bd2a     0x1f52 build/tasks.o
 .debug_line    0x0001dc7c     0x120e build/cmsis_os.o
 .debug_line    0x0001ee8a      0x6d3 build/heap_4.o
 .debug_line    0x0001f55d      0x603 build/port.o
 .debug_line    0x0001fb60       0x74 build/startup_stm32g431xx.o

.debug_str      0x00000000     0x8cb8
 .debug_str     0x00000000     0x8cb8 build/main.o
                                0xb2c (size before relaxing)
 .debug_str     0x00008cb8      0x395 build/gpio.o
 .debug_str     0x00008cb8      0x505 build/app_freertos.o
 .debug_str     0x00008cb8      0xc03 build/adc.o
 .debug_str     0x00008cb8      0x74f build/dma.o
 .debug_str     0x00008cb8      0x8de build/spi.o
 .debug_str     0x00008cb8     0x102e build/tim.o
 .debug_str     0x00008cb8     0x104b build/usart.o
 .debug_str     0x00008cb8      0xb8e build/stm32g4xx_it.o
 .debug_str     0x00008cb8      0x76b build/stm32g4xx_hal_msp.o
 .debug_str     0x00008cb8      0xec1 build/stm32g4xx_hal_timebase_tim.o
 .debug_str     0x00008cb8     0x12b2 build/stm32g4xx_hal_adc.o
 .debug_str     0x00008cb8     0x12ba build/stm32g4xx_hal_adc_ex.o
 .debug_str     0x00008cb8      0xc35 build/stm32g4xx_hal.o
 .debug_str     0x00008cb8      0x7f8 build/stm32g4xx_hal_rcc.o
 .debug_str     0x00008cb8      0x9df build/stm32g4xx_hal_rcc_ex.o
 .debug_str     0x00008cb8      0x509 build/stm32g4xx_hal_gpio.o
 .debug_str     0x00008cb8      0x76a build/stm32g4xx_hal_dma.o
 .debug_str     0x00008cb8      0x7ab build/stm32g4xx_hal_pwr_ex.o
 .debug_str     0x00008cb8      0xb8b build/stm32g4xx_hal_cortex.o
 .debug_str     0x00008cb8      0xcaf build/stm32g4xx_hal_spi.o
 .debug_str     0x00008cb8     0x186e build/stm32g4xx_hal_tim.o
 .debug_str     0x00008cb8     0x14e1 build/stm32g4xx_hal_tim_ex.o
 .debug_str     0x00008cb8     0x11f3 build/stm32g4xx_hal_uart.o
 .debug_str     0x00008cb8      0xb27 build/stm32g4xx_hal_uart_ex.o
 .debug_str     0x00008cb8      0x390 build/system_stm32g4xx.o
 .debug_str     0x00008cb8      0x2c7 build/list.o
 .debug_str     0x00008cb8      0xa1b build/queue.o
 .debug_str     0x00008cb8      0xe99 build/tasks.o
 .debug_str     0x00008cb8      0xdfc build/cmsis_os.o
 .debug_str     0x00008cb8      0x4e0 build/heap_4.o
 .debug_str     0x00008cb8      0x443 build/port.o
 .debug_str     0x00008cb8       0x47 build/startup_stm32g431xx.o

.comment        0x00000000       0x45
 .comment       0x00000000       0x45 build/main.o
                                 0x46 (size before relaxing)
 .comment       0x00000045       0x46 build/gpio.o
 .comment       0x00000045       0x46 build/app_freertos.o
 .comment       0x00000045       0x46 build/adc.o
 .comment       0x00000045       0x46 build/dma.o
 .comment       0x00000045       0x46 build/spi.o
 .comment       0x00000045       0x46 build/tim.o
 .comment       0x00000045       0x46 build/usart.o
 .comment       0x00000045       0x46 build/stm32g4xx_it.o
 .comment       0x00000045       0x46 build/stm32g4xx_hal_msp.o
 .comment       0x00000045       0x46 build/stm32g4xx_hal_timebase_tim.o
 .comment       0x00000045       0x46 build/stm32g4xx_hal_adc.o
 .comment       0x00000045       0x46 build/stm32g4xx_hal_adc_ex.o
 .comment       0x00000045       0x46 build/stm32g4xx_hal.o
 .comment       0x00000045       0x46 build/stm32g4xx_hal_rcc.o
 .comment       0x00000045       0x46 build/stm32g4xx_hal_rcc_ex.o
 .comment       0x00000045       0x46 build/stm32g4xx_hal_gpio.o
 .comment       0x00000045       0x46 build/stm32g4xx_hal_dma.o
 .comment       0x00000045       0x46 build/stm32g4xx_hal_pwr_ex.o
 .comment       0x00000045       0x46 build/stm32g4xx_hal_cortex.o
 .comment       0x00000045       0x46 build/stm32g4xx_hal_spi.o
 .comment       0x00000045       0x46 build/stm32g4xx_hal_tim.o
 .comment       0x00000045       0x46 build/stm32g4xx_hal_tim_ex.o
 .comment       0x00000045       0x46 build/stm32g4xx_hal_uart.o
 .comment       0x00000045       0x46 build/stm32g4xx_hal_uart_ex.o
 .comment       0x00000045       0x46 build/system_stm32g4xx.o
 .comment       0x00000045       0x46 build/list.o
 .comment       0x00000045       0x46 build/queue.o
 .comment       0x00000045       0x46 build/tasks.o
 .comment       0x00000045       0x46 build/cmsis_os.o
 .comment       0x00000045       0x46 build/heap_4.o
 .comment       0x00000045       0x46 build/port.o

.debug_frame    0x00000000     0x48f4
 .debug_frame   0x00000000       0x70 build/main.o
 .debug_frame   0x00000070       0x34 build/gpio.o
 .debug_frame   0x000000a4       0x78 build/app_freertos.o
 .debug_frame   0x0000011c       0x70 build/adc.o
 .debug_frame   0x0000018c       0x2c build/dma.o
 .debug_frame   0x000001b8       0x78 build/spi.o
 .debug_frame   0x00000230       0xf4 build/tim.o
 .debug_frame   0x00000324       0x7c build/usart.o
 .debug_frame   0x000003a0      0x118 build/stm32g4xx_it.o
 .debug_frame   0x000004b8       0x2c build/stm32g4xx_hal_msp.o
 .debug_frame   0x000004e4       0x54 build/stm32g4xx_hal_timebase_tim.o
 .debug_frame   0x00000538      0x340 build/stm32g4xx_hal_adc.o
 .debug_frame   0x00000878      0x2ec build/stm32g4xx_hal_adc_ex.o
 .debug_frame   0x00000b64      0x2a4 build/stm32g4xx_hal.o
 .debug_frame   0x00000e08      0x198 build/stm32g4xx_hal_rcc.o
 .debug_frame   0x00000fa0      0x1a0 build/stm32g4xx_hal_rcc_ex.o
 .debug_frame   0x00001140       0xd0 build/stm32g4xx_hal_gpio.o
 .debug_frame   0x00001210      0x170 build/stm32g4xx_hal_dma.o
 .debug_frame   0x00001380      0x268 build/stm32g4xx_hal_pwr_ex.o
 .debug_frame   0x000015e8      0x204 build/stm32g4xx_hal_cortex.o
 .debug_frame   0x000017ec      0x5f8 build/stm32g4xx_hal_spi.o
 .debug_frame   0x00001de4      0xb58 build/stm32g4xx_hal_tim.o
 .debug_frame   0x0000293c      0x618 build/stm32g4xx_hal_tim_ex.o
 .debug_frame   0x00002f54      0x67c build/stm32g4xx_hal_uart.o
 .debug_frame   0x000035d0      0x1d8 build/stm32g4xx_hal_uart_ex.o
 .debug_frame   0x000037a8       0x30 build/system_stm32g4xx.o
 .debug_frame   0x000037d8       0x70 build/list.o
 .debug_frame   0x00003848      0x314 build/queue.o
 .debug_frame   0x00003b5c      0x568 build/tasks.o
 .debug_frame   0x000040c4      0x57c build/cmsis_os.o
 .debug_frame   0x00004640       0xd0 build/heap_4.o
 .debug_frame   0x00004710      0x110 build/port.o
 .debug_frame   0x00004820       0x20 E:/VSCODE_TOOL/Arm_gnu/13.3 rel1/bin/../lib/gcc/arm-none-eabi/13.3.1/thumb/v7e-m+fp/hard\libc_nano.a(libc_a-memset.o)
 .debug_frame   0x00004840       0x2c E:/VSCODE_TOOL/Arm_gnu/13.3 rel1/bin/../lib/gcc/arm-none-eabi/13.3.1/thumb/v7e-m+fp/hard\libc_nano.a(libc_a-init.o)
 .debug_frame   0x0000486c       0x28 E:/VSCODE_TOOL/Arm_gnu/13.3 rel1/bin/../lib/gcc/arm-none-eabi/13.3.1/thumb/v7e-m+fp/hard\libc_nano.a(libc_a-memcpy-stub.o)
 .debug_frame   0x00004894       0x2c E:/VSCODE_TOOL/Arm_gnu/13.3 rel1/bin/../lib/gcc/arm-none-eabi/13.3.1/thumb/v7e-m+fp/hard\libgcc.a(_aeabi_uldivmod.o)
 .debug_frame   0x000048c0       0x34 E:/VSCODE_TOOL/Arm_gnu/13.3 rel1/bin/../lib/gcc/arm-none-eabi/13.3.1/thumb/v7e-m+fp/hard\libgcc.a(_udivmoddi4.o)

.debug_line_str
                0x00000000       0xd5
 .debug_line_str
                0x00000000       0xd5 E:/VSCODE_TOOL/Arm_gnu/13.3 rel1/bin/../lib/gcc/arm-none-eabi/13.3.1/thumb/v7e-m+fp/hard\libgcc.a(_aeabi_uldivmod.o)
                                 0xc9 (size before relaxing)
 .debug_line_str
                0x000000d5       0xcd E:/VSCODE_TOOL/Arm_gnu/13.3 rel1/bin/../lib/gcc/arm-none-eabi/13.3.1/thumb/v7e-m+fp/hard\libgcc.a(_dvmd_tls.o)

Cross Reference Table

Symbol                                            File
ADC1_2_IRQHandler                                 build/startup_stm32g431xx.o
ADC_ConversionStop                                build/stm32g4xx_hal_adc.o
                                                  build/stm32g4xx_hal_adc_ex.o
ADC_DMAConvCplt                                   build/stm32g4xx_hal_adc.o
                                                  build/stm32g4xx_hal_adc_ex.o
ADC_DMAError                                      build/stm32g4xx_hal_adc.o
                                                  build/stm32g4xx_hal_adc_ex.o
ADC_DMAHalfConvCplt                               build/stm32g4xx_hal_adc.o
                                                  build/stm32g4xx_hal_adc_ex.o
ADC_Disable                                       build/stm32g4xx_hal_adc.o
                                                  build/stm32g4xx_hal_adc_ex.o
ADC_Enable                                        build/stm32g4xx_hal_adc.o
                                                  build/stm32g4xx_hal_adc_ex.o
AHBPrescTable                                     build/system_stm32g4xx.o
                                                  build/stm32g4xx_hal_rcc.o
APBPrescTable                                     build/system_stm32g4xx.o
                                                  build/stm32g4xx_hal_rcc.o
BusFault_Handler                                  build/stm32g4xx_it.o
COMP1_2_3_IRQHandler                              build/startup_stm32g431xx.o
COMP4_IRQHandler                                  build/startup_stm32g431xx.o
CORDIC_IRQHandler                                 build/startup_stm32g431xx.o
CRS_IRQHandler                                    build/startup_stm32g431xx.o
DMA1_Channel1_IRQHandler                          build/stm32g4xx_it.o
DMA1_Channel2_IRQHandler                          build/startup_stm32g431xx.o
DMA1_Channel3_IRQHandler                          build/startup_stm32g431xx.o
DMA1_Channel4_IRQHandler                          build/stm32g4xx_it.o
DMA1_Channel5_IRQHandler                          build/stm32g4xx_it.o
DMA1_Channel6_IRQHandler                          build/stm32g4xx_it.o
DMA2_Channel1_IRQHandler                          build/startup_stm32g431xx.o
DMA2_Channel2_IRQHandler                          build/startup_stm32g431xx.o
DMA2_Channel3_IRQHandler                          build/startup_stm32g431xx.o
DMA2_Channel4_IRQHandler                          build/startup_stm32g431xx.o
DMA2_Channel5_IRQHandler                          build/startup_stm32g431xx.o
DMA2_Channel6_IRQHandler                          build/startup_stm32g431xx.o
DMAMUX_OVR_IRQHandler                             build/startup_stm32g431xx.o
DebugMon_Handler                                  build/stm32g4xx_it.o
Default_Handler                                   build/startup_stm32g431xx.o
EXTI0_IRQHandler                                  build/startup_stm32g431xx.o
EXTI15_10_IRQHandler                              build/startup_stm32g431xx.o
EXTI1_IRQHandler                                  build/startup_stm32g431xx.o
EXTI2_IRQHandler                                  build/startup_stm32g431xx.o
EXTI3_IRQHandler                                  build/startup_stm32g431xx.o
EXTI4_IRQHandler                                  build/startup_stm32g431xx.o
EXTI9_5_IRQHandler                                build/startup_stm32g431xx.o
Error_Handler                                     build/main.o
                                                  build/usart.o
                                                  build/tim.o
                                                  build/spi.o
                                                  build/adc.o
FDCAN1_IT0_IRQHandler                             build/startup_stm32g431xx.o
FDCAN1_IT1_IRQHandler                             build/startup_stm32g431xx.o
FLASH_FlushCaches                                 build/stm32g4xx_hal_flash_ex.o
                                                  build/stm32g4xx_hal_flash.o
FLASH_IRQHandler                                  build/startup_stm32g431xx.o
FLASH_PageErase                                   build/stm32g4xx_hal_flash_ex.o
                                                  build/stm32g4xx_hal_flash.o
FLASH_WaitForLastOperation                        build/stm32g4xx_hal_flash.o
                                                  build/stm32g4xx_hal_flash_ex.o
FMAC_IRQHandler                                   build/startup_stm32g431xx.o
FPU_IRQHandler                                    build/startup_stm32g431xx.o
HAL_ADCEx_Calibration_GetValue                    build/stm32g4xx_hal_adc_ex.o
HAL_ADCEx_Calibration_SetValue                    build/stm32g4xx_hal_adc_ex.o
HAL_ADCEx_Calibration_Start                       build/stm32g4xx_hal_adc_ex.o
HAL_ADCEx_DisableInjectedQueue                    build/stm32g4xx_hal_adc_ex.o
HAL_ADCEx_DisableVoltageRegulator                 build/stm32g4xx_hal_adc_ex.o
HAL_ADCEx_EnableInjectedQueue                     build/stm32g4xx_hal_adc_ex.o
HAL_ADCEx_EndOfSamplingCallback                   build/stm32g4xx_hal_adc_ex.o
                                                  build/stm32g4xx_hal_adc.o
HAL_ADCEx_EnterADCDeepPowerDownMode               build/stm32g4xx_hal_adc_ex.o
HAL_ADCEx_InjectedConfigChannel                   build/stm32g4xx_hal_adc_ex.o
HAL_ADCEx_InjectedConvCpltCallback                build/stm32g4xx_hal_adc_ex.o
                                                  build/stm32g4xx_hal_adc.o
HAL_ADCEx_InjectedGetValue                        build/stm32g4xx_hal_adc_ex.o
HAL_ADCEx_InjectedPollForConversion               build/stm32g4xx_hal_adc_ex.o
HAL_ADCEx_InjectedQueueOverflowCallback           build/stm32g4xx_hal_adc_ex.o
                                                  build/stm32g4xx_hal_adc.o
HAL_ADCEx_InjectedStart                           build/stm32g4xx_hal_adc_ex.o
HAL_ADCEx_InjectedStart_IT                        build/stm32g4xx_hal_adc_ex.o
HAL_ADCEx_InjectedStop                            build/stm32g4xx_hal_adc_ex.o
HAL_ADCEx_InjectedStop_IT                         build/stm32g4xx_hal_adc_ex.o
HAL_ADCEx_LevelOutOfWindow2Callback               build/stm32g4xx_hal_adc_ex.o
                                                  build/stm32g4xx_hal_adc.o
HAL_ADCEx_LevelOutOfWindow3Callback               build/stm32g4xx_hal_adc_ex.o
                                                  build/stm32g4xx_hal_adc.o
HAL_ADCEx_MultiModeConfigChannel                  build/stm32g4xx_hal_adc_ex.o
                                                  build/adc.o
HAL_ADCEx_MultiModeGetValue                       build/stm32g4xx_hal_adc_ex.o
HAL_ADCEx_MultiModeStart_DMA                      build/stm32g4xx_hal_adc_ex.o
HAL_ADCEx_MultiModeStop_DMA                       build/stm32g4xx_hal_adc_ex.o
HAL_ADCEx_RegularMultiModeStop_DMA                build/stm32g4xx_hal_adc_ex.o
HAL_ADCEx_RegularStop                             build/stm32g4xx_hal_adc_ex.o
HAL_ADCEx_RegularStop_DMA                         build/stm32g4xx_hal_adc_ex.o
HAL_ADCEx_RegularStop_IT                          build/stm32g4xx_hal_adc_ex.o
HAL_ADC_AnalogWDGConfig                           build/stm32g4xx_hal_adc.o
HAL_ADC_ConfigChannel                             build/stm32g4xx_hal_adc.o
                                                  build/adc.o
HAL_ADC_ConvCpltCallback                          build/stm32g4xx_hal_adc.o
HAL_ADC_ConvHalfCpltCallback                      build/stm32g4xx_hal_adc.o
HAL_ADC_DeInit                                    build/stm32g4xx_hal_adc.o
HAL_ADC_ErrorCallback                             build/stm32g4xx_hal_adc.o
HAL_ADC_GetError                                  build/stm32g4xx_hal_adc.o
HAL_ADC_GetState                                  build/stm32g4xx_hal_adc.o
HAL_ADC_GetValue                                  build/stm32g4xx_hal_adc.o
HAL_ADC_IRQHandler                                build/stm32g4xx_hal_adc.o
HAL_ADC_Init                                      build/stm32g4xx_hal_adc.o
                                                  build/adc.o
HAL_ADC_LevelOutOfWindowCallback                  build/stm32g4xx_hal_adc.o
HAL_ADC_MspDeInit                                 build/adc.o
HAL_ADC_MspInit                                   build/adc.o
HAL_ADC_PollForConversion                         build/stm32g4xx_hal_adc.o
HAL_ADC_PollForEvent                              build/stm32g4xx_hal_adc.o
HAL_ADC_Start                                     build/stm32g4xx_hal_adc.o
HAL_ADC_StartSampling                             build/stm32g4xx_hal_adc.o
HAL_ADC_Start_DMA                                 build/stm32g4xx_hal_adc.o
HAL_ADC_Start_IT                                  build/stm32g4xx_hal_adc.o
HAL_ADC_Stop                                      build/stm32g4xx_hal_adc.o
HAL_ADC_StopSampling                              build/stm32g4xx_hal_adc.o
HAL_ADC_Stop_DMA                                  build/stm32g4xx_hal_adc.o
HAL_ADC_Stop_IT                                   build/stm32g4xx_hal_adc.o
HAL_DBGMCU_DisableDBGSleepMode                    build/stm32g4xx_hal.o
HAL_DBGMCU_DisableDBGStandbyMode                  build/stm32g4xx_hal.o
HAL_DBGMCU_DisableDBGStopMode                     build/stm32g4xx_hal.o
HAL_DBGMCU_EnableDBGSleepMode                     build/stm32g4xx_hal.o
HAL_DBGMCU_EnableDBGStandbyMode                   build/stm32g4xx_hal.o
HAL_DBGMCU_EnableDBGStopMode                      build/stm32g4xx_hal.o
HAL_DMAEx_ConfigMuxRequestGenerator               build/stm32g4xx_hal_dma_ex.o
HAL_DMAEx_ConfigMuxSync                           build/stm32g4xx_hal_dma_ex.o
HAL_DMAEx_DisableMuxRequestGenerator              build/stm32g4xx_hal_dma_ex.o
HAL_DMAEx_EnableMuxRequestGenerator               build/stm32g4xx_hal_dma_ex.o
HAL_DMAEx_MUX_IRQHandler                          build/stm32g4xx_hal_dma_ex.o
HAL_DMA_Abort                                     build/stm32g4xx_hal_dma.o
                                                  build/stm32g4xx_hal_uart.o
                                                  build/stm32g4xx_hal_spi.o
                                                  build/stm32g4xx_hal_adc_ex.o
                                                  build/stm32g4xx_hal_adc.o
HAL_DMA_Abort_IT                                  build/stm32g4xx_hal_dma.o
                                                  build/stm32g4xx_hal_uart.o
                                                  build/stm32g4xx_hal_tim_ex.o
                                                  build/stm32g4xx_hal_tim.o
                                                  build/stm32g4xx_hal_spi.o
HAL_DMA_DeInit                                    build/stm32g4xx_hal_dma.o
                                                  build/usart.o
                                                  build/adc.o
HAL_DMA_GetError                                  build/stm32g4xx_hal_dma.o
                                                  build/stm32g4xx_hal_uart.o
HAL_DMA_GetState                                  build/stm32g4xx_hal_dma.o
HAL_DMA_IRQHandler                                build/stm32g4xx_hal_dma.o
                                                  build/stm32g4xx_it.o
HAL_DMA_Init                                      build/stm32g4xx_hal_dma.o
                                                  build/usart.o
                                                  build/adc.o
HAL_DMA_PollForTransfer                           build/stm32g4xx_hal_dma.o
HAL_DMA_RegisterCallback                          build/stm32g4xx_hal_dma.o
HAL_DMA_Start                                     build/stm32g4xx_hal_dma.o
HAL_DMA_Start_IT                                  build/stm32g4xx_hal_dma.o
                                                  build/stm32g4xx_hal_uart.o
                                                  build/stm32g4xx_hal_tim_ex.o
                                                  build/stm32g4xx_hal_tim.o
                                                  build/stm32g4xx_hal_spi.o
                                                  build/stm32g4xx_hal_adc_ex.o
                                                  build/stm32g4xx_hal_adc.o
HAL_DMA_UnRegisterCallback                        build/stm32g4xx_hal_dma.o
HAL_DeInit                                        build/stm32g4xx_hal.o
HAL_Delay                                         build/stm32g4xx_hal.o
HAL_EXTI_ClearConfigLine                          build/stm32g4xx_hal_exti.o
HAL_EXTI_ClearPending                             build/stm32g4xx_hal_exti.o
HAL_EXTI_GenerateSWI                              build/stm32g4xx_hal_exti.o
HAL_EXTI_GetConfigLine                            build/stm32g4xx_hal_exti.o
HAL_EXTI_GetHandle                                build/stm32g4xx_hal_exti.o
HAL_EXTI_GetPending                               build/stm32g4xx_hal_exti.o
HAL_EXTI_IRQHandler                               build/stm32g4xx_hal_exti.o
HAL_EXTI_RegisterCallback                         build/stm32g4xx_hal_exti.o
HAL_EXTI_SetConfigLine                            build/stm32g4xx_hal_exti.o
HAL_FLASHEx_DisableDebugger                       build/stm32g4xx_hal_flash_ex.o
HAL_FLASHEx_DisableRunPowerDown                   build/stm32g4xx_hal_flash_ramfunc.o
HAL_FLASHEx_EnableDebugger                        build/stm32g4xx_hal_flash_ex.o
HAL_FLASHEx_EnableRunPowerDown                    build/stm32g4xx_hal_flash_ramfunc.o
HAL_FLASHEx_EnableSecMemProtection                build/stm32g4xx_hal_flash_ex.o
HAL_FLASHEx_Erase                                 build/stm32g4xx_hal_flash_ex.o
HAL_FLASHEx_Erase_IT                              build/stm32g4xx_hal_flash_ex.o
HAL_FLASHEx_OBGetConfig                           build/stm32g4xx_hal_flash_ex.o
HAL_FLASHEx_OBProgram                             build/stm32g4xx_hal_flash_ex.o
HAL_FLASH_EndOfOperationCallback                  build/stm32g4xx_hal_flash.o
HAL_FLASH_GetError                                build/stm32g4xx_hal_flash.o
HAL_FLASH_IRQHandler                              build/stm32g4xx_hal_flash.o
HAL_FLASH_Lock                                    build/stm32g4xx_hal_flash.o
HAL_FLASH_OB_Launch                               build/stm32g4xx_hal_flash.o
HAL_FLASH_OB_Lock                                 build/stm32g4xx_hal_flash.o
HAL_FLASH_OB_Unlock                               build/stm32g4xx_hal_flash.o
HAL_FLASH_OperationErrorCallback                  build/stm32g4xx_hal_flash.o
HAL_FLASH_Program                                 build/stm32g4xx_hal_flash.o
HAL_FLASH_Program_IT                              build/stm32g4xx_hal_flash.o
HAL_FLASH_Unlock                                  build/stm32g4xx_hal_flash.o
HAL_GPIO_DeInit                                   build/stm32g4xx_hal_gpio.o
                                                  build/usart.o
                                                  build/spi.o
                                                  build/adc.o
HAL_GPIO_EXTI_Callback                            build/stm32g4xx_hal_gpio.o
HAL_GPIO_EXTI_IRQHandler                          build/stm32g4xx_hal_gpio.o
HAL_GPIO_Init                                     build/stm32g4xx_hal_gpio.o
                                                  build/stm32g4xx_hal_rcc_ex.o
                                                  build/stm32g4xx_hal_rcc.o
                                                  build/usart.o
                                                  build/tim.o
                                                  build/spi.o
                                                  build/adc.o
                                                  build/gpio.o
HAL_GPIO_LockPin                                  build/stm32g4xx_hal_gpio.o
HAL_GPIO_ReadPin                                  build/stm32g4xx_hal_gpio.o
HAL_GPIO_TogglePin                                build/stm32g4xx_hal_gpio.o
HAL_GPIO_WritePin                                 build/stm32g4xx_hal_gpio.o
                                                  build/gpio.o
HAL_GetDEVID                                      build/stm32g4xx_hal.o
HAL_GetHalVersion                                 build/stm32g4xx_hal.o
HAL_GetREVID                                      build/stm32g4xx_hal.o
HAL_GetTick                                       build/stm32g4xx_hal.o
                                                  build/stm32g4xx_hal_uart_ex.o
                                                  build/stm32g4xx_hal_uart.o
                                                  build/stm32g4xx_hal_tim_ex.o
                                                  build/stm32g4xx_hal_spi.o
                                                  build/stm32g4xx_hal_dma.o
                                                  build/stm32g4xx_hal_flash.o
                                                  build/stm32g4xx_hal_rcc_ex.o
                                                  build/stm32g4xx_hal_rcc.o
                                                  build/stm32g4xx_hal_adc_ex.o
                                                  build/stm32g4xx_hal_adc.o
HAL_GetTickFreq                                   build/stm32g4xx_hal.o
HAL_GetTickPrio                                   build/stm32g4xx_hal.o
HAL_GetUIDw0                                      build/stm32g4xx_hal.o
HAL_GetUIDw1                                      build/stm32g4xx_hal.o
HAL_GetUIDw2                                      build/stm32g4xx_hal.o
HAL_HalfDuplex_EnableReceiver                     build/stm32g4xx_hal_uart.o
HAL_HalfDuplex_EnableTransmitter                  build/stm32g4xx_hal_uart.o
HAL_HalfDuplex_Init                               build/stm32g4xx_hal_uart.o
HAL_IncTick                                       build/stm32g4xx_hal.o
                                                  build/main.o
HAL_Init                                          build/stm32g4xx_hal.o
                                                  build/main.o
HAL_InitTick                                      build/stm32g4xx_hal_timebase_tim.o
                                                  build/stm32g4xx_hal_rcc.o
HAL_LIN_Init                                      build/stm32g4xx_hal_uart.o
HAL_LIN_SendBreak                                 build/stm32g4xx_hal_uart.o
HAL_MPU_ConfigRegion                              build/stm32g4xx_hal_cortex.o
HAL_MPU_Disable                                   build/stm32g4xx_hal_cortex.o
HAL_MPU_DisableRegion                             build/stm32g4xx_hal_cortex.o
HAL_MPU_Enable                                    build/stm32g4xx_hal_cortex.o
HAL_MPU_EnableRegion                              build/stm32g4xx_hal_cortex.o
HAL_MspDeInit                                     build/stm32g4xx_hal.o
HAL_MspInit                                       build/stm32g4xx_hal_msp.o
HAL_MultiProcessorEx_AddressLength_Set            build/stm32g4xx_hal_uart_ex.o
HAL_MultiProcessor_DisableMuteMode                build/stm32g4xx_hal_uart.o
HAL_MultiProcessor_EnableMuteMode                 build/stm32g4xx_hal_uart.o
HAL_MultiProcessor_EnterMuteMode                  build/stm32g4xx_hal_uart.o
HAL_MultiProcessor_Init                           build/stm32g4xx_hal_uart.o
HAL_NVIC_ClearPendingIRQ                          build/stm32g4xx_hal_cortex.o
HAL_NVIC_DisableIRQ                               build/stm32g4xx_hal_cortex.o
                                                  build/usart.o
                                                  build/tim.o
HAL_NVIC_EnableIRQ                                build/stm32g4xx_hal_cortex.o
                                                  build/stm32g4xx_hal_timebase_tim.o
                                                  build/usart.o
                                                  build/tim.o
                                                  build/dma.o
HAL_NVIC_GetActive                                build/stm32g4xx_hal_cortex.o
HAL_NVIC_GetPendingIRQ                            build/stm32g4xx_hal_cortex.o
HAL_NVIC_GetPriority                              build/stm32g4xx_hal_cortex.o
HAL_NVIC_GetPriorityGrouping                      build/stm32g4xx_hal_cortex.o
HAL_NVIC_SetPendingIRQ                            build/stm32g4xx_hal_cortex.o
HAL_NVIC_SetPriority                              build/stm32g4xx_hal_cortex.o
                                                  build/stm32g4xx_hal.o
                                                  build/stm32g4xx_hal_timebase_tim.o
                                                  build/stm32g4xx_hal_msp.o
                                                  build/usart.o
                                                  build/tim.o
                                                  build/dma.o
HAL_NVIC_SetPriorityGrouping                      build/stm32g4xx_hal_cortex.o
                                                  build/stm32g4xx_hal.o
HAL_NVIC_SystemReset                              build/stm32g4xx_hal_cortex.o
HAL_PWREx_ConfigPVM                               build/stm32g4xx_hal_pwr_ex.o
HAL_PWREx_ControlVoltageScaling                   build/stm32g4xx_hal_pwr_ex.o
                                                  build/main.o
HAL_PWREx_DisableBatteryCharging                  build/stm32g4xx_hal_pwr_ex.o
HAL_PWREx_DisableGPIOPullDown                     build/stm32g4xx_hal_pwr_ex.o
HAL_PWREx_DisableGPIOPullUp                       build/stm32g4xx_hal_pwr_ex.o
HAL_PWREx_DisableInternalWakeUpLine               build/stm32g4xx_hal_pwr_ex.o
HAL_PWREx_DisableLowPowerRunMode                  build/stm32g4xx_hal_pwr_ex.o
                                                  build/stm32g4xx_hal_pwr.o
HAL_PWREx_DisablePVM1                             build/stm32g4xx_hal_pwr_ex.o
HAL_PWREx_DisablePVM2                             build/stm32g4xx_hal_pwr_ex.o
HAL_PWREx_DisablePVM3                             build/stm32g4xx_hal_pwr_ex.o
HAL_PWREx_DisablePVM4                             build/stm32g4xx_hal_pwr_ex.o
HAL_PWREx_DisablePullUpPullDownConfig             build/stm32g4xx_hal_pwr_ex.o
HAL_PWREx_DisableSRAM2ContentRetention            build/stm32g4xx_hal_pwr_ex.o
HAL_PWREx_DisableUCPDDeadBattery                  build/stm32g4xx_hal_pwr_ex.o
                                                  build/stm32g4xx_hal_msp.o
HAL_PWREx_DisableUCPDStandbyMode                  build/stm32g4xx_hal_pwr_ex.o
HAL_PWREx_EnableBatteryCharging                   build/stm32g4xx_hal_pwr_ex.o
HAL_PWREx_EnableGPIOPullDown                      build/stm32g4xx_hal_pwr_ex.o
HAL_PWREx_EnableGPIOPullUp                        build/stm32g4xx_hal_pwr_ex.o
HAL_PWREx_EnableInternalWakeUpLine                build/stm32g4xx_hal_pwr_ex.o
HAL_PWREx_EnableLowPowerRunMode                   build/stm32g4xx_hal_pwr_ex.o
                                                  build/stm32g4xx_hal_pwr.o
HAL_PWREx_EnablePVM1                              build/stm32g4xx_hal_pwr_ex.o
HAL_PWREx_EnablePVM2                              build/stm32g4xx_hal_pwr_ex.o
HAL_PWREx_EnablePVM3                              build/stm32g4xx_hal_pwr_ex.o
HAL_PWREx_EnablePVM4                              build/stm32g4xx_hal_pwr_ex.o
HAL_PWREx_EnablePullUpPullDownConfig              build/stm32g4xx_hal_pwr_ex.o
HAL_PWREx_EnableSRAM2ContentRetention             build/stm32g4xx_hal_pwr_ex.o
HAL_PWREx_EnableUCPDDeadBattery                   build/stm32g4xx_hal_pwr_ex.o
HAL_PWREx_EnableUCPDStandbyMode                   build/stm32g4xx_hal_pwr_ex.o
HAL_PWREx_EnterSHUTDOWNMode                       build/stm32g4xx_hal_pwr_ex.o
HAL_PWREx_EnterSTOP0Mode                          build/stm32g4xx_hal_pwr_ex.o
                                                  build/stm32g4xx_hal_pwr.o
HAL_PWREx_EnterSTOP1Mode                          build/stm32g4xx_hal_pwr_ex.o
                                                  build/stm32g4xx_hal_pwr.o
HAL_PWREx_GetVoltageRange                         build/stm32g4xx_hal_pwr_ex.o
HAL_PWREx_PVD_PVM_IRQHandler                      build/stm32g4xx_hal_pwr_ex.o
HAL_PWREx_PVM1Callback                            build/stm32g4xx_hal_pwr_ex.o
HAL_PWREx_PVM2Callback                            build/stm32g4xx_hal_pwr_ex.o
HAL_PWREx_PVM3Callback                            build/stm32g4xx_hal_pwr_ex.o
HAL_PWREx_PVM4Callback                            build/stm32g4xx_hal_pwr_ex.o
HAL_PWR_ConfigPVD                                 build/stm32g4xx_hal_pwr.o
HAL_PWR_DeInit                                    build/stm32g4xx_hal_pwr.o
HAL_PWR_DisableBkUpAccess                         build/stm32g4xx_hal_pwr.o
                                                  build/stm32g4xx_hal_rcc_ex.o
HAL_PWR_DisablePVD                                build/stm32g4xx_hal_pwr.o
HAL_PWR_DisableSEVOnPend                          build/stm32g4xx_hal_pwr.o
HAL_PWR_DisableSleepOnExit                        build/stm32g4xx_hal_pwr.o
HAL_PWR_DisableWakeUpPin                          build/stm32g4xx_hal_pwr.o
HAL_PWR_EnableBkUpAccess                          build/stm32g4xx_hal_pwr.o
                                                  build/stm32g4xx_hal_rcc_ex.o
HAL_PWR_EnablePVD                                 build/stm32g4xx_hal_pwr.o
HAL_PWR_EnableSEVOnPend                           build/stm32g4xx_hal_pwr.o
HAL_PWR_EnableSleepOnExit                         build/stm32g4xx_hal_pwr.o
HAL_PWR_EnableWakeUpPin                           build/stm32g4xx_hal_pwr.o
HAL_PWR_EnterSLEEPMode                            build/stm32g4xx_hal_pwr.o
HAL_PWR_EnterSTANDBYMode                          build/stm32g4xx_hal_pwr.o
HAL_PWR_EnterSTOPMode                             build/stm32g4xx_hal_pwr.o